Microchip MPLAB XC8 Compiler V1.34 ()

Linker command line:

-W-3 --edf=C:\Program Files (x86)\Microchip\xc8\v1.34\dat\en_msgs.txt -cs \
  -h+dist/default/debug\ver5.debug.sym \
  --cmf=dist/default/debug\ver5.debug.cmf -z -Q16F877A \
  -oC:\Users\CHATHU~1\AppData\Local\Temp\s6ao.6 \
  -Mdist/default/debug/ver5.debug.map -E1 -ver=XC8 -ASTACK=0110h-016fh \
  -pstack=STACK -ACODE=00h-07FFhx3,01800h-01EFFh -ASTRCODE=00h-01EFFh \
  -ASTRING=00h-0FFhx31 -ACONST=00h-0FFhx31 -AENTRY=00h-0FFhx31 \
  -ACOMMON=071h-07Fh -ABANK0=020h-06Fh -ABANK1=0A0h-0EFh \
  -ABANK2=0110h-016Fh -ABANK3=0190h-01E4h \
  -ARAM=020h-06Fh,0A0h-0EFh,0110h-016Fh,0190h-01E4h \
  -AABS1=020h-07Fh,0A0h-0EFh,0110h-016Fh,0190h-01EFh -ASFR0=00h-01Fh \
  -ASFR1=080h-09Fh -ASFR2=0100h-010Fh -ASFR3=0180h-018Fh \
  -preset_vec=00h,intentry=04h,init,end_init -ppowerup=CODE -pcinit=CODE \
  -pfunctab=CODE -ACONFIG=02007h-02007h -pconfig=CONFIG -DCONFIG=2 \
  -AIDLOC=02000h-02003h -pidloc=IDLOC -DIDLOC=2 -AEEDATA=00h-0FFh/02100h \
  -peeprom_data=EEDATA -DEEDATA=2 -DCODE=2 -DSTRCODE=2 -DSTRING=2 -DCONST=2 \
  -DENTRY=2 -k C:\Users\CHATHU~1\AppData\Local\Temp\s6ao.obj \
  dist/default/debug\ver5.debug.obj 

Object code version is 3.11

Machine type is 16F877A



                Name                               Link     Load   Length Selector   Space Scale
C:\Users\CHATHU~1\AppData\Local\Temp\s6ao.obj
                end_init                             10       10        3        8       0
                reset_vec                             0        0        4        0       0
                config                             2007     2007        1     400E       0
dist/default/debug\ver5.debug.obj
                cinit                               7EB      7EB       15      FD6       0
                intentry                              4        4        C        8       0
                maintext_split_1                    9CB      9CB      635     1396       0
                text43                             104A     104A      229     2094       0
                text40                             1E19     1E19       E7     3C32       0
                text31                             1273     1273      58D     24E6       0
                text24                             1D74     1D74       1C     3AE8       0
                text23                             1D41     1D41       19     3A82       0
                text21                             1D5A     1D5A       1A     3AB4       0
                text20                             1D22     1D22        E     3A44       0
                text19                             1DE0     1DE0       39     3BC0       0
                text18                             1DAF     1DAF       31     3B5E       0
                text17                             1008     1008       42     2010       0
                text15                              905      905       62     120A       0
                text10                             1D1C     1D1C        6     3A38       0
                text9                               108      108      6E3      210       0
                text8                               8E9      8E9       1C     11D2       0
                text7                              1D90     1D90       1F     3B20       0
                text6                              1D30     1D30       11     3A60       0
                text5                               967      967       64     12CE       0
                maintext                             13       13       F5        8       0
                cstackBANK0                          20       20       2D       20       1
                cstackCOMMON                         71       71        D       71       1
                clrtext                            1000     1000        8     1396       0
                bssBANK1                             A0       A0       14       A0       1
                bssBANK0                             4D       4D       19       20       1
                bitbssBANK0                         330       66        A       20       1     8
                strings                             800      800       E9     1000       0

TOTAL           Name                               Link     Load   Length     Space
        CLASS   STACK          

        CLASS   CODE           
                end_init                             10       10        3         0
                cinit                               7EB      7EB       15         0
                intentry                              4        4        C         0
                reset_vec                             0        0        4         0
                maintext_split_1                    9CB      9CB      635         0
                text43                             104A     104A      229         0
                text40                             1E19     1E19       E7         0
                text31                             1273     1273      58D         0
                text24                             1D74     1D74       1C         0
                text23                             1D41     1D41       19         0
                text21                             1D5A     1D5A       1A         0
                text20                             1D22     1D22        E         0
                text19                             1DE0     1DE0       39         0
                text18                             1DAF     1DAF       31         0
                text17                             1008     1008       42         0
                text15                              905      905       62         0
                text10                             1D1C     1D1C        6         0
                text9                               108      108      6E3         0
                text8                               8E9      8E9       1C         0
                text7                              1D90     1D90       1F         0
                text6                              1D30     1D30       11         0
                text5                               967      967       64         0
                maintext                             13       13       F5         0
                clrtext                            1000     1000        8         0

        CLASS   STRCODE        

        CLASS   STRING         
                strings                             800      800       E9         0

        CLASS   CONST          

        CLASS   ENTRY          

        CLASS   COMMON         
                cstackCOMMON                         71       71        D         1

        CLASS   BANK0          
                cstackBANK0                          20       20       2D         1
                bssBANK0                             4D       4D       19         1
                bitbssBANK0                         330       66        A         1

        CLASS   BANK1          
                bssBANK1                             A0       A0       14         1

        CLASS   BANK2          

        CLASS   BANK3          

        CLASS   RAM            

        CLASS   ABS1           
                abs_s1                               7E       7E        2         1

        CLASS   SFR0           

        CLASS   SFR1           

        CLASS   SFR2           

        CLASS   SFR3           

        CLASS   CONFIG         
                config                             2007     2007        1         0

        CLASS   IDLOC          

        CLASS   EEDATA         



SEGMENTS        Name                           Load    Length   Top    Selector   Space  Class     Delta

                reset_vec                      000000  000004  000004         0       0  CODE        2
                intentry                       000004  000104  000108         8       0  CODE        2
                cstackBANK0                    000020  000048  000068        20       1  BANK0       1
                cstackCOMMON                   000071  00000D  00007E        71       1  COMMON      1
                bssBANK1                       0000A0  000014  0000B4        A0       1  BANK1       1
                text9                          000108  0006E3  0007EB       210       0  CODE        2
                cinit                          0007EB  000015  000800       FD6       0  CODE        2
                strings                        000800  0000E9  0008E9      1000       0  STRING      2
                text8                          0008E9  00001C  000905      11D2       0  CODE        2
                text15                         000905  000062  000967      120A       0  CODE        2
                text5                          000967  000064  0009CB      12CE       0  CODE        2
                maintext_split_1               0009CB  00063D  001008      1396       0  CODE        2
                text17                         001008  000042  00104A      2010       0  CODE        2
                text43                         00104A  000229  001273      2094       0  CODE        2
                text31                         001273  00058D  001800      24E6       0  CODE        2
                text10                         001D1C  000006  001D22      3A38       0  CODE        2
                text20                         001D22  00000E  001D30      3A44       0  CODE        2
                text6                          001D30  000011  001D41      3A60       0  CODE        2
                text23                         001D41  000019  001D5A      3A82       0  CODE        2
                text21                         001D5A  00001A  001D74      3AB4       0  CODE        2
                text24                         001D74  00001C  001D90      3AE8       0  CODE        2
                text7                          001D90  00001F  001DAF      3B20       0  CODE        2
                text18                         001DAF  000031  001DE0      3B5E       0  CODE        2
                text19                         001DE0  000039  001E19      3BC0       0  CODE        2
                text40                         001E19  0000E7  001F00      3C32       0  CODE        2
                config                         002007  000001  002008      400E       0  CONFIG      2


UNUSED ADDRESS RANGES

        Name                Unused          Largest block    Delta
        BANK0            00068-0006F               8           1
        BANK1            000B4-000EF              3C           1
        BANK2            00110-0016F              60           1
        BANK3            00190-001E4              55           1
        CODE             01800-01D1B             51C           2
        CONST            01800-01D1B             100           2
        EEDATA           02100-021FF             100           2
        ENTRY            01800-01D1B             100           2
        IDLOC            02000-02003               4           2
        RAM              00068-0006F               8           1
                         000B4-000EF              3C
                         00110-0016F              60
                         00190-001E4              55
        SFR0             00000-0001F              20           1
        SFR1             00080-0009F              20           1
        SFR2             00100-0010F              10           1
        SFR3             00180-0018F              10           1
        STACK            00110-0016F              60           1
        STRCODE          01800-01D1B             51C           2
        STRING           01800-01D1B             100           2

                                  Symbol Table

?_ColomnNo                   cstackBANK0      00023
?_RowNo                      cstackBANK0      00023
?___awdiv                    cstackBANK0      00029
?___awmod                    cstackBANK0      00023
?___ftmul                    cstackBANK0      0002E
?___ftpack                   cstackBANK0      00023
?___fttol                    cstackBANK0      0003D
?___ltdiv                    cstackBANK0      00023
?___ltmod                    cstackBANK0      00023
?___lwdiv                    cstackBANK0      00023
?___lwmod                    cstackBANK0      0002A
?___lwtoft                   cstackBANK0      0002B
?___wmul                     cstackBANK0      00023
?_printf                     cstackBANK0      0002F
?_read_a2d_value             cstackBANK0      00023
?i1___lwdiv                  cstackCOMMON     00071
?i1___lwmod                  cstackCOMMON     00071
CheckKeyPad@charactor        cstackBANK0      00027
CheckKeyPad@colomnNo         cstackBANK0      00028
CheckKeyPad@rowNo            cstackBANK0      0002A
CheckMode@pressedKey         cstackBANK0      00034
ColomnNo@rowNo               cstackBANK0      00023
LCD_print_char@column        cstackBANK0      00031
LCD_print_char@print_value   cstackBANK0      00033
LCD_print_char@row           cstackBANK0      0002F
PL10                         text5            009C5
PL12                         text9            007BF
PL14                         text31           017DC
PL16                         text31           017E7
PL18                         text9            007CA
PL2                          text5            009B1
PL20                         text31           017EF
PL22                         text9            007D4
PL24                         text9            007DC
PL26                         text31           017F8
PL28                         text40           01EDD
PL30                         text15           00960
PL32                         text40           01EE4
PL34                         text40           01EEB
PL36                         text40           01EF2
PL38                         text40           01EF9
PL4                          text31           017D3
PL40                         text9            007E5
PL6                          text9            007A7
PL8                          text9            007B6
RotateMotorLeft@i            cstackBANK0      00027
RotateMotorLeft@value        cstackBANK0      00023
RotateMotorRight@i           cstackBANK0      00027
RotateMotorRight@value       cstackBANK0      00023
RowNo@row                    cstackBANK0      00025
Serial_Print@a               cstackBANK0      00024
Serial_Print_Int@val         cstackBANK0      00031
Serial_Println_Int@val       cstackBANK0      00031
_ADCON0                      (abs)            0001F
_ADCON1                      (abs)            0009F
_ADDEN                       (abs)            000C3
_ADIE                        (abs)            00466
_ADON                        (abs)            000F8
_ADRESH                      (abs)            0001E
_ADRESL                      (abs)            0009E
_BCLIE                       (abs)            0046B
_BRGH                        (abs)            004C2
_BlinkDet                    bitbssBANK0      00330
_CARRY                       (abs)            00018
_CCP1IE                      (abs)            00462
_CCP2IE                      (abs)            00468
_CREN                        (abs)            000C4
_C_Bat                       bssBANK0         00062
_Calculate                   text40           01E19
_CheckKeyPad                 text31           01306
_CheckMode                   text31           01273
_ColomnNo                    text31           01401
_EEADR                       (abs)            0010D
_EECON1                      (abs)            0018C
_EECON2                      (abs)            0018D
_EEDATA                      (abs)            0010C
_EEIE                        (abs)            0046C
_FERR                        (abs)            000C2
_GIE                         (abs)            0005F
_GO                          (abs)            000FA
_INTE                        (abs)            0005C
_LCDTimeUpdate               text9            001BE
_LCD_print_char              text9            0021A
_Nop                         bitbssBANK0      00331
_OERR                        (abs)            000C1
_PEIE                        (abs)            0005E
_PORTA                       (abs)            00005
_PORTB                       (abs)            00006
_PORTC                       (abs)            00007
_PORTD                       (abs)            00008
_PORTE                       (abs)            00009
_PSPIE                       (abs)            00467
_RB2                         (abs)            00032
_RB3                         (abs)            00033
_RB4                         (abs)            00034
_RB5                         (abs)            00035
_RBIE                        (abs)            0005B
_RC0                         (abs)            00038
_RC1                         (abs)            00039
_RC2                         (abs)            0003A
_RC3                         (abs)            0003B
_RC4                         (abs)            0003C
_RC5                         (abs)            0003D
_RCIE                        (abs)            00465
_RCIF                        (abs)            00065
_RCREG                       (abs)            0001A
_RD                          (abs)            00C60
_RD0                         (abs)            00040
_RD1                         (abs)            00041
_RD2                         (abs)            00042
_RD3                         (abs)            00043
_RD4                         (abs)            00044
_RD5                         (abs)            00045
_RD6                         (abs)            00046
_RD7                         (abs)            00047
_RX9                         (abs)            000C6
_RotateMotorLeft             text40           01E4F
_RotateMotorRight            text40           01E96
_RowNo                       text31           0148D
_SPBRG                       (abs)            00099
_SPEN                        (abs)            000C7
_SSPIE                       (abs)            00463
_SYNC                        (abs)            004C4
_Serial_Init                 text24           01D74
_Serial_NewLine              text23           01D41
_Serial_Print                text31           014A6
_Serial_Print_Int            text31           014C5
_Serial_Println_Int          text31           015E1
_Setup_IOports               text21           01D5A
_T0IE                        (abs)            0005D
_T1CKPS0                     (abs)            00084
_T1CKPS1                     (abs)            00085
_T1OSCEN                     (abs)            00083
_TMR1CS                      (abs)            00081
_TMR1H                       (abs)            0000F
_TMR1IE                      (abs)            00460
_TMR1IF                      (abs)            00060
_TMR1L                       (abs)            0000E
_TMR1ON                      (abs)            00080
_TMR2IE                      (abs)            00461
_TRISA                       (abs)            00085
_TRISB                       (abs)            00086
_TRISC                       (abs)            00087
_TRISD                       (abs)            00088
_TRISE                       (abs)            00089
_TX9                         (abs)            004C6
_TXEN                        (abs)            004C5
_TXIE                        (abs)            00464
_TXIF                        (abs)            00064
_TXREG                       (abs)            00019
_Timer1_Init                 text20           01D22
_V_Bat                       bssBANK0         00064
_V_Bat2                      bssBANK0         0004D
_WR                          (abs)            00C61
_WREN                        (abs)            00C62
__CFG_BOREN$OFF              (abs)            00000
__CFG_FOSC$HS                (abs)            00000
__CFG_PWRTE$ON               (abs)            00000
__CFG_WDTE$OFF               (abs)            00000
__Habs1                      abs1             00000
__Hbank0                     bank0            00000
__Hbank1                     bank1            00000
__Hbank2                     bank2            00000
__Hbank3                     bank3            00000
__HbitbssBANK0               bitbssBANK0      00000
__HbssBANK0                  bssBANK0         00000
__HbssBANK1                  bssBANK1         00000
__Hcinit                     cinit            00800
__Hclrtext                   clrtext          00000
__Hcode                      code             00000
__Hcommon                    common           00000
__Hconfig                    config           02008
__HcstackBANK0               cstackBANK0      00000
__HcstackCOMMON              cstackCOMMON     00000
__Heeprom_data               eeprom_data      00000
__Hend_init                  end_init         00013
__Hfunctab                   functab          00000
__Hidloc                     idloc            00000
__Hinit                      init             00010
__Hintentry                  intentry         00010
__Hmaintext                  maintext         00000
__Hmaintext_split_1          maintext_split_1 00000
__Hpa_nodes                  pa_nodes         00000
__Hpowerup                   powerup          00000
__Hram                       ram              00000
__Hreset_vec                 reset_vec        00004
__Hsfr0                      sfr0             00000
__Hsfr1                      sfr1             00000
__Hsfr2                      sfr2             00000
__Hsfr3                      sfr3             00000
__Hspace_0                   (abs)            02008
__Hspace_1                   (abs)            0033A
__Hspace_2                   (abs)            00000
__Hspace_3                   (abs)            00000
__Hstack                     stack            00000
__Hstrings                   strings          00000
__Htext                      text             00000
__Labs1                      abs1             00000
__Lbank0                     bank0            00000
__Lbank1                     bank1            00000
__Lbank2                     bank2            00000
__Lbank3                     bank3            00000
__LbitbssBANK0               bitbssBANK0      00000
__LbssBANK0                  bssBANK0         00000
__LbssBANK1                  bssBANK1         00000
__Lcinit                     cinit            007EB
__Lclrtext                   clrtext          00000
__Lcode                      code             00000
__Lcommon                    common           00000
__Lconfig                    config           02007
__LcstackBANK0               cstackBANK0      00000
__LcstackCOMMON              cstackCOMMON     00000
__Leeprom_data               eeprom_data      00000
__Lend_init                  end_init         00010
__Lfunctab                   functab          00000
__Lidloc                     idloc            00000
__Linit                      init             00010
__Lintentry                  intentry         00004
__Lmaintext                  maintext         00000
__Lmaintext_split_1          maintext_split_1 00000
__Lpa_nodes                  pa_nodes         00000
__Lpowerup                   powerup          00000
__Lram                       ram              00000
__Lreset_vec                 reset_vec        00000
__Lsfr0                      sfr0             00000
__Lsfr1                      sfr1             00000
__Lsfr2                      sfr2             00000
__Lsfr3                      sfr3             00000
__Lspace_0                   (abs)            00000
__Lspace_1                   (abs)            00000
__Lspace_2                   (abs)            00000
__Lspace_3                   (abs)            00000
__Lstack                     stack            00000
__Lstrings                   strings          00000
__Ltext                      text             00000
__S0                         (abs)            02008
__S1                         (abs)            000B4
__S2                         (abs)            00000
__S3                         (abs)            00000
___awdiv                     text31           01751
___awdiv@counter             cstackBANK0      0002D
___awdiv@dividend            cstackBANK0      0002B
___awdiv@divisor             cstackBANK0      00029
___awdiv@quotient            cstackBANK0      0002F
___awdiv@sign                cstackBANK0      0002E
___awmod                     text31           01796
___awmod@counter             cstackBANK0      00027
___awmod@dividend            cstackBANK0      00025
___awmod@divisor             cstackBANK0      00023
___awmod@sign                cstackBANK0      00028
___bmul                      text9            006E2
___bmul@multiplicand         cstackBANK0      00023
___bmul@multiplier           cstackBANK0      00025
___bmul@product              cstackBANK0      00024
___ftmul                     text9            00718
___ftmul@cntr                cstackBANK0      0003B
___ftmul@exp                 cstackBANK0      00037
___ftmul@f1                  cstackBANK0      0002E
___ftmul@f2                  cstackBANK0      00031
___ftmul@f3_as_product       cstackBANK0      00038
___ftmul@sign                cstackBANK0      0003C
___ftpack                    text17           01008
___ftpack@arg                cstackBANK0      00023
___ftpack@exp                cstackBANK0      00026
___ftpack@sign               cstackBANK0      00027
___fttol                     text15           00905
___fttol@exp1                cstackBANK0      00049
___fttol@f1                  cstackBANK0      0003D
___fttol@lval                cstackBANK0      00045
___fttol@sign1               cstackBANK0      00044
___int_sp                    stack            00000
___latbits                   (abs)            00002
___ltdiv                     text19           01DE0
___ltdiv@counter             cstackBANK0      0002C
___ltdiv@dividend            cstackBANK0      00026
___ltdiv@divisor             cstackBANK0      00023
___ltdiv@quotient            cstackBANK0      00029
___ltmod                     text18           01DAF
___ltmod@counter             cstackBANK0      00029
___ltmod@dividend            cstackBANK0      00026
___ltmod@divisor             cstackBANK0      00023
___lwdiv                     text9            005AE
___lwdiv@counter             cstackBANK0      00029
___lwdiv@dividend            cstackBANK0      00025
___lwdiv@divisor             cstackBANK0      00023
___lwdiv@quotient            cstackBANK0      00027
___lwmod                     text9            006A5
___lwmod@counter             cstackBANK0      0002E
___lwmod@dividend            cstackBANK0      0002C
___lwmod@divisor             cstackBANK0      0002A
___lwtoft                    text9            00795
___lwtoft@c                  cstackBANK0      0002B
___sp                        stack            00000
___wmul                      text9            006C9
___wmul@multiplicand         cstackBANK0      00025
___wmul@multiplier           cstackBANK0      00023
___wmul@product              cstackBANK0      00027
__end_ofPL10                 text5            009CB
__end_ofPL12                 text9            007CA
__end_ofPL14                 text31           017E7
__end_ofPL16                 text31           017EF
__end_ofPL18                 text9            007D4
__end_ofPL2                  text5            009C5
__end_ofPL20                 text31           017F8
__end_ofPL22                 text9            007DC
__end_ofPL24                 text9            007E5
__end_ofPL26                 text31           01800
__end_ofPL28                 text40           01EE4
__end_ofPL30                 text15           00967
__end_ofPL32                 text40           01EEB
__end_ofPL34                 text40           01EF2
__end_ofPL36                 text40           01EF9
__end_ofPL38                 text40           01F00
__end_ofPL4                  text31           017DC
__end_ofPL40                 text9            007EB
__end_ofPL6                  text9            007B6
__end_ofPL8                  text9            007BF
__end_of_Calculate           text40           01E4F
__end_of_CheckKeyPad         text31           01401
__end_of_CheckMode           text31           01301
__end_of_ColomnNo            text31           0148D
__end_of_LCDTimeUpdate       text9            0021A
__end_of_LCD_print_char      text9            00236
__end_of_RotateMotorLeft     text40           01E96
__end_of_RotateMotorRight    text40           01EDD
__end_of_RowNo               text31           014A6
__end_of_Serial_Init         text24           01D90
__end_of_Serial_NewLine      text23           01D5A
__end_of_Serial_Print        text31           014C5
__end_of_Serial_Print_Int    text31           015E1
__end_of_Serial_Println_Int  text31           01751
__end_of_Setup_IOports       text21           01D74
__end_of_Timer1_Init         text20           01D30
__end_of___awdiv             text31           01796
__end_of___awmod             text31           017D3
__end_of___bmul              text9            006F0
__end_of___ftmul             text9            00795
__end_of___ftpack            text17           0104A
__end_of___fttol             text15           00960
__end_of___ltdiv             text19           01E19
__end_of___ltmod             text18           01DE0
__end_of___lwdiv             text9            005D8
__end_of___lwmod             text9            006C9
__end_of___lwtoft            text9            007A7
__end_of___wmul              text9            006E2
__end_of__initialization     cinit            007FC
__end_of__stringtab          strings          00806
__end_of_a2d_read            text9            00199
__end_of_atod_init           text10           01D22
__end_of_clr_display         text9            00124
__end_of_dpowers             strings          0081C
__end_of_eeprom_read         text8            00905
__end_of_eeprom_write        text7            01DAF
__end_of_enableInterrupt     text6            01D41
__end_of_hexpowers           strings          00824
__end_of_isdigit             text9            005E6
__end_of_isr                 text43           010C9
__end_of_lcd_add             text9            006A5
__end_of_lcd_init            text5            009B1
__end_of_main                maintext_split_1 01000
__end_of_nop                 text31           01306
__end_of_octpowers           strings          00812
__end_of_position            text9            00718
__end_of_printf              text9            00597
__end_of_putch               text9            005AE
__end_of_read_a2d_value      text9            001BE
__end_ofi1_LCDTimeUpdate     text43           01126
__end_ofi1_LCD_print_char    text43           01140
__end_ofi1___lwdiv           text43           0118E
__end_ofi1___lwmod           text43           01164
__end_ofi1_lcd_add           text43           0124D
__end_ofi1_position          text43           01273
__initialization             cinit            007EB
__pbitbssBANK0               bitbssBANK0      00330
__pbssBANK0                  bssBANK0         0004D
__pbssBANK1                  bssBANK1         000A0
__pcstackBANK0               cstackBANK0      00020
__pcstackCOMMON              cstackCOMMON     00071
__pintentry                  intentry         00004
__pmaintext                  maintext         00013
__pstrings                   strings          00800
__ptext1                     text9            00236
__ptext10                    text10           01D1C
__ptext11                    text9            00124
__ptext12                    text9            00199
__ptext13                    text9            006C9
__ptext14                    text9            00795
__ptext15                    text15           00905
__ptext16                    text9            00718
__ptext17                    text17           01008
__ptext18                    text18           01DAF
__ptext19                    text19           01DE0
__ptext2                     text9            00597
__ptext20                    text20           01D22
__ptext21                    text21           01D5A
__ptext22                    text31           014C5
__ptext23                    text23           01D41
__ptext24                    text24           01D74
__ptext25                    text9            001BE
__ptext26                    text9            006A5
__ptext27                    text9            005AE
__ptext28                    text9            0021A
__ptext29                    text9            006F0
__ptext3                     text9            005D8
__ptext30                    text9            005E6
__ptext31                    text31           01273
__ptext32                    text31           01301
__ptext33                    text31           015E1
__ptext34                    text31           01796
__ptext35                    text31           01751
__ptext36                    text31           014A6
__ptext37                    text31           01306
__ptext38                    text31           0148D
__ptext39                    text31           01401
__ptext4                     text9            006E2
__ptext40                    text40           01E19
__ptext41                    text40           01E96
__ptext42                    text40           01E4F
__ptext43                    text43           0104A
__ptext44                    text43           010C9
__ptext45                    text43           01140
__ptext46                    text43           01164
__ptext47                    text43           01126
__ptext48                    text43           0124D
__ptext49                    text43           0118E
__ptext5                     text5            00967
__ptext6                     text6            01D30
__ptext7                     text7            01D90
__ptext8                     text8            008E9
__ptext9                     text9            00108
__size_of_Calculate          (abs)            00000
__size_of_CheckKeyPad        (abs)            00000
__size_of_CheckMode          (abs)            00000
__size_of_ColomnNo           (abs)            00000
__size_of_LCDTimeUpdate      (abs)            00000
__size_of_LCD_print_char     (abs)            00000
__size_of_RotateMotorLeft    (abs)            00000
__size_of_RotateMotorRight   (abs)            00000
__size_of_RowNo              (abs)            00000
__size_of_Serial_Init        (abs)            00000
__size_of_Serial_NewLine     (abs)            00000
__size_of_Serial_Print       (abs)            00000
__size_of_Serial_Print_Int   (abs)            00000
__size_of_Serial_Println_Int (abs)            00000
__size_of_Setup_IOports      (abs)            00000
__size_of_Timer1_Init        (abs)            00000
__size_of___awdiv            (abs)            00000
__size_of___awmod            (abs)            00000
__size_of___bmul             (abs)            00000
__size_of___ftmul            (abs)            00000
__size_of___ftpack           (abs)            00000
__size_of___fttol            (abs)            00000
__size_of___ltdiv            (abs)            00000
__size_of___ltmod            (abs)            00000
__size_of___lwdiv            (abs)            00000
__size_of___lwmod            (abs)            00000
__size_of___lwtoft           (abs)            00000
__size_of___wmul             (abs)            00000
__size_of_a2d_read           (abs)            00000
__size_of_atod_init          (abs)            00000
__size_of_clr_display        (abs)            00000
__size_of_eeprom_read        (abs)            00000
__size_of_eeprom_write       (abs)            00000
__size_of_enableInterrupt    (abs)            00000
__size_of_isdigit            (abs)            00000
__size_of_isr                (abs)            00000
__size_of_lcd_add            (abs)            00000
__size_of_lcd_init           (abs)            00000
__size_of_main               (abs)            00000
__size_of_nop                (abs)            00000
__size_of_position           (abs)            00000
__size_of_printf             (abs)            00000
__size_of_putch              (abs)            00000
__size_of_read_a2d_value     (abs)            00000
__size_ofi1_LCDTimeUpdate    (abs)            00000
__size_ofi1_LCD_print_char   (abs)            00000
__size_ofi1___lwdiv          (abs)            00000
__size_ofi1___lwmod          (abs)            00000
__size_ofi1_lcd_add          (abs)            00000
__size_ofi1_position         (abs)            00000
__stringbase                 strings          00805
__stringtab                  strings          00800
_a2d_read                    text9            00124
_atod_init                   text10           01D1C
_bit0                        bitbssBANK0      00332
_bit1                        bitbssBANK0      00333
_bit2                        bitbssBANK0      00334
_bit3                        bitbssBANK0      00335
_bit4                        bitbssBANK0      00336
_bit5                        bitbssBANK0      00337
_bit6                        bitbssBANK0      00338
_bit7                        bitbssBANK0      00339
_buffer                      bssBANK1         000A0
_clr_display                 text9            00108
_currentMode                 bssBANK0         00050
_dpowers                     strings          00812
_eeprom_read                 text8            008E9
_eeprom_write                text7            01D90
_enableInterrupt             text6            01D30
_hexpowers                   strings          0081C
_hour                        bssBANK0         00052
_isdigit                     text9            005D8
_isdigit$559                 cstackBANK0      00023
_isr                         text43           0104A
_j                           bssBANK0         0005E
_lcd_add                     text9            005E6
_lcd_data                    bssBANK0         0005F
_lcd_init                    text5            00967
_ldr1                        bssBANK0         00054
_ldr2                        bssBANK0         00056
_main                        maintext         00013
_minute                      bssBANK0         00058
_msecond                     bssBANK0         0005A
_nop                         text31           01301
_octpowers                   strings          00806
_position                    text9            006F0
_printf                      text9            00236
_printf$348                  cstackBANK0      00034
_printf$349                  cstackBANK0      00036
_printf$355                  cstackBANK0      0003A
_putch                       text9            00597
_read_a2d_value              text9            00199
_second                      bssBANK0         0005C
_state                       bssBANK0         00060
_x                           bssBANK0         00061
btemp                        (abs)            0007E
clear_ram0                   clrtext          01000
eeprom_read@addr             cstackBANK0      00023
eeprom_write@addr            cstackBANK0      00024
eeprom_write@value           cstackBANK0      00023
end_of_initialization        cinit            007FC
i1LCD_print_char@column      cstackCOMMON     0007A
i1LCD_print_char@print_value cstackCOMMON     0007C
i1LCD_print_char@row         cstackCOMMON     00078
i1_LCDTimeUpdate             text43           010C9
i1_LCD_print_char            text43           01126
i1___lwdiv                   text43           01164
i1___lwdiv@counter           cstackCOMMON     00077
i1___lwdiv@dividend          cstackCOMMON     00073
i1___lwdiv@divisor           cstackCOMMON     00071
i1___lwdiv@quotient          cstackCOMMON     00075
i1___lwmod                   text43           01140
i1___lwmod@counter           cstackCOMMON     00075
i1___lwmod@dividend          cstackCOMMON     00073
i1___lwmod@divisor           cstackCOMMON     00071
i1_lcd_add                   text43           0118E
i1_position                  text43           0124D
i1position@collum            cstackCOMMON     00072
i1position@post              cstackCOMMON     00075
i1position@row               cstackCOMMON     00076
interrupt_function           intentry         00004
intlevel0                    functab          00000
intlevel1                    functab          00000
intlevel2                    functab          00000
intlevel3                    functab          00000
intlevel4                    functab          00000
intlevel5                    functab          00000
isdigit@c                    cstackBANK0      00024
lcd_init@DelayLCD            cstackBANK0      00023
ltemp                        (abs)            0007E
ltemp0                       (abs)            0007E
ltemp1                       (abs)            00082
ltemp2                       (abs)            00086
ltemp3                       (abs)            00080
pnum$maintext                (abs)            0000A
pnum$maintext_split_1        (abs)            0003E
position@collum              cstackBANK0      00024
position@post                cstackBANK0      00027
position@row                 cstackBANK0      00028
printf@ap                    cstackBANK0      0003D
printf@c                     cstackBANK0      00044
printf@cp                    cstackBANK0      00038
printf@f                     cstackBANK0      00041
printf@flag                  cstackBANK0      00045
printf@idx                   cstackBANK0      00039
printf@len                   cstackBANK0      0003B
printf@prec                  cstackBANK0      00040
printf@val                   cstackBANK0      0003E
printf@width                 cstackBANK0      00042
psplit$0                     (abs)            A003E
putch@print_value            cstackBANK0      00025
read_a2d_value@a2d_value     cstackBANK0      00027
read_a2d_value@channel       cstackBANK0      00026
reset_vec                    reset_vec        00000
saved_w                      (abs)            0007E
stackhi                      (abs)            00000
stacklo                      (abs)            00000
start                        init             00010
start_initialization         cinit            007EB
ttemp                        (abs)            0007E
ttemp0                       (abs)            0007E
ttemp1                       (abs)            00081
ttemp2                       (abs)            00084
ttemp3                       (abs)            00087
ttemp4                       (abs)            0007F
wtemp                        (abs)            0007E
wtemp0                       (abs)            0007E
wtemp1                       (abs)            00080
wtemp2                       (abs)            00082
wtemp3                       (abs)            00084
wtemp4                       (abs)            00086
wtemp5                       (abs)            00088
wtemp6                       (abs)            0007F


FUNCTION INFORMATION:

 *************** function _main *****************
 Defined at:
		line 66 in file "Automated Solar Panel Orientation Setter.c"
 Parameters:    Size  Location     Type
		None
 Auto vars:     Size  Location     Type
  abc             2    0        int 
  pressedKey      1    0        unsigned char 
 Return value:  Size  Location     Type
		None               void
 Registers used:
		wreg, fsr0l, fsr0h, status,2, status,0, btemp+1, pclath, cstack
 Tracked objects:
		On entry : 
		On exit  : 
		Unchanged: 
 Data sizes:     COMMON   BANK0   BANK1   BANK3   BANK2
      Params:         0       0       0       0       0
      Locals:         0       0       0       0       0
      Temps:          0       3       0       0       0
      Totals:         0       3       0       0       0
Total ram usage:        3 bytes
 Hardware stack levels required when called:    9
 This function calls:
		_Calculate
		_CheckMode
		_LCDTimeUpdate
		_LCD_print_char
		_Serial_Init
		_Serial_NewLine
		_Serial_Print
		_Serial_Print_Int
		_Setup_IOports
		_Timer1_Init
		___ltdiv
		___ltmod
		_a2d_read
		_atod_init
		_clr_display
		_eeprom_read
		_eeprom_write
		_enableInterrupt
		_lcd_init
		_nop
		_position
		_printf
 This function is called by:
		Startup code after reset
 This function uses a non-reentrant model


 *************** function _printf *****************
 Defined at:
		line 464 in file "C:\Program Files (x86)\Microchip\xc8\v1.34\sources\common\doprnt.c"
 Parameters:    Size  Location     Type
  f               1    wreg     PTR const unsigned char 
		 -> STR_8(17), STR_7(17), STR_6(17), STR_5(17), 
		 -> STR_4(18), STR_3(18), STR_2(18), STR_1(18), 
 Auto vars:     Size  Location     Type
  f               1   33[BANK0 ] PTR const unsigned char 
		 -> STR_8(17), STR_7(17), STR_6(17), STR_5(17), 
		 -> STR_4(18), STR_3(18), STR_2(18), STR_1(18), 
  idx             1   25[BANK0 ] unsigned char 
  tmpval          4    0        struct .
  flag            2   37[BANK0 ] unsigned short 
  width           2   34[BANK0 ] int 
  val             2   30[BANK0 ] unsigned int 
  len             2   27[BANK0 ] unsigned int 
  c               1   36[BANK0 ] char 
  prec            1   32[BANK0 ] char 
  ap              1   29[BANK0 ] PTR void [1]
		 -> ?_printf(2), 
  cp              1   24[BANK0 ] PTR const unsigned char 
		 -> printf@c(1), 
 Return value:  Size  Location     Type
                  2   15[BANK0 ] int 
 Registers used:
		wreg, fsr0l, fsr0h, status,2, status,0, btemp+1, pclath, cstack
 Tracked objects:
		On entry : 
		On exit  : 
		Unchanged: 
 Data sizes:     COMMON   BANK0   BANK1   BANK3   BANK2
      Params:         0       2       0       0       0
      Locals:         0      19       0       0       0
      Temps:          0       3       0       0       0
      Totals:         0      24       0       0       0
Total ram usage:       24 bytes
 Hardware stack levels used:    1
 Hardware stack levels required when called:    7
 This function calls:
		___bmul
		___lwdiv
		___lwmod
		___wmul
		_isdigit
		_putch
 This function is called by:
		_main
 This function uses a non-reentrant model


 *************** function _putch *****************
 Defined at:
		line 166 in file "lcdv2.h"
 Parameters:    Size  Location     Type
  print_value     1    wreg     unsigned char 
 Auto vars:     Size  Location     Type
  print_value     1    5[BANK0 ] unsigned char 
 Return value:  Size  Location     Type
		None               void
 Registers used:
		wreg, status,2, status,0, pclath, cstack
 Tracked objects:
		On entry : 
		On exit  : 
		Unchanged: 
 Data sizes:     COMMON   BANK0   BANK1   BANK3   BANK2
      Params:         0       0       0       0       0
      Locals:         0       1       0       0       0
      Temps:          0       1       0       0       0
      Totals:         0       2       0       0       0
Total ram usage:        2 bytes
 Hardware stack levels used:    1
 Hardware stack levels required when called:    6
 This function calls:
		_lcd_add
 This function is called by:
		_printf
 This function uses a non-reentrant model


 *************** function _isdigit *****************
 Defined at:
		line 8 in file "C:\Program Files (x86)\Microchip\xc8\v1.34\sources\common\isdigit.c"
 Parameters:    Size  Location     Type
  c               1    wreg     unsigned char 
 Auto vars:     Size  Location     Type
  c               1    4[BANK0 ] unsigned char 
 Return value:  Size  Location     Type
		None               void
 Registers used:
		wreg, status,2, status,0
 Tracked objects:
		On entry : 
		On exit  : 
		Unchanged: 
 Data sizes:     COMMON   BANK0   BANK1   BANK3   BANK2
      Params:         0       0       0       0       0
      Locals:         0       2       0       0       0
      Temps:          0       0       0       0       0
      Totals:         0       2       0       0       0
Total ram usage:        2 bytes
 Hardware stack levels used:    1
 Hardware stack levels required when called:    5
 This function calls:
		Nothing
 This function is called by:
		_printf
 This function uses a non-reentrant model


 *************** function ___bmul *****************
 Defined at:
		line 4 in file "C:\Program Files (x86)\Microchip\xc8\v1.34\sources\common\Umul8.c"
 Parameters:    Size  Location     Type
  multiplier      1    wreg     unsigned char 
  multiplicand    1    3[BANK0 ] unsigned char 
 Auto vars:     Size  Location     Type
  multiplier      1    5[BANK0 ] unsigned char 
  product         1    4[BANK0 ] unsigned char 
 Return value:  Size  Location     Type
                  1    wreg      unsigned char 
 Registers used:
		wreg, status,2, status,0
 Tracked objects:
		On entry : 
		On exit  : 
		Unchanged: 
 Data sizes:     COMMON   BANK0   BANK1   BANK3   BANK2
      Params:         0       1       0       0       0
      Locals:         0       2       0       0       0
      Temps:          0       0       0       0       0
      Totals:         0       3       0       0       0
Total ram usage:        3 bytes
 Hardware stack levels used:    1
 Hardware stack levels required when called:    5
 This function calls:
		Nothing
 This function is called by:
		_printf
 This function uses a non-reentrant model


 *************** function _lcd_init *****************
 Defined at:
		line 60 in file "lcdv2.h"
 Parameters:    Size  Location     Type
		None
 Auto vars:     Size  Location     Type
  DelayLCD        2    3[BANK0 ] unsigned int 
 Return value:  Size  Location     Type
		None               void
 Registers used:
		wreg, status,2, status,0
 Tracked objects:
		On entry : 
		On exit  : 
		Unchanged: 
 Data sizes:     COMMON   BANK0   BANK1   BANK3   BANK2
      Params:         0       0       0       0       0
      Locals:         0       2       0       0       0
      Temps:          0       0       0       0       0
      Totals:         0       2       0       0       0
Total ram usage:        2 bytes
 Hardware stack levels used:    1
 Hardware stack levels required when called:    5
 This function calls:
		Nothing
 This function is called by:
		_main
 This function uses a non-reentrant model


 *************** function _enableInterrupt *****************
 Defined at:
		line 7 in file "interrupts.h"
 Parameters:    Size  Location     Type
		None
 Auto vars:     Size  Location     Type
		None
 Return value:  Size  Location     Type
		None               void
 Registers used:
		None
 Tracked objects:
		On entry : 
		On exit  : 
		Unchanged: 
 Data sizes:     COMMON   BANK0   BANK1   BANK3   BANK2
      Params:         0       0       0       0       0
      Locals:         0       0       0       0       0
      Temps:          0       0       0       0       0
      Totals:         0       0       0       0       0
Total ram usage:        0 bytes
 Hardware stack levels used:    1
 Hardware stack levels required when called:    5
 This function calls:
		Nothing
 This function is called by:
		_main
 This function uses a non-reentrant model


 *************** function _eeprom_write *****************
 Defined at:
		line 6 in file "C:\Program Files (x86)\Microchip\xc8\v1.34\sources\pic\eewrite.c"
 Parameters:    Size  Location     Type
  addr            1    wreg     unsigned char 
  value           1    3[BANK0 ] unsigned char 
 Auto vars:     Size  Location     Type
  addr            1    4[BANK0 ] unsigned char 
 Return value:  Size  Location     Type
		None               void
 Registers used:
		wreg, status,2, status,0
 Tracked objects:
		On entry : 
		On exit  : 
		Unchanged: 
 Data sizes:     COMMON   BANK0   BANK1   BANK3   BANK2
      Params:         0       1       0       0       0
      Locals:         0       1       0       0       0
      Temps:          0       0       0       0       0
      Totals:         0       2       0       0       0
Total ram usage:        2 bytes
 Hardware stack levels used:    1
 Hardware stack levels required when called:    5
 This function calls:
		Nothing
 This function is called by:
		_main
 This function uses a non-reentrant model


 *************** function _eeprom_read *****************
 Defined at:
		line 6 in file "C:\Program Files (x86)\Microchip\xc8\v1.34\sources\pic\eeread.c"
 Parameters:    Size  Location     Type
  addr            1    wreg     unsigned char 
 Auto vars:     Size  Location     Type
  addr            1    3[BANK0 ] unsigned char 
 Return value:  Size  Location     Type
                  1    wreg      unsigned char 
 Registers used:
		wreg, status,2, status,0
 Tracked objects:
		On entry : 
		On exit  : 
		Unchanged: 
 Data sizes:     COMMON   BANK0   BANK1   BANK3   BANK2
      Params:         0       0       0       0       0
      Locals:         0       1       0       0       0
      Temps:          0       0       0       0       0
      Totals:         0       1       0       0       0
Total ram usage:        1 bytes
 Hardware stack levels used:    1
 Hardware stack levels required when called:    5
 This function calls:
		Nothing
 This function is called by:
		_main
 This function uses a non-reentrant model


 *************** function _clr_display *****************
 Defined at:
		line 183 in file "lcdv2.h"
 Parameters:    Size  Location     Type
		None
 Auto vars:     Size  Location     Type
		None
 Return value:  Size  Location     Type
		None               void
 Registers used:
		wreg, status,2, status,0, pclath, cstack
 Tracked objects:
		On entry : 
		On exit  : 
		Unchanged: 
 Data sizes:     COMMON   BANK0   BANK1   BANK3   BANK2
      Params:         0       0       0       0       0
      Locals:         0       0       0       0       0
      Temps:          0       2       0       0       0
      Totals:         0       2       0       0       0
Total ram usage:        2 bytes
 Hardware stack levels used:    1
 Hardware stack levels required when called:    6
 This function calls:
		_lcd_add
 This function is called by:
		_main
 This function uses a non-reentrant model


 *************** function _atod_init *****************
 Defined at:
		line 8 in file "a2d.h"
 Parameters:    Size  Location     Type
		None
 Auto vars:     Size  Location     Type
		None
 Return value:  Size  Location     Type
		None               void
 Registers used:
		wreg
 Tracked objects:
		On entry : 
		On exit  : 
		Unchanged: 
 Data sizes:     COMMON   BANK0   BANK1   BANK3   BANK2
      Params:         0       0       0       0       0
      Locals:         0       0       0       0       0
      Temps:          0       0       0       0       0
      Totals:         0       0       0       0       0
Total ram usage:        0 bytes
 Hardware stack levels used:    1
 Hardware stack levels required when called:    5
 This function calls:
		Nothing
 This function is called by:
		_main
 This function uses a non-reentrant model


 *************** function _a2d_read *****************
 Defined at:
		line 549 in file "Automated Solar Panel Orientation Setter.c"
 Parameters:    Size  Location     Type
		None
 Auto vars:     Size  Location     Type
		None
 Return value:  Size  Location     Type
		None               void
 Registers used:
		wreg, status,2, status,0, pclath, cstack
 Tracked objects:
		On entry : 
		On exit  : 
		Unchanged: 
 Data sizes:     COMMON   BANK0   BANK1   BANK3   BANK2
      Params:         0       0       0       0       0
      Locals:         0       0       0       0       0
      Temps:          0       0       0       0       0
      Totals:         0       0       0       0       0
Total ram usage:        0 bytes
 Hardware stack levels used:    1
 Hardware stack levels required when called:    7
 This function calls:
		___awdiv
		___ftmul
		___fttol
		___lwtoft
		___wmul
		_read_a2d_value
 This function is called by:
		_main
 This function uses a non-reentrant model


 *************** function _read_a2d_value *****************
 Defined at:
		line 13 in file "a2d.h"
 Parameters:    Size  Location     Type
  channel         1    wreg     unsigned char 
 Auto vars:     Size  Location     Type
  channel         1    6[BANK0 ] unsigned char 
  a2d_value       2    7[BANK0 ] unsigned int 
 Return value:  Size  Location     Type
                  2    3[BANK0 ] unsigned int 
 Registers used:
		wreg, status,2, status,0
 Tracked objects:
		On entry : 
		On exit  : 
		Unchanged: 
 Data sizes:     COMMON   BANK0   BANK1   BANK3   BANK2
      Params:         0       2       0       0       0
      Locals:         0       3       0       0       0
      Temps:          0       1       0       0       0
      Totals:         0       6       0       0       0
Total ram usage:        6 bytes
 Hardware stack levels used:    1
 Hardware stack levels required when called:    5
 This function calls:
		Nothing
 This function is called by:
		_a2d_read
 This function uses a non-reentrant model


 *************** function ___wmul *****************
 Defined at:
		line 15 in file "C:\Program Files (x86)\Microchip\xc8\v1.34\sources\common\Umul16.c"
 Parameters:    Size  Location     Type
  multiplier      2    3[BANK0 ] unsigned int 
  multiplicand    2    5[BANK0 ] unsigned int 
 Auto vars:     Size  Location     Type
  product         2    7[BANK0 ] unsigned int 
 Return value:  Size  Location     Type
                  2    3[BANK0 ] unsigned int 
 Registers used:
		wreg, status,2, status,0
 Tracked objects:
		On entry : 
		On exit  : 
		Unchanged: 
 Data sizes:     COMMON   BANK0   BANK1   BANK3   BANK2
      Params:         0       4       0       0       0
      Locals:         0       2       0       0       0
      Temps:          0       0       0       0       0
      Totals:         0       6       0       0       0
Total ram usage:        6 bytes
 Hardware stack levels used:    1
 Hardware stack levels required when called:    5
 This function calls:
		Nothing
 This function is called by:
		_a2d_read
		_printf
 This function uses a non-reentrant model


 *************** function ___lwtoft *****************
 Defined at:
		line 28 in file "C:\Program Files (x86)\Microchip\xc8\v1.34\sources\common\lwtoft.c"
 Parameters:    Size  Location     Type
  c               2   11[BANK0 ] unsigned int 
 Auto vars:     Size  Location     Type
		None
 Return value:  Size  Location     Type
                  3   11[BANK0 ] float 
 Registers used:
		wreg, status,2, status,0, pclath, cstack
 Tracked objects:
		On entry : 
		On exit  : 
		Unchanged: 
 Data sizes:     COMMON   BANK0   BANK1   BANK3   BANK2
      Params:         0       3       0       0       0
      Locals:         0       0       0       0       0
      Temps:          0       0       0       0       0
      Totals:         0       3       0       0       0
Total ram usage:        3 bytes
 Hardware stack levels used:    1
 Hardware stack levels required when called:    6
 This function calls:
		___ftpack
 This function is called by:
		_a2d_read
 This function uses a non-reentrant model


 *************** function ___fttol *****************
 Defined at:
		line 44 in file "C:\Program Files (x86)\Microchip\xc8\v1.34\sources\common\fttol.c"
 Parameters:    Size  Location     Type
  f1              3   29[BANK0 ] float 
 Auto vars:     Size  Location     Type
  lval            4   37[BANK0 ] unsigned long 
  exp1            1   41[BANK0 ] unsigned char 
  sign1           1   36[BANK0 ] unsigned char 
 Return value:  Size  Location     Type
                  4   29[BANK0 ] long 
 Registers used:
		wreg, status,2, status,0
 Tracked objects:
		On entry : 
		On exit  : 
		Unchanged: 
 Data sizes:     COMMON   BANK0   BANK1   BANK3   BANK2
      Params:         0       4       0       0       0
      Locals:         0       6       0       0       0
      Temps:          0       3       0       0       0
      Totals:         0      13       0       0       0
Total ram usage:       13 bytes
 Hardware stack levels used:    1
 Hardware stack levels required when called:    5
 This function calls:
		Nothing
 This function is called by:
		_a2d_read
 This function uses a non-reentrant model


 *************** function ___ftmul *****************
 Defined at:
		line 62 in file "C:\Program Files (x86)\Microchip\xc8\v1.34\sources\common\ftmul.c"
 Parameters:    Size  Location     Type
  f1              3   14[BANK0 ] float 
  f2              3   17[BANK0 ] float 
 Auto vars:     Size  Location     Type
  f3_as_produc    3   24[BANK0 ] unsigned um
  sign            1   28[BANK0 ] unsigned char 
  cntr            1   27[BANK0 ] unsigned char 
  exp             1   23[BANK0 ] unsigned char 
 Return value:  Size  Location     Type
                  3   14[BANK0 ] float 
 Registers used:
		wreg, status,2, status,0, pclath, cstack
 Tracked objects:
		On entry : 
		On exit  : 
		Unchanged: 
 Data sizes:     COMMON   BANK0   BANK1   BANK3   BANK2
      Params:         0       6       0       0       0
      Locals:         0       6       0       0       0
      Temps:          0       3       0       0       0
      Totals:         0      15       0       0       0
Total ram usage:       15 bytes
 Hardware stack levels used:    1
 Hardware stack levels required when called:    6
 This function calls:
		___ftpack
 This function is called by:
		_a2d_read
 This function uses a non-reentrant model


 *************** function ___ftpack *****************
 Defined at:
		line 62 in file "C:\Program Files (x86)\Microchip\xc8\v1.34\sources\common\float.c"
 Parameters:    Size  Location     Type
  arg             3    3[BANK0 ] unsigned um
  exp             1    6[BANK0 ] unsigned char 
  sign            1    7[BANK0 ] unsigned char 
 Auto vars:     Size  Location     Type
		None
 Return value:  Size  Location     Type
                  3    3[BANK0 ] float 
 Registers used:
		wreg, status,2, status,0
 Tracked objects:
		On entry : 
		On exit  : 
		Unchanged: 
 Data sizes:     COMMON   BANK0   BANK1   BANK3   BANK2
      Params:         0       5       0       0       0
      Locals:         0       0       0       0       0
      Temps:          0       3       0       0       0
      Totals:         0       8       0       0       0
Total ram usage:        8 bytes
 Hardware stack levels used:    1
 Hardware stack levels required when called:    5
 This function calls:
		Nothing
 This function is called by:
		___ftmul
		___lwtoft
 This function uses a non-reentrant model


 *************** function ___ltmod *****************
 Defined at:
		line 6 in file "C:\Program Files (x86)\Microchip\xc8\v1.34\sources\common\ltmod.c"
 Parameters:    Size  Location     Type
  divisor         3    3[BANK0 ] unsigned um
  dividend        3    6[BANK0 ] unsigned um
 Auto vars:     Size  Location     Type
  counter         1    9[BANK0 ] unsigned char 
 Return value:  Size  Location     Type
                  3    3[BANK0 ] unsigned um
 Registers used:
		wreg, status,2, status,0
 Tracked objects:
		On entry : 
		On exit  : 
		Unchanged: 
 Data sizes:     COMMON   BANK0   BANK1   BANK3   BANK2
      Params:         0       6       0       0       0
      Locals:         0       1       0       0       0
      Temps:          0       0       0       0       0
      Totals:         0       7       0       0       0
Total ram usage:        7 bytes
 Hardware stack levels used:    1
 Hardware stack levels required when called:    5
 This function calls:
		Nothing
 This function is called by:
		_main
 This function uses a non-reentrant model


 *************** function ___ltdiv *****************
 Defined at:
		line 6 in file "C:\Program Files (x86)\Microchip\xc8\v1.34\sources\common\ltdiv.c"
 Parameters:    Size  Location     Type
  divisor         3    3[BANK0 ] unsigned um
  dividend        3    6[BANK0 ] unsigned um
 Auto vars:     Size  Location     Type
  quotient        3    9[BANK0 ] unsigned um
  counter         1   12[BANK0 ] unsigned char 
 Return value:  Size  Location     Type
                  3    3[BANK0 ] unsigned um
 Registers used:
		wreg, status,2, status,0
 Tracked objects:
		On entry : 
		On exit  : 
		Unchanged: 
 Data sizes:     COMMON   BANK0   BANK1   BANK3   BANK2
      Params:         0       6       0       0       0
      Locals:         0       4       0       0       0
      Temps:          0       0       0       0       0
      Totals:         0      10       0       0       0
Total ram usage:       10 bytes
 Hardware stack levels used:    1
 Hardware stack levels required when called:    5
 This function calls:
		Nothing
 This function is called by:
		_main
 This function uses a non-reentrant model


 *************** function _Timer1_Init *****************
 Defined at:
		line 4 in file "timer1.h"
 Parameters:    Size  Location     Type
		None
 Auto vars:     Size  Location     Type
		None
 Return value:  Size  Location     Type
		None               void
 Registers used:
		wreg
 Tracked objects:
		On entry : 
		On exit  : 
		Unchanged: 
 Data sizes:     COMMON   BANK0   BANK1   BANK3   BANK2
      Params:         0       0       0       0       0
      Locals:         0       0       0       0       0
      Temps:          0       0       0       0       0
      Totals:         0       0       0       0       0
Total ram usage:        0 bytes
 Hardware stack levels used:    1
 Hardware stack levels required when called:    5
 This function calls:
		Nothing
 This function is called by:
		_main
 This function uses a non-reentrant model


 *************** function _Setup_IOports *****************
 Defined at:
		line 56 in file "setup.h"
 Parameters:    Size  Location     Type
		None
 Auto vars:     Size  Location     Type
		None
 Return value:  Size  Location     Type
		None               void
 Registers used:
		wreg, status,2
 Tracked objects:
		On entry : 
		On exit  : 
		Unchanged: 
 Data sizes:     COMMON   BANK0   BANK1   BANK3   BANK2
      Params:         0       0       0       0       0
      Locals:         0       0       0       0       0
      Temps:          0       0       0       0       0
      Totals:         0       0       0       0       0
Total ram usage:        0 bytes
 Hardware stack levels used:    1
 Hardware stack levels required when called:    5
 This function calls:
		Nothing
 This function is called by:
		_main
 This function uses a non-reentrant model


 *************** function _Serial_Print_Int *****************
 Defined at:
		line 141 in file "serialv2.h"
 Parameters:    Size  Location     Type
  val             2   17[BANK0 ] int 
 Auto vars:     Size  Location     Type
		None
 Return value:  Size  Location     Type
		None               void
 Registers used:
		wreg, status,2, status,0, btemp+1, pclath, cstack
 Tracked objects:
		On entry : 
		On exit  : 
		Unchanged: 
 Data sizes:     COMMON   BANK0   BANK1   BANK3   BANK2
      Params:         0       2       0       0       0
      Locals:         0       0       0       0       0
      Temps:          0       1       0       0       0
      Totals:         0       3       0       0       0
Total ram usage:        3 bytes
 Hardware stack levels used:    1
 Hardware stack levels required when called:    6
 This function calls:
		___awdiv
		___awmod
 This function is called by:
		_main
 This function uses a non-reentrant model


 *************** function _Serial_NewLine *****************
 Defined at:
		line 37 in file "serialv2.h"
 Parameters:    Size  Location     Type
		None
 Auto vars:     Size  Location     Type
		None
 Return value:  Size  Location     Type
		None               void
 Registers used:
		wreg
 Tracked objects:
		On entry : 
		On exit  : 
		Unchanged: 
 Data sizes:     COMMON   BANK0   BANK1   BANK3   BANK2
      Params:         0       0       0       0       0
      Locals:         0       0       0       0       0
      Temps:          0       1       0       0       0
      Totals:         0       1       0       0       0
Total ram usage:        1 bytes
 Hardware stack levels used:    1
 Hardware stack levels required when called:    5
 This function calls:
		Nothing
 This function is called by:
		_main
 This function uses a non-reentrant model


 *************** function _Serial_Init *****************
 Defined at:
		line 10 in file "serialv2.h"
 Parameters:    Size  Location     Type
		None
 Auto vars:     Size  Location     Type
		None
 Return value:  Size  Location     Type
		None               void
 Registers used:
		wreg
 Tracked objects:
		On entry : 
		On exit  : 
		Unchanged: 
 Data sizes:     COMMON   BANK0   BANK1   BANK3   BANK2
      Params:         0       0       0       0       0
      Locals:         0       0       0       0       0
      Temps:          0       3       0       0       0
      Totals:         0       3       0       0       0
Total ram usage:        3 bytes
 Hardware stack levels used:    1
 Hardware stack levels required when called:    5
 This function calls:
		Nothing
 This function is called by:
		_main
 This function uses a non-reentrant model


 *************** function _LCDTimeUpdate *****************
 Defined at:
		line 734 in file "Automated Solar Panel Orientation Setter.c"
 Parameters:    Size  Location     Type
		None
 Auto vars:     Size  Location     Type
		None
 Return value:  Size  Location     Type
		None               void
 Registers used:
		wreg, status,2, status,0, pclath, cstack
 Tracked objects:
		On entry : 
		On exit  : 
		Unchanged: 
 Data sizes:     COMMON   BANK0   BANK1   BANK3   BANK2
      Params:         0       0       0       0       0
      Locals:         0       0       0       0       0
      Temps:          0       0       0       0       0
      Totals:         0       0       0       0       0
Total ram usage:        0 bytes
 Hardware stack levels used:    1
 Hardware stack levels required when called:    8
 This function calls:
		_LCD_print_char
		___lwdiv
		___lwmod
 This function is called by:
		_main
 This function uses a non-reentrant model


 *************** function ___lwmod *****************
 Defined at:
		line 6 in file "C:\Program Files (x86)\Microchip\xc8\v1.34\sources\common\lwmod.c"
 Parameters:    Size  Location     Type
  divisor         2   10[BANK0 ] unsigned int 
  dividend        2   12[BANK0 ] unsigned int 
 Auto vars:     Size  Location     Type
  counter         1   14[BANK0 ] unsigned char 
 Return value:  Size  Location     Type
                  2   10[BANK0 ] unsigned int 
 Registers used:
		wreg, status,2, status,0
 Tracked objects:
		On entry : 
		On exit  : 
		Unchanged: 
 Data sizes:     COMMON   BANK0   BANK1   BANK3   BANK2
      Params:         0       4       0       0       0
      Locals:         0       1       0       0       0
      Temps:          0       0       0       0       0
      Totals:         0       5       0       0       0
Total ram usage:        5 bytes
 Hardware stack levels used:    1
 Hardware stack levels required when called:    5
 This function calls:
		Nothing
 This function is called by:
		_LCDTimeUpdate
		_printf
 This function uses a non-reentrant model


 *************** function ___lwdiv *****************
 Defined at:
		line 6 in file "C:\Program Files (x86)\Microchip\xc8\v1.34\sources\common\lwdiv.c"
 Parameters:    Size  Location     Type
  divisor         2    3[BANK0 ] unsigned int 
  dividend        2    5[BANK0 ] unsigned int 
 Auto vars:     Size  Location     Type
  quotient        2    7[BANK0 ] unsigned int 
  counter         1    9[BANK0 ] unsigned char 
 Return value:  Size  Location     Type
                  2    3[BANK0 ] unsigned int 
 Registers used:
		wreg, status,2, status,0
 Tracked objects:
		On entry : 
		On exit  : 
		Unchanged: 
 Data sizes:     COMMON   BANK0   BANK1   BANK3   BANK2
      Params:         0       4       0       0       0
      Locals:         0       3       0       0       0
      Temps:          0       0       0       0       0
      Totals:         0       7       0       0       0
Total ram usage:        7 bytes
 Hardware stack levels used:    1
 Hardware stack levels required when called:    5
 This function calls:
		Nothing
 This function is called by:
		_LCDTimeUpdate
		_printf
 This function uses a non-reentrant model


 *************** function _LCD_print_char *****************
 Defined at:
		line 174 in file "lcdv2.h"
 Parameters:    Size  Location     Type
  row             2   15[BANK0 ] int 
  column          2   17[BANK0 ] int 
  print_value     1   19[BANK0 ] unsigned char 
 Auto vars:     Size  Location     Type
		None
 Return value:  Size  Location     Type
		None               void
 Registers used:
		wreg, status,2, status,0, pclath, cstack
 Tracked objects:
		On entry : 
		On exit  : 
		Unchanged: 
 Data sizes:     COMMON   BANK0   BANK1   BANK3   BANK2
      Params:         0       5       0       0       0
      Locals:         0       0       0       0       0
      Temps:          0       1       0       0       0
      Totals:         0       6       0       0       0
Total ram usage:        6 bytes
 Hardware stack levels used:    1
 Hardware stack levels required when called:    7
 This function calls:
		_lcd_add
		_position
 This function is called by:
		_main
		_LCDTimeUpdate
 This function uses a non-reentrant model


 *************** function _position *****************
 Defined at:
		line 208 in file "lcdv2.h"
 Parameters:    Size  Location     Type
  row             1    wreg     unsigned char 
  collum          1    4[BANK0 ] unsigned char 
 Auto vars:     Size  Location     Type
  row             1    8[BANK0 ] unsigned char 
  post            1    7[BANK0 ] unsigned char 
 Return value:  Size  Location     Type
		None               void
 Registers used:
		wreg, status,2, status,0, pclath, cstack
 Tracked objects:
		On entry : 
		On exit  : 
		Unchanged: 
 Data sizes:     COMMON   BANK0   BANK1   BANK3   BANK2
      Params:         0       1       0       0       0
      Locals:         0       2       0       0       0
      Temps:          0       2       0       0       0
      Totals:         0       5       0       0       0
Total ram usage:        5 bytes
 Hardware stack levels used:    1
 Hardware stack levels required when called:    6
 This function calls:
		_lcd_add
 This function is called by:
		_LCD_print_char
		_main
 This function uses a non-reentrant model


 *************** function _lcd_add *****************
 Defined at:
		line 224 in file "lcdv2.h"
 Parameters:    Size  Location     Type
		None
 Auto vars:     Size  Location     Type
		None
 Return value:  Size  Location     Type
		None               void
 Registers used:
		wreg, status,2, status,0
 Tracked objects:
		On entry : 
		On exit  : 
		Unchanged: 
 Data sizes:     COMMON   BANK0   BANK1   BANK3   BANK2
      Params:         0       0       0       0       0
      Locals:         0       0       0       0       0
      Temps:          0       1       0       0       0
      Totals:         0       1       0       0       0
Total ram usage:        1 bytes
 Hardware stack levels used:    1
 Hardware stack levels required when called:    5
 This function calls:
		Nothing
 This function is called by:
		_putch
		_LCD_print_char
		_clr_display
		_position
 This function uses a non-reentrant model


 *************** function _CheckMode *****************
 Defined at:
		line 324 in file "Automated Solar Panel Orientation Setter.c"
 Parameters:    Size  Location     Type
		None
 Auto vars:     Size  Location     Type
  pressedKey      1   20[BANK0 ] unsigned char 
 Return value:  Size  Location     Type
		None               void
 Registers used:
		wreg, fsr0l, fsr0h, status,2, status,0, btemp+1, pclath, cstack
 Tracked objects:
		On entry : 
		On exit  : 
		Unchanged: 
 Data sizes:     COMMON   BANK0   BANK1   BANK3   BANK2
      Params:         0       0       0       0       0
      Locals:         0       1       0       0       0
      Temps:          0       0       0       0       0
      Totals:         0       1       0       0       0
Total ram usage:        1 bytes
 Hardware stack levels used:    1
 Hardware stack levels required when called:    7
 This function calls:
		_CheckKeyPad
		_Serial_Print
		_Serial_Println_Int
		_nop
 This function is called by:
		_main
 This function uses a non-reentrant model


 *************** function _nop *****************
 Defined at:
		line 50 in file "setup.h"
 Parameters:    Size  Location     Type
		None
 Auto vars:     Size  Location     Type
		None
 Return value:  Size  Location     Type
		None               void
 Registers used:
		wreg
 Tracked objects:
		On entry : 
		On exit  : 
		Unchanged: 
 Data sizes:     COMMON   BANK0   BANK1   BANK3   BANK2
      Params:         0       0       0       0       0
      Locals:         0       0       0       0       0
      Temps:          0       0       0       0       0
      Totals:         0       0       0       0       0
Total ram usage:        0 bytes
 Hardware stack levels used:    1
 Hardware stack levels required when called:    5
 This function calls:
		Nothing
 This function is called by:
		_main
		_CheckMode
 This function uses a non-reentrant model


 *************** function _Serial_Println_Int *****************
 Defined at:
		line 58 in file "serialv2.h"
 Parameters:    Size  Location     Type
  val             2   17[BANK0 ] int 
 Auto vars:     Size  Location     Type
		None
 Return value:  Size  Location     Type
		None               void
 Registers used:
		wreg, status,2, status,0, btemp+1, pclath, cstack
 Tracked objects:
		On entry : 
		On exit  : 
		Unchanged: 
 Data sizes:     COMMON   BANK0   BANK1   BANK3   BANK2
      Params:         0       2       0       0       0
      Locals:         0       0       0       0       0
      Temps:          0       1       0       0       0
      Totals:         0       3       0       0       0
Total ram usage:        3 bytes
 Hardware stack levels used:    1
 Hardware stack levels required when called:    6
 This function calls:
		___awdiv
		___awmod
 This function is called by:
		_CheckMode
 This function uses a non-reentrant model


 *************** function ___awmod *****************
 Defined at:
		line 6 in file "C:\Program Files (x86)\Microchip\xc8\v1.34\sources\common\awmod.c"
 Parameters:    Size  Location     Type
  divisor         2    3[BANK0 ] int 
  dividend        2    5[BANK0 ] int 
 Auto vars:     Size  Location     Type
  sign            1    8[BANK0 ] unsigned char 
  counter         1    7[BANK0 ] unsigned char 
 Return value:  Size  Location     Type
                  2    3[BANK0 ] int 
 Registers used:
		wreg, status,2, status,0
 Tracked objects:
		On entry : 
		On exit  : 
		Unchanged: 
 Data sizes:     COMMON   BANK0   BANK1   BANK3   BANK2
      Params:         0       4       0       0       0
      Locals:         0       2       0       0       0
      Temps:          0       0       0       0       0
      Totals:         0       6       0       0       0
Total ram usage:        6 bytes
 Hardware stack levels used:    1
 Hardware stack levels required when called:    5
 This function calls:
		Nothing
 This function is called by:
		_Serial_Println_Int
		_Serial_Print_Int
 This function uses a non-reentrant model


 *************** function ___awdiv *****************
 Defined at:
		line 6 in file "C:\Program Files (x86)\Microchip\xc8\v1.34\sources\common\awdiv.c"
 Parameters:    Size  Location     Type
  divisor         2    9[BANK0 ] int 
  dividend        2   11[BANK0 ] int 
 Auto vars:     Size  Location     Type
  quotient        2   15[BANK0 ] int 
  sign            1   14[BANK0 ] unsigned char 
  counter         1   13[BANK0 ] unsigned char 
 Return value:  Size  Location     Type
                  2    9[BANK0 ] int 
 Registers used:
		wreg, status,2, status,0
 Tracked objects:
		On entry : 
		On exit  : 
		Unchanged: 
[...]
		On entry : 
		On exit  : 
		Unchanged: 
 Data sizes:     COMMON   BANK0   BANK1   BANK3   BANK2
      Params:         0       0       0       0       0
      Locals:         0       1       0       0       0
      Temps:          0       1       0       0       0
      Totals:         0       2       0       0       0
Total ram usage:        2 bytes
 Hardware stack levels used:    1
 Hardware stack levels required when called:    5
 This function calls:
		Nothing
 This function is called by:
		_main
		_CheckMode
 This function uses a non-reentrant model


 *************** function _CheckKeyPad *****************
 Defined at:
		line 355 in file "Automated Solar Panel Orientation Setter.c"
 Parameters:    Size  Location     Type
		None
 Auto vars:     Size  Location     Type
  rowNo           2   10[BANK0 ] int 
  colomnNo        2    8[BANK0 ] int 
  charactor       1    7[BANK0 ] unsigned char 
 Return value:  Size  Location     Type
                  1    wreg      unsigned char 
 Registers used:
		wreg, status,2, status,0, pclath, cstack
 Tracked objects:
		On entry : 
		On exit  : 
		Unchanged: 
 Data sizes:     COMMON   BANK0   BANK1   BANK3   BANK2
      Params:         0       0       0       0       0
      Locals:         0       5       0       0       0
      Temps:          0       0       0       0       0
      Totals:         0       5       0       0       0
Total ram usage:        5 bytes
 Hardware stack levels used:    1
 Hardware stack levels required when called:    6
 This function calls:
		_ColomnNo
		_RowNo
 This function is called by:
		_CheckMode
 This function uses a non-reentrant model


 *************** function _RowNo *****************
 Defined at:
		line 485 in file "Automated Solar Panel Orientation Setter.c"
 Parameters:    Size  Location     Type
		None
 Auto vars:     Size  Location     Type
  row             2    5[BANK0 ] int 
 Return value:  Size  Location     Type
                  2    3[BANK0 ] int 
 Registers used:
		wreg, status,2, status,0
 Tracked objects:
		On entry : 
		On exit  : 
		Unchanged: 
 Data sizes:     COMMON   BANK0   BANK1   BANK3   BANK2
      Params:         0       2       0       0       0
      Locals:         0       2       0       0       0
      Temps:          0       0       0       0       0
      Totals:         0       4       0       0       0
Total ram usage:        4 bytes
 Hardware stack levels used:    1
 Hardware stack levels required when called:    5
 This function calls:
		Nothing
 This function is called by:
		_CheckKeyPad
 This function uses a non-reentrant model


 *************** function _ColomnNo *****************
 Defined at:
		line 392 in file "Automated Solar Panel Orientation Setter.c"
 Parameters:    Size  Location     Type
  rowNo           2    3[BANK0 ] int 
 Auto vars:     Size  Location     Type
		None
 Return value:  Size  Location     Type
                  2    3[BANK0 ] int 
 Registers used:
		wreg, status,2, status,0
 Tracked objects:
		On entry : 
		On exit  : 
		Unchanged: 
 Data sizes:     COMMON   BANK0   BANK1   BANK3   BANK2
      Params:         0       2       0       0       0
      Locals:         0       0       0       0       0
      Temps:          0       0       0       0       0
      Totals:         0       2       0       0       0
Total ram usage:        2 bytes
 Hardware stack levels used:    1
 Hardware stack levels required when called:    5
 This function calls:
		Nothing
 This function is called by:
		_CheckKeyPad
 This function uses a non-reentrant model


 *************** function _Calculate *****************
 Defined at:
		line 559 in file "Automated Solar Panel Orientation Setter.c"
 Parameters:    Size  Location     Type
		None
 Auto vars:     Size  Location     Type
		None
 Return value:  Size  Location     Type
		None               void
 Registers used:
		wreg, status,2, status,0, pclath, cstack
 Tracked objects:
		On entry : 
		On exit  : 
		Unchanged: 
 Data sizes:     COMMON   BANK0   BANK1   BANK3   BANK2
      Params:         0       0       0       0       0
      Locals:         0       0       0       0       0
      Temps:          0       2       0       0       0
      Totals:         0       2       0       0       0
Total ram usage:        2 bytes
 Hardware stack levels used:    1
 Hardware stack levels required when called:    6
 This function calls:
		_RotateMotorLeft
		_RotateMotorRight
 This function is called by:
		_main
 This function uses a non-reentrant model


 *************** function _RotateMotorRight *****************
 Defined at:
		line 533 in file "Automated Solar Panel Orientation Setter.c"
 Parameters:    Size  Location     Type
  value           2    3[BANK0 ] int 
 Auto vars:     Size  Location     Type
  i               2    7[BANK0 ] int 
 Return value:  Size  Location     Type
		None               void
 Registers used:
		wreg, status,2, status,0
 Tracked objects:
		On entry : 
		On exit  : 
		Unchanged: 
 Data sizes:     COMMON   BANK0   BANK1   BANK3   BANK2
      Params:         0       2       0       0       0
      Locals:         0       2       0       0       0
      Temps:          0       2       0       0       0
      Totals:         0       6       0       0       0
Total ram usage:        6 bytes
 Hardware stack levels used:    1
 Hardware stack levels required when called:    5
 This function calls:
		Nothing
 This function is called by:
		_Calculate
 This function uses a non-reentrant model


 *************** function _RotateMotorLeft *****************
 Defined at:
		line 516 in file "Automated Solar Panel Orientation Setter.c"
 Parameters:    Size  Location     Type
  value           2    3[BANK0 ] int 
 Auto vars:     Size  Location     Type
  i               2    7[BANK0 ] int 
 Return value:  Size  Location     Type
		None               void
 Registers used:
		wreg, status,2, status,0
 Tracked objects:
		On entry : 
		On exit  : 
		Unchanged: 
 Data sizes:     COMMON   BANK0   BANK1   BANK3   BANK2
      Params:         0       2       0       0       0
      Locals:         0       2       0       0       0
      Temps:          0       2       0       0       0
      Totals:         0       6       0       0       0
Total ram usage:        6 bytes
 Hardware stack levels used:    1
 Hardware stack levels required when called:    5
 This function calls:
		Nothing
 This function is called by:
		_Calculate
 This function uses a non-reentrant model


 *************** function _isr *****************
 Defined at:
		line 578 in file "Automated Solar Panel Orientation Setter.c"
 Parameters:    Size  Location     Type
		None
 Auto vars:     Size  Location     Type
		None
 Return value:  Size  Location     Type
		None               void
 Registers used:
		wreg, fsr0l, fsr0h, status,2, status,0, pclath, cstack
 Tracked objects:
		On entry : 
		On exit  : 
		Unchanged: 
 Data sizes:     COMMON   BANK0   BANK1   BANK3   BANK2
      Params:         0       0       0       0       0
      Locals:         0       0       0       0       0
      Temps:          0       3       0       0       0
      Totals:         0       3       0       0       0
Total ram usage:        3 bytes
 Hardware stack levels used:    1
 Hardware stack levels required when called:    4
 This function calls:
		i1_LCDTimeUpdate
		i1_LCD_print_char
		i1___lwmod
 This function is called by:
		Interrupt level 1
 This function uses a non-reentrant model


 *************** function i1_LCDTimeUpdate *****************
 Defined at:
		line 734 in file "Automated Solar Panel Orientation Setter.c"
 Parameters:    Size  Location     Type
		None
 Auto vars:     Size  Location     Type
		None
 Return value:  Size  Location     Type
		None               void
 Registers used:
		wreg, status,2, status,0, pclath, cstack
 Tracked objects:
		On entry : 
		On exit  : 
		Unchanged: 
 Data sizes:     COMMON   BANK0   BANK1   BANK3   BANK2
      Params:         0       0       0       0       0
      Locals:         0       0       0       0       0
      Temps:          0       0       0       0       0
      Totals:         0       0       0       0       0
Total ram usage:        0 bytes
 Hardware stack levels used:    1
 Hardware stack levels required when called:    3
 This function calls:
		i1_LCD_print_char
		i1___lwdiv
		i1___lwmod
 This function is called by:
		_isr
 This function uses a non-reentrant model


 *************** function i1___lwmod *****************
 Defined at:
		line 6 in file "C:\Program Files (x86)\Microchip\xc8\v1.34\sources\common\lwmod.c"
 Parameters:    Size  Location     Type
  divisor         2    0[COMMON] unsigned int 
  dividend        2    2[COMMON] unsigned int 
 Auto vars:     Size  Location     Type
  __lwmod         1    4[COMMON] unsigned char 
 Return value:  Size  Location     Type
                  2    0[COMMON] unsigned int 
 Registers used:
		wreg, status,2, status,0
 Tracked objects:
		On entry : 
		On exit  : 
		Unchanged: 
 Data sizes:     COMMON   BANK0   BANK1   BANK3   BANK2
      Params:         4       0       0       0       0
      Locals:         1       0       0       0       0
      Temps:          0       0       0       0       0
      Totals:         5       0       0       0       0
Total ram usage:        5 bytes
 Hardware stack levels used:    1
 This function calls:
		Nothing
 This function is called by:
		_isr
		i1_LCDTimeUpdate
 This function uses a non-reentrant model


 *************** function i1___lwdiv *****************
 Defined at:
		line 6 in file "C:\Program Files (x86)\Microchip\xc8\v1.34\sources\common\lwdiv.c"
 Parameters:    Size  Location     Type
  divisor         2    0[COMMON] unsigned int 
  dividend        2    2[COMMON] unsigned int 
 Auto vars:     Size  Location     Type
  __lwdiv         2    4[COMMON] unsigned int 
  __lwdiv         1    6[COMMON] unsigned char 
 Return value:  Size  Location     Type
                  2    0[COMMON] unsigned int 
 Registers used:
		wreg, status,2, status,0
 Tracked objects:
		On entry : 
		On exit  : 
		Unchanged: 
 Data sizes:     COMMON   BANK0   BANK1   BANK3   BANK2
      Params:         4       0       0       0       0
      Locals:         3       0       0       0       0
      Temps:          0       0       0       0       0
      Totals:         7       0       0       0       0
Total ram usage:        7 bytes
 Hardware stack levels used:    1
 This function calls:
		Nothing
 This function is called by:
		i1_LCDTimeUpdate
 This function uses a non-reentrant model


 *************** function i1_LCD_print_char *****************
 Defined at:
		line 174 in file "lcdv2.h"
 Parameters:    Size  Location     Type
  row             2    7[COMMON] int 
  column          2    9[COMMON] int 
  print_value     1   11[COMMON] unsigned char 
 Auto vars:     Size  Location     Type
		None
 Return value:  Size  Location     Type
		None               void
 Registers used:
		wreg, status,2, status,0, pclath, cstack
 Tracked objects:
		On entry : 
		On exit  : 
		Unchanged: 
 Data sizes:     COMMON   BANK0   BANK1   BANK3   BANK2
      Params:         5       0       0       0       0
      Locals:         0       0       0       0       0
      Temps:          1       0       0       0       0
      Totals:         6       0       0       0       0
Total ram usage:        6 bytes
 Hardware stack levels used:    1
 Hardware stack levels required when called:    2
 This function calls:
		i1_lcd_add
		i1_position
 This function is called by:
		_isr
		i1_LCDTimeUpdate
 This function uses a non-reentrant model


 *************** function i1_position *****************
 Defined at:
		line 208 in file "lcdv2.h"
 Parameters:    Size  Location     Type
  row             1    wreg     unsigned char 
  collum          1    1[COMMON] unsigned char 
 Auto vars:     Size  Location     Type
  row             1    5[COMMON] unsigned char 
  position        1    4[COMMON] unsigned char 
 Return value:  Size  Location     Type
		None               void
 Registers used:
		wreg, status,2, status,0, pclath, cstack
 Tracked objects:
		On entry : 
		On exit  : 
		Unchanged: 
 Data sizes:     COMMON   BANK0   BANK1   BANK3   BANK2
      Params:         1       0       0       0       0
      Locals:         2       0       0       0       0
      Temps:          2       0       0       0       0
      Totals:         5       0       0       0       0
Total ram usage:        5 bytes
 Hardware stack levels used:    1
 Hardware stack levels required when called:    1
 This function calls:
		i1_lcd_add
 This function is called by:
		i1_LCD_print_char
 This function uses a non-reentrant model


 *************** function i1_lcd_add *****************
 Defined at:
		line 224 in file "lcdv2.h"
 Parameters:    Size  Location     Type
		None
 Auto vars:     Size  Location     Type
		None
 Return value:  Size  Location     Type
		None               void
 Registers used:
		wreg, status,2, status,0
 Tracked objects:
		On entry : 
		On exit  : 
		Unchanged: 
 Data sizes:     COMMON   BANK0   BANK1   BANK3   BANK2
      Params:         0       0       0       0       0
      Locals:         0       0       0       0       0
      Temps:          1       0       0       0       0
      Totals:         1       0       0       0       0
Total ram usage:        1 bytes
 Hardware stack levels used:    1
 This function calls:
		Nothing
 This function is called by:
		i1_LCD_print_char
		i1_position
 This function uses a non-reentrant model



MODULE INFORMATION

Module		Function		Class		Link	Load	Size
lcdv2.h
		_position      		CODE           	06F0	0000	41
		_putch         		CODE           	0597	0000	24
		_LCD_print_char		CODE           	021A	0000	29
		_lcd_add       		CODE           	05E6	0000	192
		_lcd_init      		CODE           	0967	0000	75
		_clr_display   		CODE           	0108	0000	29

lcdv2.h estimated size: 390

interrupts.h
		_enableInterrup		CODE           	1D30	0000	18

interrupts.h estimated size: 18

C:\Program Files (x86)\Microchip\xc8\v1.34\sources\common\float.c
		___ftpack      		CODE           	1008	0000	67

C:\Program Files (x86)\Microchip\xc8\v1.34\sources\common\float.c estimated size: 67

C:\Program Files (x86)\Microchip\xc8\v1.34\sources\common\lwmod.c
		___lwmod       		CODE           	06A5	0000	37

C:\Program Files (x86)\Microchip\xc8\v1.34\sources\common\lwmod.c estimated size: 37

C:\Program Files (x86)\Microchip\xc8\v1.34\sources\common\awmod.c
		___awmod       		CODE           	1796	0000	62

C:\Program Files (x86)\Microchip\xc8\v1.34\sources\common\awmod.c estimated size: 62

C:\Program Files (x86)\Microchip\xc8\v1.34\sources\common\ltmod.c
		___ltmod       		CODE           	1DAF	0000	50

C:\Program Files (x86)\Microchip\xc8\v1.34\sources\common\ltmod.c estimated size: 50

C:\Program Files (x86)\Microchip\xc8\v1.34\sources\common\ftmul.c
		___ftmul       		CODE           	0718	0000	126

C:\Program Files (x86)\Microchip\xc8\v1.34\sources\common\ftmul.c estimated size: 126

a2d.h
		_atod_init     		CODE           	1D1C	0000	7
		_read_a2d_value		CODE           	0199	0000	38

a2d.h estimated size: 45

C:\Program Files (x86)\Microchip\xc8\v1.34\sources\common\isdigit.c
		_isdigit       		CODE           	05D8	0000	15

C:\Program Files (x86)\Microchip\xc8\v1.34\sources\common\isdigit.c estimated size: 15

C:\Program Files (x86)\Microchip\xc8\v1.34\sources\common\lwtoft.c
		___lwtoft      		CODE           	0795	0000	19

C:\Program Files (x86)\Microchip\xc8\v1.34\sources\common\lwtoft.c estimated size: 19

shared
		PL12           		CODE           	07BF	0000	12
		PL8            		CODE           	07B6	0000	10
		PL22           		CODE           	07D4	0000	9
		PL32           		CODE           	1EE4	0000	8
		PL14           		CODE           	17DC	0000	12
		i1_LCDTimeUpdat		CODE           	10C9	0000	94
		PL24           		CODE           	07DC	0000	10
		__stringtab    		STRING         	0800	0000	7
		PL34           		CODE           	1EEB	0000	8
		PL16           		CODE           	17E7	0000	9
		PL26           		CODE           	17F8	0000	9
		PL36           		CODE           	1EF2	0000	8
		i1___lwdiv     		CODE           	1164	0000	43
		_dpowers       		STRING         	0812	0000	11
		PL18           		CODE           	07CA	0000	11
		PL28           		CODE           	1EDD	0000	8
		i1_LCD_print_ch		CODE           	1126	0000	27
		PL38           		CODE           	1EF9	0000	8
		i1___lwmod     		CODE           	1140	0000	37
		i1_lcd_add     		CODE           	118E	0000	192
		__initializatio		CODE           	07EB	0000	18
		_octpowers     		STRING         	0806	0000	13
		_hexpowers     		STRING         	081C	0000	9
		i1_position    		CODE           	124D	0000	39
		PL2            		CODE           	09B1	0000	21
		PL10           		CODE           	09C5	0000	7
		PL4            		CODE           	17D3	0000	10
		PL20           		CODE           	17EF	0000	10
		PL30           		CODE           	0960	0000	8
		PL6            		CODE           	07A7	0000	16
		PL40           		CODE           	07E5	0000	7

shared estimated size: 691

C:\Program Files (x86)\Microchip\xc8\v1.34\sources\pic\eewrite.c
		_eeprom_write  		CODE           	1D90	0000	32

C:\Program Files (x86)\Microchip\xc8\v1.34\sources\pic\eewrite.c estimated size: 32

C:\Program Files (x86)\Microchip\xc8\v1.34\sources\common\lwdiv.c
		___lwdiv       		CODE           	05AE	0000	43

C:\Program Files (x86)\Microchip\xc8\v1.34\sources\common\lwdiv.c estimated size: 43

C:\Program Files (x86)\Microchip\xc8\v1.34\sources\common\awdiv.c
		___awdiv       		CODE           	1751	0000	70

C:\Program Files (x86)\Microchip\xc8\v1.34\sources\common\awdiv.c estimated size: 70

C:\Program Files (x86)\Microchip\xc8\v1.34\sources\pic\eeread.c
		_eeprom_read   		CODE           	08E9	0000	29

C:\Program Files (x86)\Microchip\xc8\v1.34\sources\pic\eeread.c estimated size: 29

setup.h
		_nop           		CODE           	1301	0000	6
		_Setup_IOports 		CODE           	1D5A	0000	27

setup.h estimated size: 33

Automated Solar Panel Orientation Setter.c
		_Calculate     		CODE           	1E19	0000	55
		_CheckMode     		CODE           	1273	0000	143
		_RowNo         		CODE           	148D	0000	26
		_main          		CODE           	0013	0000	1835
		_RotateMotorRig		CODE           	1E96	0000	72
		_isr           		CODE           	104A	0000	128
		_CheckKeyPad   		CODE           	1306	0000	252
		_ColomnNo      		CODE           	1401	0000	141
		_LCDTimeUpdate 		CODE           	01BE	0000	93
		_a2d_read      		CODE           	0124	0000	118
		_RotateMotorLef		CODE           	1E4F	0000	72

Automated Solar Panel Orientation Setter.c estimated size: 2935

C:\Program Files (x86)\Microchip\xc8\v1.34\sources\common\Umul8.c
		___bmul        		CODE           	06E2	0000	15

C:\Program Files (x86)\Microchip\xc8\v1.34\sources\common\Umul8.c estimated size: 15

C:\Program Files (x86)\Microchip\xc8\v1.34\sources\common\doprnt.c
		_printf        		CODE           	0236	0000	866

C:\Program Files (x86)\Microchip\xc8\v1.34\sources\common\doprnt.c estimated size: 866

C:\Program Files (x86)\Microchip\xc8\v1.34\sources\common\fttol.c
		___fttol       		CODE           	0905	0000	92

C:\Program Files (x86)\Microchip\xc8\v1.34\sources\common\fttol.c estimated size: 92

C:\Program Files (x86)\Microchip\xc8\v1.34\sources\common\ltdiv.c
		___ltdiv       		CODE           	1DE0	0000	58

C:\Program Files (x86)\Microchip\xc8\v1.34\sources\common\ltdiv.c estimated size: 58

timer1.h
		_Timer1_Init   		CODE           	1D22	0000	15

timer1.h estimated size: 15

C:\Program Files (x86)\Microchip\xc8\v1.34\sources\common\Umul16.c
		___wmul        		CODE           	06C9	0000	26

C:\Program Files (x86)\Microchip\xc8\v1.34\sources\common\Umul16.c estimated size: 26

serialv2.h
		_Serial_Init   		CODE           	1D74	0000	29
		_Serial_Print  		CODE           	14A6	0000	32
		_Serial_Print_I		CODE           	14C5	0000	285
		_Serial_NewLine		CODE           	1D41	0000	26
		_Serial_Println		CODE           	15E1	0000	369

serialv2.h estimated size: 741

