Microchip MPLAB XC8 Compiler V1.34 ()

Linker command line:

-W-3 --edf=C:\Program Files (x86)\Microchip\xc8\v1.34\dat\en_msgs.txt -cs \
  -h+dist/default/debug\ASPRS.debug.sym \
  --cmf=dist/default/debug\ASPRS.debug.cmf -z -Q16F877A \
  -oC:\Users\CHATHU~1\AppData\Local\Temp\s260.6 \
  -Mdist/default/debug/ASPRS.debug.map -E1 -ver=XC8 -ASTACK=0110h-016fh \
  -pstack=STACK -ACODE=00h-07FFhx3,01800h-01EFFh -ASTRCODE=00h-01EFFh \
  -ASTRING=00h-0FFhx31 -ACONST=00h-0FFhx31 -AENTRY=00h-0FFhx31 \
  -ACOMMON=071h-07Fh -ABANK0=020h-06Fh -ABANK1=0A0h-0EFh \
  -ABANK2=0110h-016Fh -ABANK3=0190h-01E4h \
  -ARAM=020h-06Fh,0A0h-0EFh,0110h-016Fh,0190h-01E4h \
  -AABS1=020h-07Fh,0A0h-0EFh,0110h-016Fh,0190h-01EFh -ASFR0=00h-01Fh \
  -ASFR1=080h-09Fh -ASFR2=0100h-010Fh -ASFR3=0180h-018Fh \
  -preset_vec=00h,intentry=04h,init,end_init -ppowerup=CODE -pcinit=CODE \
  -pfunctab=CODE -ACONFIG=02007h-02007h -pconfig=CONFIG -DCONFIG=2 \
  -AIDLOC=02000h-02003h -pidloc=IDLOC -DIDLOC=2 -AEEDATA=00h-0FFh/02100h \
  -peeprom_data=EEDATA -DEEDATA=2 -DCODE=2 -DSTRCODE=2 -DSTRING=2 -DCONST=2 \
  -DENTRY=2 -k C:\Users\CHATHU~1\AppData\Local\Temp\s260.obj \
  dist/default/debug\ASPRS.debug.obj 

Object code version is 3.11

Machine type is 16F877A



                Name                               Link     Load   Length Selector   Space Scale
C:\Users\CHATHU~1\AppData\Local\Temp\s260.obj
                end_init                             10       10        3        8       0
                reset_vec                             0        0        4        0       0
                config                             2007     2007        1     400E       0
dist/default/debug\ASPRS.debug.obj
                cinit                               7EA      7EA       16      FD4       0
                intentry                              4        4        C        8       0
                maintext_split_3                    1DA      1DA      610      3B4       0
                maintext_split_2                   1D02     1D02      1FE     3A04       0
                maintext_split_1                   156C     156C      294     2AD8       0
                text44                             1307     1307      265     260E       0
                text41                             1BFF     1BFF      103     37FE       0
                text32                              80F      80F      254     101E       0
                text25                             10C0     10C0       1C     2180       0
                text24                             1AE3     1AE3       19     35C6       0
                text22                             1AFC     1AFC       1A     35F8       0
                text21                             1AC4     1AC4        E     3588       0
                text20                              800      800        F      FD4       0
                text17                              A63      A63      59D     14C6       0
                text16                             1B62     1B62       39     36C4       0
                text15                             1B31     1B31       31     3662       0
                text8                                14       14        6       28       0
                text6                              1B16     1B16       1B     362C       0
                text5                                1A       1A       20       34       0
                text4                              1AD2     1AD2       11     35A4       0
                text3                              1B9B     1B9B       64     3736       0
                text1                              10DC     10DC      22B     21B8       0
                maintext                             3A       3A      1A0       74       0
                cstackBANK0                          20       20       31       20       1
                cstackCOMMON                         71       71        D       71       1
                cstackBANK1                          CB       CB       17       A0       1
                clrtext                            10B8     10B8        8     2170       0
                dataBANK1                            E2       E2        1       A0       1
                bssBANK1                             A0       A0       2B       A0       1
                bssBANK0                             53       53        6       20       1
                bitbssBANK0                         288       51        D       20       1     8
                strings                            1000     1000       B6     2000       0

TOTAL           Name                               Link     Load   Length     Space
        CLASS   STACK          

        CLASS   CODE           
                end_init                             10       10        3         0
                cinit                               7EA      7EA       16         0
                intentry                              4        4        C         0
                reset_vec                             0        0        4         0
                maintext_split_3                    1DA      1DA      610         0
                maintext_split_2                   1D02     1D02      1FE         0
                maintext_split_1                   156C     156C      294         0
                text44                             1307     1307      265         0
                text41                             1BFF     1BFF      103         0
                text32                              80F      80F      254         0
                text25                             10C0     10C0       1C         0
                text24                             1AE3     1AE3       19         0
                text22                             1AFC     1AFC       1A         0
                text21                             1AC4     1AC4        E         0
                text20                              800      800        F         0
                text17                              A63      A63      59D         0
                text16                             1B62     1B62       39         0
                text15                             1B31     1B31       31         0
                text8                                14       14        6         0
                text6                              1B16     1B16       1B         0
                text5                                1A       1A       20         0
                text4                              1AD2     1AD2       11         0
                text3                              1B9B     1B9B       64         0
                text1                              10DC     10DC      22B         0
                maintext                             3A       3A      1A0         0
                clrtext                            10B8     10B8        8         0

        CLASS   STRCODE        

        CLASS   STRING         
                strings                            1000     1000       B6         0

        CLASS   CONST          

        CLASS   ENTRY          

        CLASS   COMMON         
                cstackCOMMON                         71       71        D         1

        CLASS   BANK0          
                cstackBANK0                          20       20       31         1
                bssBANK0                             53       53        6         1
                bitbssBANK0                         288       51        D         1

        CLASS   BANK1          
                cstackBANK1                          CB       CB       17         1
                dataBANK1                            E2       E2        1         1
                bssBANK1                             A0       A0       2B         1

        CLASS   BANK2          

        CLASS   BANK3          

        CLASS   RAM            

        CLASS   ABS1           
                abs_s1                               7E       7E        2         1

        CLASS   SFR0           

        CLASS   SFR1           

        CLASS   SFR2           

        CLASS   SFR3           

        CLASS   CONFIG         
                config                             2007     2007        1         0

        CLASS   IDLOC          

        CLASS   EEDATA         



SEGMENTS        Name                           Load    Length   Top    Selector   Space  Class     Delta

                reset_vec                      000000  000004  000004         0       0  CODE        2
                intentry                       000004  00000F  000013         8       0  CODE        2
                cstackBANK0                    000020  000039  000059        20       1  BANK0       1
                text8                          000014  000006  00001A        28       0  CODE        2
                text5                          00001A  000020  00003A        34       0  CODE        2
                cstackCOMMON                   000071  00000D  00007E        71       1  COMMON      1
                maintext                       00003A  0001A0  0001DA        74       0  CODE        2
                bssBANK1                       0000A0  000043  0000E3        A0       1  BANK1       1
                maintext_split_3               0001DA  000610  0007EA       3B4       0  CODE        2
                cinit                          0007EA  000025  00080F       FD4       0  CODE        2
                text32                         00080F  000254  000A63      101E       0  CODE        2
                text17                         000A63  00059D  001000      14C6       0  CODE        2
                strings                        001000  0000B6  0010B6      2000       0  STRING      2
                clrtext                        0010B8  000008  0010C0      2170       0  CODE        2
                text25                         0010C0  00001C  0010DC      2180       0  CODE        2
                text1                          0010DC  00022B  001307      21B8       0  CODE        2
                text44                         001307  000265  00156C      260E       0  CODE        2
                maintext_split_1               00156C  000294  001800      2AD8       0  CODE        2
                text21                         001AC4  00000E  001AD2      3588       0  CODE        2
                text4                          001AD2  000011  001AE3      35A4       0  CODE        2
                text24                         001AE3  000019  001AFC      35C6       0  CODE        2
                text22                         001AFC  00001A  001B16      35F8       0  CODE        2
                text6                          001B16  00001B  001B31      362C       0  CODE        2
                text15                         001B31  000031  001B62      3662       0  CODE        2
                text16                         001B62  000039  001B9B      36C4       0  CODE        2
                text3                          001B9B  000064  001BFF      3736       0  CODE        2
                text41                         001BFF  000103  001D02      37FE       0  CODE        2
                maintext_split_2               001D02  0001FE  001F00      3A04       0  CODE        2
                config                         002007  000001  002008      400E       0  CONFIG      2


UNUSED ADDRESS RANGES

        Name                Unused          Largest block    Delta
        BANK0            000059-00006F               17           1
        BANK1            0000E3-0000EF                D           1
        BANK2            000110-00016F               60           1
        BANK3            000190-0001E4               55           1
        CODE             000013-000013                1           2
                         0010B6-0010B7                2
                         001800-001AC3              2C4
        CONST            000013-000013                1           2
                         0010B6-0010B7                2
                         001800-001AC3              100
        EEDATA           002100-0021FF              100           2
        ENTRY            000013-000013                1           2
                         0010B6-0010B7                2
                         001800-001AC3              100
        IDLOC            002000-002003                4           2
        RAM              000059-00006F               17           1
                         0000E3-0000EF                D
                         000110-00016F               60
                         000190-0001E4               55
        SFR0             000000-00001F               20           1
        SFR1             000080-00009F               20           1
        SFR2             000100-00010F               10           1
        SFR3             000180-00018F               10           1
        STACK            000110-00016F               60           1
        STRCODE          000013-000013                1           2
                         0010B6-0010B7                2
                         001800-001AC3              2C4
        STRING           000013-000013                1           2
                         0010B6-0010B7                2
                         001800-001AC3              100

                                  Symbol Table

?_ColomnNo                   cstackBANK0      000025
?_RowNo                      cstackBANK0      000025
?___awdiv                    cstackBANK0      00002B
?___awmod                    cstackBANK0      000025
?___ftdiv                    cstackBANK0      000030
?___ftmul                    cstackBANK0      000032
?___ftpack                   cstackBANK0      000025
?___fttol                    cstackBANK0      000041
?___lbtoft                   cstackBANK0      00002D
?___ltdiv                    cstackBANK0      000025
?___ltmod                    cstackBANK0      000025
?___lwdiv                    cstackBANK0      000025
?___lwmod                    cstackBANK0      000025
?___lwtoft                   cstackBANK0      00002D
?___wmul                     cstackBANK0      000025
?_printf                     cstackCOMMON     000071
?_read_a2d_value             cstackBANK0      000025
?i1___lwdiv                  cstackCOMMON     000071
?i1___lwmod                  cstackCOMMON     000071
CheckKeyPad@charactor        cstackBANK0      000029
CheckKeyPad@colomnNo         cstackBANK0      00002A
CheckKeyPad@rowNo            cstackBANK0      00002C
CheckMode@pressedKey         cstackBANK0      000036
ColomnNo@rowNo               cstackBANK0      000025
LCD_print_char@column        cstackBANK0      000035
LCD_print_char@print_value   cstackBANK0      000037
LCD_print_char@row           cstackBANK0      000033
PL10                         text17           000FAB
PL12                         text17           000FB6
PL14                         text17           000FBE
PL16                         text17           000FC6
PL18                         text17           000FD0
PL2                          text3            001BE5
PL20                         text17           000FD9
PL22                         text17           000FE2
PL24                         text17           000FEA
PL26                         text41           001CDF
PL28                         text17           000FF2
PL30                         text17           000FF9
PL32                         text41           001CE6
PL34                         text41           001CED
PL36                         text41           001CF4
PL38                         text41           001CFB
PL4                          text17           000F99
PL6                          text17           000FA2
PL8                          text3            001BF9
RotateMotorLeft@value        cstackBANK0      000025
RotateMotorRight@i           cstackBANK0      000029
RotateMotorRight@value       cstackBANK0      000025
RowNo@row                    cstackBANK0      000027
Serial_Print@a               cstackBANK0      000026
Serial_Print_Int@val         cstackBANK0      000033
Serial_Println_Int@val       cstackBANK0      000033
_ADCON0                      (abs)            00001F
_ADCON1                      (abs)            00009F
_ADDEN                       (abs)            0000C3
_ADIE                        (abs)            000466
_ADON                        (abs)            0000F8
_ADRESH                      (abs)            00001E
_ADRESL                      (abs)            00009E
_BCLIE                       (abs)            00046B
_BRGH                        (abs)            0004C2
_BlinkDet                    bitbssBANK0      000288
_CARRY                       (abs)            000018
_CCP1IE                      (abs)            000462
_CCP2IE                      (abs)            000468
_CREN                        (abs)            0000C4
_C_Bat                       bssBANK1         0000C7
_Calculate                   text41           001BFF
_CheckKeyPad                 text32           0008A4
_CheckMode                   text32           00080F
_ColomnNo                    text32           00099F
_EEADR                       (abs)            00010D
_EECON1                      (abs)            00018C
_EECON2                      (abs)            00018D
_EEDATA                      (abs)            00010C
_EEIE                        (abs)            00046C
_FERR                        (abs)            0000C2
_GIE                         (abs)            00005F
_GO                          (abs)            0000FA
_INTE                        (abs)            00005C
_LCDTimeUpdate               text1            001123
_LCD_print_char              text1            0011B6
_Nop                         bitbssBANK0      000289
_OERR                        (abs)            0000C1
_PEIE                        (abs)            00005E
_PORTA                       (abs)            000005
_PORTB                       (abs)            000006
_PORTC                       (abs)            000007
_PORTD                       (abs)            000008
_PORTE                       (abs)            000009
_PSPIE                       (abs)            000467
_RA4                         (abs)            00002C
_RB2                         (abs)            000032
_RB3                         (abs)            000033
_RB4                         (abs)            000034
_RB5                         (abs)            000035
_RBIE                        (abs)            00005B
_RC0                         (abs)            000038
_RC1                         (abs)            000039
_RC2                         (abs)            00003A
_RC3                         (abs)            00003B
_RC4                         (abs)            00003C
_RC5                         (abs)            00003D
_RCIE                        (abs)            000465
_RCIF                        (abs)            000065
_RCREG                       (abs)            00001A
_RD                          (abs)            000C60
_RD0                         (abs)            000040
_RD1                         (abs)            000041
_RD2                         (abs)            000042
_RD3                         (abs)            000043
_RD4                         (abs)            000044
_RD5                         (abs)            000045
_RD6                         (abs)            000046
_RD7                         (abs)            000047
_RX9                         (abs)            0000C6
_RotateMotorLeft             text41           001C43
_RotateMotorRight            text41           001C8F
_RowNo                       text32           000A2B
_SPBRG                       (abs)            000099
_SPEN                        (abs)            0000C7
_SSPIE                       (abs)            000463
_SYNC                        (abs)            0004C4
_Serial_Init                 text25           0010C0
_Serial_NewLine              text24           001AE3
_Serial_Print                text32           000A44
_Serial_Print_Int            text17           000CCF
_Serial_Println_Int          text17           000DE8
_Setup_IOports               text22           001AFC
_T0IE                        (abs)            00005D
_T1CKPS0                     (abs)            000084
_T1CKPS1                     (abs)            000085
_T1OSCEN                     (abs)            000083
_TMR1CS                      (abs)            000081
_TMR1H                       (abs)            00000F
_TMR1IE                      (abs)            000460
_TMR1IF                      (abs)            000060
_TMR1L                       (abs)            00000E
_TMR1ON                      (abs)            000080
_TMR2IE                      (abs)            000461
_TRISA                       (abs)            000085
_TRISB                       (abs)            000086
_TRISC                       (abs)            000087
_TRISD                       (abs)            000088
_TRISE                       (abs)            000089
_TX9                         (abs)            0004C6
_TXEN                        (abs)            0004C5
_TXIE                        (abs)            000464
_TXIF                        (abs)            000064
_TXREG                       (abs)            000019
_TimeBlink_on                bitbssBANK0      00028A
_Timer1_Init                 text21           001AC4
_V_Bat                       bssBANK1         0000C9
_V_Bat2                      bssBANK1         0000B4
_WR                          (abs)            000C61
_WREN                        (abs)            000C62
__CFG_BOREN$OFF              (abs)            000000
__CFG_CP$OFF                 (abs)            000000
__CFG_CPD$OFF                (abs)            000000
__CFG_FOSC$HS                (abs)            000000
__CFG_LVP$OFF                (abs)            000000
__CFG_PWRTE$OFF              (abs)            000000
__CFG_WDTE$OFF               (abs)            000000
__CFG_WRT$OFF                (abs)            000000
__Habs1                      abs1             000000
__Hbank0                     bank0            000000
__Hbank1                     bank1            000000
__Hbank2                     bank2            000000
__Hbank3                     bank3            000000
__HbitbssBANK0               bitbssBANK0      000000
__HbssBANK0                  bssBANK0         000000
__HbssBANK1                  bssBANK1         000000
__Hcinit                     cinit            000800
__Hclrtext                   clrtext          000000
__Hcode                      code             000000
__Hcommon                    common           000000
__Hconfig                    config           002008
__HcstackBANK0               cstackBANK0      000000
__HcstackBANK1               cstackBANK1      000000
__HcstackCOMMON              cstackCOMMON     000000
__HdataBANK1                 dataBANK1        000000
__Heeprom_data               eeprom_data      000000
__Hend_init                  end_init         000013
__Hfunctab                   functab          000000
__HidataBANK1                idataBANK1       000000
__Hidloc                     idloc            000000
__Hinit                      init             000010
__Hintentry                  intentry         000010
__Hmaintext                  maintext         000000
__Hmaintext_split_1          maintext_split_1 000000
__Hmaintext_split_2          maintext_split_2 000000
__Hmaintext_split_3          maintext_split_3 000000
__Hpa_nodes                  pa_nodes         000000
__Hpowerup                   powerup          000000
__Hram                       ram              000000
__Hreset_vec                 reset_vec        000004
__Hsfr0                      sfr0             000000
__Hsfr1                      sfr1             000000
__Hsfr2                      sfr2             000000
__Hsfr3                      sfr3             000000
__Hspace_0                   (abs)            002008
__Hspace_1                   (abs)            000295
__Hspace_2                   (abs)            000000
__Hspace_3                   (abs)            000000
__Hstack                     stack            000000
__Hstrings                   strings          000000
__Htext                      text             000000
__Labs1                      abs1             000000
__Lbank0                     bank0            000000
__Lbank1                     bank1            000000
__Lbank2                     bank2            000000
__Lbank3                     bank3            000000
__LbitbssBANK0               bitbssBANK0      000000
__LbssBANK0                  bssBANK0         000000
__LbssBANK1                  bssBANK1         000000
__Lcinit                     cinit            0007EA
__Lclrtext                   clrtext          000000
__Lcode                      code             000000
__Lcommon                    common           000000
__Lconfig                    config           002007
__LcstackBANK0               cstackBANK0      000000
__LcstackBANK1               cstackBANK1      000000
__LcstackCOMMON              cstackCOMMON     000000
__LdataBANK1                 dataBANK1        000000
__Leeprom_data               eeprom_data      000000
__Lend_init                  end_init         000010
__Lfunctab                   functab          000000
__LidataBANK1                idataBANK1       000000
__Lidloc                     idloc            000000
__Linit                      init             000010
__Lintentry                  intentry         000004
__Lmaintext                  maintext         000000
__Lmaintext_split_1          maintext_split_1 000000
__Lmaintext_split_2          maintext_split_2 000000
__Lmaintext_split_3          maintext_split_3 000000
__Lpa_nodes                  pa_nodes         000000
__Lpowerup                   powerup          000000
__Lram                       ram              000000
__Lreset_vec                 reset_vec        000000
__Lsfr0                      sfr0             000000
__Lsfr1                      sfr1             000000
__Lsfr2                      sfr2             000000
__Lsfr3                      sfr3             000000
__Lspace_0                   (abs)            000000
__Lspace_1                   (abs)            000000
__Lspace_2                   (abs)            000000
__Lspace_3                   (abs)            000000
__Lstack                     stack            000000
__Lstrings                   strings          000000
__Ltext                      text             000000
__S0                         (abs)            002008
__S1                         (abs)            0000E3
__S2                         (abs)            000000
__S3                         (abs)            000000
___awdiv                     text17           000F17
___awdiv@counter             cstackBANK0      00002F
___awdiv@dividend            cstackBANK0      00002D
___awdiv@divisor             cstackBANK0      00002B
___awdiv@quotient            cstackBANK0      000031
___awdiv@sign                cstackBANK0      000030
___awmod                     text17           000F5C
___awmod@counter             cstackBANK0      000029
___awmod@dividend            cstackBANK0      000027
___awmod@divisor             cstackBANK0      000025
___awmod@sign                cstackBANK0      00002A
___bmul                      text20           000800
___bmul@multiplicand         cstackBANK0      000025
___bmul@multiplier           cstackBANK0      000027
___bmul@product              cstackBANK0      000026
___ftdiv                     text17           000A73
___ftdiv@cntr                cstackBANK0      000039
___ftdiv@exp                 cstackBANK0      00003D
___ftdiv@f1                  cstackBANK0      000033
___ftdiv@f2                  cstackBANK0      000030
___ftdiv@f3                  cstackBANK0      00003A
___ftdiv@sign                cstackBANK0      00003E
___ftmul                     text17           000BA7
___ftmul@cntr                cstackBANK0      00003F
___ftmul@exp                 cstackBANK0      00003B
___ftmul@f1                  cstackBANK0      000032
___ftmul@f2                  cstackBANK0      000035
___ftmul@f3_as_product       cstackBANK0      00003C
___ftmul@sign                cstackBANK0      000040
___ftpack                    text17           000C8D
___ftpack@arg                cstackBANK0      000025
___ftpack@exp                cstackBANK0      000028
___ftpack@sign               cstackBANK0      000029
___fttol                     text17           000C22
___fttol@exp1                cstackBANK0      00004D
___fttol@f1                  cstackBANK0      000041
___fttol@lval                cstackBANK0      000049
___fttol@sign1               cstackBANK0      000048
___int_sp                    stack            000000
___latbits                   (abs)            000002
___lbtoft                    text17           000A63
___lbtoft@c                  cstackBANK0      000031
___ltdiv                     text16           001B62
___ltdiv@counter             cstackBANK0      00002E
___ltdiv@dividend            cstackBANK0      000028
___ltdiv@divisor             cstackBANK0      000025
___ltdiv@quotient            cstackBANK0      00002B
___ltmod                     text15           001B31
___ltmod@counter             cstackBANK0      00002B
___ltmod@dividend            cstackBANK0      000028
___ltmod@divisor             cstackBANK0      000025
___lwdiv                     text1            0011D2
___lwdiv@counter             cstackBANK0      000029
___lwdiv@dividend            cstackBANK0      000027
___lwdiv@divisor             cstackBANK0      000025
___lwdiv@quotient            cstackBANK0      00002A
___lwmod                     text1            0011FC
___lwmod@counter             cstackBANK0      000029
___lwmod@dividend            cstackBANK0      000027
___lwmod@divisor             cstackBANK0      000025
___lwtoft                    text17           000C7D
___lwtoft@c                  cstackBANK0      00002D
___sp                        stack            000000
___wmul                      text17           000B8E
___wmul@multiplicand         cstackBANK0      000027
___wmul@multiplier           cstackBANK0      000025
___wmul@product              cstackBANK0      000029
__end_ofPL10                 text17           000FB6
__end_ofPL12                 text17           000FBE
__end_ofPL14                 text17           000FC6
__end_ofPL16                 text17           000FD0
__end_ofPL18                 text17           000FD9
__end_ofPL2                  text3            001BF9
__end_ofPL20                 text17           000FE2
__end_ofPL22                 text17           000FEA
__end_ofPL24                 text17           000FF2
__end_ofPL26                 text41           001CE6
__end_ofPL28                 text17           000FF9
__end_ofPL30                 text17           001000
__end_ofPL32                 text41           001CED
__end_ofPL34                 text41           001CF4
__end_ofPL36                 text41           001CFB
__end_ofPL38                 text41           001D02
__end_ofPL4                  text17           000FA2
__end_ofPL6                  text17           000FAB
__end_ofPL8                  text3            001BFF
__end_of_Calculate           text41           001C43
__end_of_CheckKeyPad         text32           00099F
__end_of_CheckMode           text32           00089F
__end_of_ColomnNo            text32           000A2B
__end_of_LCDTimeUpdate       text1            0011B6
__end_of_LCD_print_char      text1            0011D2
__end_of_RotateMotorLeft     text41           001C8F
__end_of_RotateMotorRight    text41           001CDF
__end_of_RowNo               text32           000A44
__end_of_Serial_Init         text25           0010DC
__end_of_Serial_NewLine      text24           001AFC
__end_of_Serial_Print        text32           000A63
__end_of_Serial_Print_Int    text17           000DE8
__end_of_Serial_Println_Int  text17           000F17
__end_of_Setup_IOports       text22           001B16
__end_of_Timer1_Init         text21           001AD2
__end_of___awdiv             text17           000F5C
__end_of___awmod             text17           000F99
__end_of___bmul              text20           00080F
__end_of___ftdiv             text17           000ADB
__end_of___ftmul             text17           000C22
__end_of___ftpack            text17           000CCF
__end_of___fttol             text17           000C7D
__end_of___lbtoft            text17           000A73
__end_of___ltdiv             text16           001B9B
__end_of___ltmod             text15           001B62
__end_of___lwdiv             text1            0011FC
__end_of___lwmod             text1            001220
__end_of___lwtoft            text17           000C8D
__end_of___wmul              text17           000BA7
__end_of__initialization     cinit            0007FC
__end_of__stringtab          strings          001006
__end_of_a2d_read            text17           000B68
__end_of_atod_init           text8            00001A
__end_of_clr_display         text1            001123
__end_of_eeprom_read         text6            001B31
__end_of_eeprom_write        text5            00003A
__end_of_enableInterrupt     text4            001AE3
__end_of_isr                 text44           001391
__end_of_lcd_add             text1            0012DF
__end_of_lcd_init            text3            001BE5
__end_of_main                maintext_split_3 0007CF
__end_of_nop                 text32           0008A4
__end_of_position            text1            001307
__end_of_printf              text1            0010F2
__end_of_putch               text1            001107
__end_of_read_a2d_value      text17           000B8E
__end_ofi1_LCDTimeUpdate     text44           00141E
__end_ofi1_LCD_print_char    text44           001438
__end_ofi1___lwdiv           text44           001462
__end_ofi1___lwmod           text44           001486
__end_ofi1_lcd_add           text44           001545
__end_ofi1_position          text44           00156C
__initialization             cinit            0007EA
__pbitbssBANK0               bitbssBANK0      000288
__pbssBANK0                  bssBANK0         000053
__pbssBANK1                  bssBANK1         0000A0
__pcstackBANK0               cstackBANK0      000020
__pcstackBANK1               cstackBANK1      0000CB
__pcstackCOMMON              cstackCOMMON     000071
__pdataBANK1                 dataBANK1        0000E2
__pidataBANK1                idataBANK1       000000
__pintentry                  intentry         000004
__pmaintext                  maintext         00003A
__pstrings                   strings          001000
__ptext1                     text1            0010DC
__ptext10                    text17           000B68
__ptext11                    text17           000B8E
__ptext12                    text17           000C7D
__ptext13                    text17           000C22
__ptext14                    text17           000BA7
__ptext15                    text15           001B31
__ptext16                    text16           001B62
__ptext17                    text17           000A63
__ptext18                    text17           000A73
__ptext19                    text17           000C8D
__ptext2                     text1            0010F2
__ptext20                    text20           000800
__ptext21                    text21           001AC4
__ptext22                    text22           001AFC
__ptext23                    text17           000CCF
__ptext24                    text24           001AE3
__ptext25                    text25           0010C0
__ptext26                    text1            001123
__ptext27                    text1            0011FC
__ptext28                    text1            0011D2
__ptext29                    text1            0011B6
__ptext3                     text3            001B9B
__ptext30                    text1            0012DF
__ptext31                    text1            001220
__ptext32                    text32           00080F
__ptext33                    text32           00089F
__ptext34                    text17           000DE8
__ptext35                    text17           000F5C
__ptext36                    text17           000F17
__ptext37                    text32           000A44
__ptext38                    text32           0008A4
__ptext39                    text32           000A2B
__ptext4                     text4            001AD2
__ptext40                    text32           00099F
__ptext41                    text41           001BFF
__ptext42                    text41           001C8F
__ptext43                    text41           001C43
__ptext44                    text44           001307
__ptext45                    text44           001391
__ptext46                    text44           001462
__ptext47                    text44           001438
__ptext48                    text44           00141E
__ptext49                    text44           001545
__ptext5                     text5            00001A
__ptext50                    text44           001486
__ptext6                     text6            001B16
__ptext7                     text1            001107
__ptext8                     text8            000014
__ptext9                     text17           000ADB
__size_of_Calculate          (abs)            000000
__size_of_CheckKeyPad        (abs)            000000
__size_of_CheckMode          (abs)            000000
__size_of_ColomnNo           (abs)            000000
__size_of_LCDTimeUpdate      (abs)            000000
__size_of_LCD_print_char     (abs)            000000
__size_of_RotateMotorLeft    (abs)            000000
__size_of_RotateMotorRight   (abs)            000000
__size_of_RowNo              (abs)            000000
__size_of_Serial_Init        (abs)            000000
__size_of_Serial_NewLine     (abs)            000000
__size_of_Serial_Print       (abs)            000000
__size_of_Serial_Print_Int   (abs)            000000
__size_of_Serial_Println_Int (abs)            000000
__size_of_Setup_IOports      (abs)            000000
__size_of_Timer1_Init        (abs)            000000
__size_of___awdiv            (abs)            000000
__size_of___awmod            (abs)            000000
__size_of___bmul             (abs)            000000
__size_of___ftdiv            (abs)            000000
__size_of___ftmul            (abs)            000000
__size_of___ftpack           (abs)            000000
__size_of___fttol            (abs)            000000
__size_of___lbtoft           (abs)            000000
__size_of___ltdiv            (abs)            000000
__size_of___ltmod            (abs)            000000
__size_of___lwdiv            (abs)            000000
__size_of___lwmod            (abs)            000000
__size_of___lwtoft           (abs)            000000
__size_of___wmul             (abs)            000000
__size_of_a2d_read           (abs)            000000
__size_of_atod_init          (abs)            000000
__size_of_clr_display        (abs)            000000
__size_of_eeprom_read        (abs)            000000
__size_of_eeprom_write       (abs)            000000
__size_of_enableInterrupt    (abs)            000000
__size_of_isr                (abs)            000000
__size_of_lcd_add            (abs)            000000
__size_of_lcd_init           (abs)            000000
__size_of_main               (abs)            000000
__size_of_nop                (abs)            000000
__size_of_position           (abs)            000000
__size_of_printf             (abs)            000000
__size_of_putch              (abs)            000000
__size_of_read_a2d_value     (abs)            000000
__size_ofi1_LCDTimeUpdate    (abs)            000000
__size_ofi1_LCD_print_char   (abs)            000000
__size_ofi1___lwdiv          (abs)            000000
__size_ofi1___lwmod          (abs)            000000
__size_ofi1_lcd_add          (abs)            000000
__size_ofi1_position         (abs)            000000
__stringbase                 strings          001005
__stringtab                  strings          001000
_a2d_read                    text17           000ADB
_angleChanged                bitbssBANK0      00028B
_angleCount                  bssBANK1         0000B7
_atod_init                   text8            000014
_bit0                        bitbssBANK0      00028C
_bit1                        bitbssBANK0      00028D
_bit2                        bitbssBANK0      00028E
_bit3                        bitbssBANK0      00028F
_bit4                        bitbssBANK0      000290
_bit5                        bitbssBANK0      000291
_bit6                        bitbssBANK0      000292
_bit7                        bitbssBANK0      000293
_buffer                      bssBANK1         0000A0
_clr_display                 text1            001107
_currentMode                 bssBANK1         0000B9
_eeprom_read                 text6            001B16
_eeprom_write                text5            00001A
_enableInterrupt             text4            001AD2
_hour                        bssBANK0         000053
_i                           dataBANK1        0000E2
_isr                         text44           001307
_j                           bssBANK1         0000C5
_lcd_add                     text1            001220
_lcd_data                    bssBANK0         000057
_lcd_init                    text3            001B9B
_ldr1                        bssBANK1         0000BB
_ldr2                        bssBANK0         000055
_main                        maintext         00003A
_main$814                    cstackBANK1      0000DB
_minute                      bssBANK1         0000BD
_msecond                     bssBANK1         0000BF
_nop                         text32           00089F
_position                    text1            0012DF
_printf                      text1            0010DC
_putch                       text1            0010F2
_read_a2d_value              text17           000B68
_second                      bssBANK1         0000C1
_state                       bssBANK0         000058
_sterpper_counts             bssBANK1         0000C3
_timeChanged                 bitbssBANK0      000294
_x                           bssBANK1         0000C6
btemp                        (abs)            00007E
clear_ram0                   clrtext          0010B8
eeprom_read@addr             cstackBANK0      000025
eeprom_write@addr            cstackBANK0      000029
eeprom_write@value           cstackBANK0      000028
end_of_initialization        cinit            0007FC
i1LCD_print_char@column      cstackCOMMON     00007A
i1LCD_print_char@print_value cstackCOMMON     00007C
i1LCD_print_char@row         cstackCOMMON     000078
i1_LCDTimeUpdate             text44           001391
i1_LCD_print_char            text44           00141E
i1___lwdiv                   text44           001438
i1___lwdiv@counter           cstackCOMMON     000077
i1___lwdiv@dividend          cstackCOMMON     000073
i1___lwdiv@divisor           cstackCOMMON     000071
i1___lwdiv@quotient          cstackCOMMON     000075
i1___lwmod                   text44           001462
i1___lwmod@counter           cstackCOMMON     000075
i1___lwmod@dividend          cstackCOMMON     000073
i1___lwmod@divisor           cstackCOMMON     000071
i1_lcd_add                   text44           001486
i1_position                  text44           001545
i1position@collum            cstackCOMMON     000072
i1position@post              cstackCOMMON     000075
i1position@row               cstackCOMMON     000076
interrupt_function           intentry         000004
intlevel0                    functab          000000
intlevel1                    functab          000000
intlevel2                    functab          000000
intlevel3                    functab          000000
intlevel4                    functab          000000
intlevel5                    functab          000000
lcd_init@DelayLCD            cstackBANK0      000025
ltemp                        (abs)            00007E
ltemp0                       (abs)            00007E
ltemp1                       (abs)            000082
ltemp2                       (abs)            000086
ltemp3                       (abs)            000080
main@angle                   cstackBANK1      0000D7
main@angle_display           cstackBANK1      0000DF
main@angle_old               cstackBANK1      0000DD
main@newTimeHr               cstackBANK1      0000D0
main@newTimeMin              cstackBANK1      0000D2
main@pressedKey              cstackBANK1      0000E1
main@stepsto_turn            cstackBANK1      0000CE
main@tmp                     cstackBANK1      0000D9
main@tmp_angle_display       cstackBANK1      0000D4
main@tmp_stepsto_turn        cstackBANK1      0000CB
pnum$maintext                (abs)            00000D
pnum$maintext_split_1        (abs)            000042
pnum$maintext_split_2        (abs)            000043
pnum$maintext_split_3        (abs)            000044
position@collum              cstackBANK0      000026
position@post                cstackBANK0      000029
position@row                 cstackBANK0      00002A
printf@c                     cstackBANK0      000028
printf@f                     cstackBANK0      000029
psplit$0                     (abs)            0D0042
psplit$1                     (abs)            420043
psplit$2                     (abs)            430044
putch@print_value            cstackBANK0      000027
read_a2d_value@a2d_value     cstackBANK0      000029
read_a2d_value@channel       cstackBANK0      000028
reset_vec                    reset_vec        000000
saved_w                      (abs)            00007E
stackhi                      (abs)            000000
stacklo                      (abs)            000000
start                        init             000010
start_initialization         cinit            0007EA
ttemp                        (abs)            00007E
ttemp0                       (abs)            00007E
ttemp1                       (abs)            000081
ttemp2                       (abs)            000084
ttemp3                       (abs)            000087
ttemp4                       (abs)            00007F
wtemp                        (abs)            00007E
wtemp0                       (abs)            00007E
wtemp1                       (abs)            000080
wtemp2                       (abs)            000082
wtemp3                       (abs)            000084
wtemp4                       (abs)            000086
wtemp5                       (abs)            000088
wtemp6                       (abs)            00007F


FUNCTION INFORMATION:

 *************** function _main *****************
 Defined at:
		line 79 in file "Automated Solar Panel Orientation Setter.c"
 Parameters:    Size  Location     Type
		None
 Auto vars:     Size  Location     Type
  tmp_stepsto_    3    0[BANK1 ] PTR const unsigned char 
  stepsto_turn    2    3[BANK1 ] int 
  tmp_angle_di    3    9[BANK1 ] int 
  angle_displa    2   20[BANK1 ] int 
  angle_old       2   18[BANK1 ] int 
  angle           2   12[BANK1 ] int 
  newTimeMin      2    7[BANK1 ] int 
  newTimeHr       2    5[BANK1 ] int 
  tmp             2   14[BANK1 ] int 
  pressedKey      1   22[BANK1 ] unsigned char 
 Return value:  Size  Location     Type
		None               void
 Registers used:
		wreg, fsr0l, fsr0h, status,2, status,0, btemp+1, pclath, cstack
 Tracked objects:
		On entry : 
		On exit  : 
		Unchanged: 
 Data sizes:     COMMON   BANK0   BANK1   BANK3   BANK2
      Params:         0       0       0       0       0
      Locals:         0       0      23       0       0
      Temps:          0       3       0       0       0
      Totals:         0       3      23       0       0
Total ram usage:       26 bytes
 Hardware stack levels required when called:    9
 This function calls:
		_Calculate
		_CheckKeyPad
		_CheckMode
		_LCDTimeUpdate
		_LCD_print_char
		_RotateMotorLeft
		_RotateMotorRight
		_Serial_Init
		_Serial_NewLine
		_Serial_Print
		_Serial_Print_Int
		_Serial_Println_Int
		_Setup_IOports
		_Timer1_Init
		___awdiv
		___awmod
		___bmul
		___ftdiv
		___ftmul
		___fttol
		___lbtoft
		___ltdiv
		___ltmod
		___lwtoft
		___wmul
		_a2d_read
		_atod_init
		_clr_display
		_eeprom_read
		_eeprom_write
		_enableInterrupt
		_lcd_init
		_nop
		_position
		_printf
 This function is called by:
		Startup code after reset
 This function uses a non-reentrant model


 *************** function _printf *****************
 Defined at:
		line 464 in file "C:\Program Files (x86)\Microchip\xc8\v1.34\sources\common\doprnt.c"
 Parameters:    Size  Location     Type
  f               1    wreg     PTR const unsigned char 
		 -> STR_24(17), STR_23(17), STR_18(17), STR_17(17), 
		 -> STR_12(17), STR_11(17), STR_6(17), STR_5(17), 
		 -> STR_4(17), STR_3(17), STR_2(17), STR_1(17), 
 Auto vars:     Size  Location     Type
  f               1    9[BANK0 ] PTR const unsigned char 
		 -> STR_24(17), STR_23(17), STR_18(17), STR_17(17), 
		 -> STR_12(17), STR_11(17), STR_6(17), STR_5(17), 
		 -> STR_4(17), STR_3(17), STR_2(17), STR_1(17), 
  tmpval          4    0        struct .
  cp              2    0        PTR const unsigned char 
  len             2    0        unsigned int 
  val             2    0        unsigned int 
  c               1    8[BANK0 ] char 
  flag            1    0        unsigned char 
  prec            1    0        char 
  ap              1    0        PTR void [1]
		 -> ?_printf(2), 
 Return value:  Size  Location     Type
                  2  130[None  ] int 
 Registers used:
		wreg, fsr0l, fsr0h, status,2, status,0, pclath, cstack
 Tracked objects:
		On entry : 
		On exit  : 
		Unchanged: 
 Data sizes:     COMMON   BANK0   BANK1   BANK3   BANK2
      Params:         0       0       0       0       0
      Locals:         0       2       0       0       0
      Temps:          0       0       0       0       0
      Totals:         0       2       0       0       0
Total ram usage:        2 bytes
 Hardware stack levels used:    1
 Hardware stack levels required when called:    7
 This function calls:
		_putch
 This function is called by:
		_main
 This function uses a non-reentrant model


 *************** function _putch *****************
 Defined at:
		line 166 in file "lcdv2.h"
 Parameters:    Size  Location     Type
  print_value     1    wreg     unsigned char 
 Auto vars:     Size  Location     Type
  print_value     1    7[BANK0 ] unsigned char 
 Return value:  Size  Location     Type
		None               void
 Registers used:
		wreg, status,2, status,0, pclath, cstack
 Tracked objects:
		On entry : 
		On exit  : 
		Unchanged: 
 Data sizes:     COMMON   BANK0   BANK1   BANK3   BANK2
      Params:         0       0       0       0       0
      Locals:         0       1       0       0       0
      Temps:          0       1       0       0       0
      Totals:         0       2       0       0       0
Total ram usage:        2 bytes
 Hardware stack levels used:    1
 Hardware stack levels required when called:    6
 This function calls:
		_lcd_add
 This function is called by:
		_printf
 This function uses a non-reentrant model


 *************** function _lcd_init *****************
 Defined at:
		line 60 in file "lcdv2.h"
 Parameters:    Size  Location     Type
		None
 Auto vars:     Size  Location     Type
  DelayLCD        2    5[BANK0 ] unsigned int 
 Return value:  Size  Location     Type
		None               void
 Registers used:
		wreg, status,2, status,0
 Tracked objects:
		On entry : 
		On exit  : 
		Unchanged: 
 Data sizes:     COMMON   BANK0   BANK1   BANK3   BANK2
      Params:         0       0       0       0       0
      Locals:         0       2       0       0       0
      Temps:          0       0       0       0       0
      Totals:         0       2       0       0       0
Total ram usage:        2 bytes
 Hardware stack levels used:    1
 Hardware stack levels required when called:    5
 This function calls:
		Nothing
 This function is called by:
		_main
 This function uses a non-reentrant model


 *************** function _enableInterrupt *****************
 Defined at:
		line 7 in file "interrupts.h"
 Parameters:    Size  Location     Type
		None
 Auto vars:     Size  Location     Type
		None
 Return value:  Size  Location     Type
		None               void
 Registers used:
		None
 Tracked objects:
		On entry : 
		On exit  : 
		Unchanged: 
 Data sizes:     COMMON   BANK0   BANK1   BANK3   BANK2
      Params:         0       0       0       0       0
      Locals:         0       0       0       0       0
      Temps:          0       0       0       0       0
      Totals:         0       0       0       0       0
Total ram usage:        0 bytes
 Hardware stack levels used:    1
 Hardware stack levels required when called:    5
 This function calls:
		Nothing
 This function is called by:
		_main
 This function uses a non-reentrant model


 *************** function _eeprom_write *****************
 Defined at:
		line 6 in file "C:\Program Files (x86)\Microchip\xc8\v1.34\sources\pic\eewrite.c"
 Parameters:    Size  Location     Type
  addr            1    wreg     unsigned char 
  value           1    8[BANK0 ] unsigned char 
 Auto vars:     Size  Location     Type
  addr            1    9[BANK0 ] unsigned char 
 Return value:  Size  Location     Type
		None               void
 Registers used:
		wreg, status,2, status,0
 Tracked objects:
		On entry : 
		On exit  : 
		Unchanged: 
 Data sizes:     COMMON   BANK0   BANK1   BANK3   BANK2
      Params:         0       1       0       0       0
      Locals:         0       1       0       0       0
      Temps:          0       0       0       0       0
      Totals:         0       2       0       0       0
Total ram usage:        2 bytes
 Hardware stack levels used:    1
 Hardware stack levels required when called:    5
 This function calls:
		Nothing
 This function is called by:
		_main
 This function uses a non-reentrant model


 *************** function _eeprom_read *****************
 Defined at:
		line 6 in file "C:\Program Files (x86)\Microchip\xc8\v1.34\sources\pic\eeread.c"
 Parameters:    Size  Location     Type
  addr            1    wreg     unsigned char 
 Auto vars:     Size  Location     Type
  addr            1    5[BANK0 ] unsigned char 
 Return value:  Size  Location     Type
                  1    wreg      unsigned char 
 Registers used:
		wreg, status,2, status,0
 Tracked objects:
		On entry : 
		On exit  : 
		Unchanged: 
 Data sizes:     COMMON   BANK0   BANK1   BANK3   BANK2
      Params:         0       0       0       0       0
      Locals:         0       1       0       0       0
      Temps:          0       0       0       0       0
      Totals:         0       1       0       0       0
Total ram usage:        1 bytes
 Hardware stack levels used:    1
 Hardware stack levels required when called:    5
 This function calls:
		Nothing
 This function is called by:
		_main
 This function uses a non-reentrant model


 *************** function _clr_display *****************
 Defined at:
		line 183 in file "lcdv2.h"
 Parameters:    Size  Location     Type
		None
 Auto vars:     Size  Location     Type
		None
 Return value:  Size  Location     Type
		None               void
 Registers used:
		wreg, status,2, status,0, pclath, cstack
 Tracked objects:
		On entry : 
		On exit  : 
		Unchanged: 
 Data sizes:     COMMON   BANK0   BANK1   BANK3   BANK2
      Params:         0       0       0       0       0
      Locals:         0       0       0       0       0
      Temps:          0       2       0       0       0
      Totals:         0       2       0       0       0
Total ram usage:        2 bytes
 Hardware stack levels used:    1
 Hardware stack levels required when called:    6
 This function calls:
		_lcd_add
 This function is called by:
		_main
 This function uses a non-reentrant model


 *************** function _atod_init *****************
 Defined at:
		line 8 in file "a2d.h"
 Parameters:    Size  Location     Type
		None
 Auto vars:     Size  Location     Type
		None
 Return value:  Size  Location     Type
		None               void
 Registers used:
		wreg
 Tracked objects:
		On entry : 
		On exit  : 
		Unchanged: 
 Data sizes:     COMMON   BANK0   BANK1   BANK3   BANK2
      Params:         0       0       0       0       0
      Locals:         0       0       0       0       0
      Temps:          0       0       0       0       0
      Totals:         0       0       0       0       0
Total ram usage:        0 bytes
 Hardware stack levels used:    1
 Hardware stack levels required when called:    5
 This function calls:
		Nothing
 This function is called by:
		_main
 This function uses a non-reentrant model


 *************** function _a2d_read *****************
 Defined at:
		line 778 in file "Automated Solar Panel Orientation Setter.c"
 Parameters:    Size  Location     Type
		None
 Auto vars:     Size  Location     Type
		None
 Return value:  Size  Location     Type
		None               void
 Registers used:
		wreg, status,2, status,0, pclath, cstack
 Tracked objects:
		On entry : 
		On exit  : 
		Unchanged: 
 Data sizes:     COMMON   BANK0   BANK1   BANK3   BANK2
      Params:         0       0       0       0       0
      Locals:         0       0       0       0       0
      Temps:          0       0       0       0       0
      Totals:         0       0       0       0       0
Total ram usage:        0 bytes
 Hardware stack levels used:    1
 Hardware stack levels required when called:    7
 This function calls:
		___awdiv
		___ftmul
		___fttol
		___lwtoft
		___wmul
		_read_a2d_value
 This function is called by:
		_main
 This function uses a non-reentrant model


 *************** function _read_a2d_value *****************
 Defined at:
		line 13 in file "a2d.h"
 Parameters:    Size  Location     Type
  channel         1    wreg     unsigned char 
 Auto vars:     Size  Location     Type
  channel         1    8[BANK0 ] unsigned char 
  a2d_value       2    9[BANK0 ] unsigned int 
 Return value:  Size  Location     Type
                  2    5[BANK0 ] unsigned int 
 Registers used:
		wreg, status,2, status,0
 Tracked objects:
		On entry : 
		On exit  : 
		Unchanged: 
 Data sizes:     COMMON   BANK0   BANK1   BANK3   BANK2
      Params:         0       2       0       0       0
      Locals:         0       3       0       0       0
      Temps:          0       1       0       0       0
      Totals:         0       6       0       0       0
Total ram usage:        6 bytes
 Hardware stack levels used:    1
 Hardware stack levels required when called:    5
 This function calls:
		Nothing
 This function is called by:
		_a2d_read
 This function uses a non-reentrant model


 *************** function ___wmul *****************
 Defined at:
		line 15 in file "C:\Program Files (x86)\Microchip\xc8\v1.34\sources\common\Umul16.c"
 Parameters:    Size  Location     Type
  multiplier      2    5[BANK0 ] unsigned int 
  multiplicand    2    7[BANK0 ] unsigned int 
 Auto vars:     Size  Location     Type
  product         2    9[BANK0 ] unsigned int 
 Return value:  Size  Location     Type
                  2    5[BANK0 ] unsigned int 
 Registers used:
		wreg, status,2, status,0
 Tracked objects:
		On entry : 
		On exit  : 
		Unchanged: 
 Data sizes:     COMMON   BANK0   BANK1   BANK3   BANK2
      Params:         0       4       0       0       0
      Locals:         0       2       0       0       0
      Temps:          0       0       0       0       0
      Totals:         0       6       0       0       0
Total ram usage:        6 bytes
 Hardware stack levels used:    1
 Hardware stack levels required when called:    5
 This function calls:
		Nothing
 This function is called by:
		_main
		_a2d_read
 This function uses a non-reentrant model


 *************** function ___lwtoft *****************
 Defined at:
		line 28 in file "C:\Program Files (x86)\Microchip\xc8\v1.34\sources\common\lwtoft.c"
 Parameters:    Size  Location     Type
  c               2   13[BANK0 ] unsigned int 
 Auto vars:     Size  Location     Type
		None
 Return value:  Size  Location     Type
                  3   13[BANK0 ] float 
 Registers used:
		wreg, status,2, status,0, pclath, cstack
 Tracked objects:
		On entry : 
		On exit  : 
		Unchanged: 
 Data sizes:     COMMON   BANK0   BANK1   BANK3   BANK2
      Params:         0       3       0       0       0
      Locals:         0       0       0       0       0
      Temps:          0       0       0       0       0
      Totals:         0       3       0       0       0
Total ram usage:        3 bytes
 Hardware stack levels used:    1
 Hardware stack levels required when called:    6
 This function calls:
		___ftpack
 This function is called by:
		_main
		_a2d_read
 This function uses a non-reentrant model


 *************** function ___fttol *****************
 Defined at:
		line 44 in file "C:\Program Files (x86)\Microchip\xc8\v1.34\sources\common\fttol.c"
 Parameters:    Size  Location     Type
  f1              3   33[BANK0 ] float 
 Auto vars:     Size  Location     Type
  lval            4   41[BANK0 ] unsigned long 
  exp1            1   45[BANK0 ] unsigned char 
  sign1           1   40[BANK0 ] unsigned char 
 Return value:  Size  Location     Type
                  4   33[BANK0 ] long 
 Registers used:
		wreg, status,2, status,0
 Tracked objects:
		On entry : 
		On exit  : 
		Unchanged: 
 Data sizes:     COMMON   BANK0   BANK1   BANK3   BANK2
      Params:         0       4       0       0       0
      Locals:         0       6       0       0       0
      Temps:          0       3       0       0       0
      Totals:         0      13       0       0       0
Total ram usage:       13 bytes
 Hardware stack levels used:    1
 Hardware stack levels required when called:    5
 This function calls:
		Nothing
 This function is called by:
		_main
		_a2d_read
 This function uses a non-reentrant model


 *************** function ___ftmul *****************
 Defined at:
		line 62 in file "C:\Program Files (x86)\Microchip\xc8\v1.34\sources\common\ftmul.c"
 Parameters:    Size  Location     Type
  f1              3   18[BANK0 ] float 
  f2              3   21[BANK0 ] float 
 Auto vars:     Size  Location     Type
  f3_as_produc    3   28[BANK0 ] unsigned um
  sign            1   32[BANK0 ] unsigned char 
  cntr            1   31[BANK0 ] unsigned char 
  exp             1   27[BANK0 ] unsigned char 
 Return value:  Size  Location     Type
                  3   18[BANK0 ] float 
 Registers used:
		wreg, status,2, status,0, pclath, cstack
 Tracked objects:
		On entry : 
		On exit  : 
		Unchanged: 
 Data sizes:     COMMON   BANK0   BANK1   BANK3   BANK2
      Params:         0       6       0       0       0
      Locals:         0       6       0       0       0
      Temps:          0       3       0       0       0
      Totals:         0      15       0       0       0
Total ram usage:       15 bytes
 Hardware stack levels used:    1
 Hardware stack levels required when called:    6
 This function calls:
		___ftpack
 This function is called by:
		_main
		_a2d_read
 This function uses a non-reentrant model


 *************** function ___ltmod *****************
 Defined at:
		line 6 in file "C:\Program Files (x86)\Microchip\xc8\v1.34\sources\common\ltmod.c"
 Parameters:    Size  Location     Type
  divisor         3    5[BANK0 ] unsigned um
  dividend        3    8[BANK0 ] unsigned um
 Auto vars:     Size  Location     Type
  counter         1   11[BANK0 ] unsigned char 
 Return value:  Size  Location     Type
                  3    5[BANK0 ] unsigned um
 Registers used:
		wreg, status,2, status,0
 Tracked objects:
		On entry : 
		On exit  : 
		Unchanged: 
 Data sizes:     COMMON   BANK0   BANK1   BANK3   BANK2
      Params:         0       6       0       0       0
      Locals:         0       1       0       0       0
      Temps:          0       0       0       0       0
      Totals:         0       7       0       0       0
Total ram usage:        7 bytes
 Hardware stack levels used:    1
 Hardware stack levels required when called:    5
 This function calls:
		Nothing
 This function is called by:
		_main
 This function uses a non-reentrant model


 *************** function ___ltdiv *****************
 Defined at:
		line 6 in file "C:\Program Files (x86)\Microchip\xc8\v1.34\sources\common\ltdiv.c"
 Parameters:    Size  Location     Type
  divisor         3    5[BANK0 ] unsigned um
  dividend        3    8[BANK0 ] unsigned um
 Auto vars:     Size  Location     Type
  quotient        3   11[BANK0 ] unsigned um
  counter         1   14[BANK0 ] unsigned char 
 Return value:  Size  Location     Type
                  3    5[BANK0 ] unsigned um
 Registers used:
		wreg, status,2, status,0
 Tracked objects:
		On entry : 
		On exit  : 
		Unchanged: 
 Data sizes:     COMMON   BANK0   BANK1   BANK3   BANK2
      Params:         0       6       0       0       0
      Locals:         0       4       0       0       0
      Temps:          0       0       0       0       0
      Totals:         0      10       0       0       0
Total ram usage:       10 bytes
 Hardware stack levels used:    1
 Hardware stack levels required when called:    5
 This function calls:
		Nothing
 This function is called by:
		_main
 This function uses a non-reentrant model


 *************** function ___lbtoft *****************
 Defined at:
		line 27 in file "C:\Program Files (x86)\Microchip\xc8\v1.34\sources\common\lbtoft.c"
 Parameters:    Size  Location     Type
  c               1    wreg     unsigned char 
 Auto vars:     Size  Location     Type
  c               1   17[BANK0 ] unsigned char 
 Return value:  Size  Location     Type
                  3   13[BANK0 ] float 
 Registers used:
		wreg, status,2, status,0, pclath, cstack
 Tracked objects:
		On entry : 
		On exit  : 
		Unchanged: 
 Data sizes:     COMMON   BANK0   BANK1   BANK3   BANK2
      Params:         0       4       0       0       0
      Locals:         0       1       0       0       0
      Temps:          0       0       0       0       0
      Totals:         0       5       0       0       0
Total ram usage:        5 bytes
 Hardware stack levels used:    1
 Hardware stack levels required when called:    6
 This function calls:
		___ftpack
 This function is called by:
		_main
 This function uses a non-reentrant model


 *************** function ___ftdiv *****************
 Defined at:
		line 56 in file "C:\Program Files (x86)\Microchip\xc8\v1.34\sources\common\ftdiv.c"
 Parameters:    Size  Location     Type
  f2              3   16[BANK0 ] float 
  f1              3   19[BANK0 ] float 
 Auto vars:     Size  Location     Type
  f3              3   26[BANK0 ] float 
  sign            1   30[BANK0 ] unsigned char 
  exp             1   29[BANK0 ] unsigned char 
  cntr            1   25[BANK0 ] unsigned char 
 Return value:  Size  Location     Type
                  3   16[BANK0 ] float 
 Registers used:
		wreg, status,2, status,0, pclath, cstack
 Tracked objects:
		On entry : 
		On exit  : 
		Unchanged: 
 Data sizes:     COMMON   BANK0   BANK1   BANK3   BANK2
      Params:         0       6       0       0       0
      Locals:         0       6       0       0       0
      Temps:          0       3       0       0       0
      Totals:         0      15       0       0       0
Total ram usage:       15 bytes
 Hardware stack levels used:    1
 Hardware stack levels required when called:    6
 This function calls:
		___ftpack
 This function is called by:
		_main
 This function uses a non-reentrant model


 *************** function ___ftpack *****************
 Defined at:
		line 62 in file "C:\Program Files (x86)\Microchip\xc8\v1.34\sources\common\float.c"
 Parameters:    Size  Location     Type
  arg             3    5[BANK0 ] unsigned um
  exp             1    8[BANK0 ] unsigned char 
  sign            1    9[BANK0 ] unsigned char 
 Auto vars:     Size  Location     Type
		None
 Return value:  Size  Location     Type
                  3    5[BANK0 ] float 
 Registers used:
		wreg, status,2, status,0
 Tracked objects:
		On entry : 
		On exit  : 
		Unchanged: 
 Data sizes:     COMMON   BANK0   BANK1   BANK3   BANK2
      Params:         0       5       0       0       0
      Locals:         0       0       0       0       0
      Temps:          0       3       0       0       0
      Totals:         0       8       0       0       0
Total ram usage:        8 bytes
 Hardware stack levels used:    1
 Hardware stack levels required when called:    5
 This function calls:
		Nothing
 This function is called by:
		___ftdiv
		___ftmul
		___lbtoft
		___lwtoft
 This function uses a non-reentrant model


 *************** function ___bmul *****************
 Defined at:
		line 4 in file "C:\Program Files (x86)\Microchip\xc8\v1.34\sources\common\Umul8.c"
 Parameters:    Size  Location     Type
  multiplier      1    wreg     unsigned char 
  multiplicand    1    5[BANK0 ] unsigned char 
 Auto vars:     Size  Location     Type
  multiplier      1    7[BANK0 ] unsigned char 
  product         1    6[BANK0 ] unsigned char 
 Return value:  Size  Location     Type
                  1    wreg      unsigned char 
 Registers used:
		wreg, status,2, status,0
 Tracked objects:
		On entry : 
		On exit  : 
		Unchanged: 
 Data sizes:     COMMON   BANK0   BANK1   BANK3   BANK2
      Params:         0       1       0       0       0
      Locals:         0       2       0       0       0
      Temps:          0       0       0       0       0
      Totals:         0       3       0       0       0
Total ram usage:        3 bytes
 Hardware stack levels used:    1
 Hardware stack levels required when called:    5
 This function calls:
		Nothing
 This function is called by:
		_main
 This function uses a non-reentrant model


 *************** function _Timer1_Init *****************
 Defined at:
		line 4 in file "timer1.h"
 Parameters:    Size  Location     Type
		None
 Auto vars:     Size  Location     Type
		None
 Return value:  Size  Location     Type
		None               void
 Registers used:
		wreg
 Tracked objects:
		On entry : 
		On exit  : 
		Unchanged: 
 Data sizes:     COMMON   BANK0   BANK1   BANK3   BANK2
      Params:         0       0       0       0       0
      Locals:         0       0       0       0       0
      Temps:          0       0       0       0       0
      Totals:         0       0       0       0       0
Total ram usage:        0 bytes
 Hardware stack levels used:    1
 Hardware stack levels required when called:    5
 This function calls:
		Nothing
 This function is called by:
		_main
 This function uses a non-reentrant model


 *************** function _Setup_IOports *****************
 Defined at:
		line 56 in file "setup.h"
 Parameters:    Size  Location     Type
		None
 Auto vars:     Size  Location     Type
		None
 Return value:  Size  Location     Type
		None               void
 Registers used:
		wreg, status,2
 Tracked objects:
		On entry : 
		On exit  : 
		Unchanged: 
 Data sizes:     COMMON   BANK0   BANK1   BANK3   BANK2
      Params:         0       0       0       0       0
      Locals:         0       0       0       0       0
      Temps:          0       0       0       0       0
      Totals:         0       0       0       0       0
Total ram usage:        0 bytes
 Hardware stack levels used:    1
 Hardware stack levels required when called:    5
 This function calls:
		Nothing
 This function is called by:
		_main
 This function uses a non-reentrant model


 *************** function _Serial_Print_Int *****************
 Defined at:
		line 141 in file "serialv2.h"
 Parameters:    Size  Location     Type
  val             2   19[BANK0 ] int 
 Auto vars:     Size  Location     Type
		None
 Return value:  Size  Location     Type
		None               void
 Registers used:
		wreg, status,2, status,0, btemp+1, pclath, cstack
 Tracked objects:
		On entry : 
		On exit  : 
		Unchanged: 
 Data sizes:     COMMON   BANK0   BANK1   BANK3   BANK2
      Params:         0       2       0       0       0
      Locals:         0       0       0       0       0
      Temps:          0       1       0       0       0
      Totals:         0       3       0       0       0
Total ram usage:        3 bytes
 Hardware stack levels used:    1
 Hardware stack levels required when called:    6
 This function calls:
		___awdiv
		___awmod
 This function is called by:
		_main
 This function uses a non-reentrant model


 *************** function _Serial_NewLine *****************
 Defined at:
		line 37 in file "serialv2.h"
 Parameters:    Size  Location     Type
		None
 Auto vars:     Size  Location     Type
		None
 Return value:  Size  Location     Type
		None               void
 Registers used:
		wreg
 Tracked objects:
		On entry : 
		On exit  : 
		Unchanged: 
 Data sizes:     COMMON   BANK0   BANK1   BANK3   BANK2
      Params:         0       0       0       0       0
      Locals:         0       0       0       0       0
      Temps:          0       1       0       0       0
      Totals:         0       1       0       0       0
Total ram usage:        1 bytes
 Hardware stack levels used:    1
 Hardware stack levels required when called:    5
 This function calls:
		Nothing
 This function is called by:
		_main
 This function uses a non-reentrant model


 *************** function _Serial_Init *****************
 Defined at:
		line 10 in file "serialv2.h"
 Parameters:    Size  Location     Type
		None
 Auto vars:     Size  Location     Type
		None
 Return value:  Size  Location     Type
		None               void
 Registers used:
		wreg
 Tracked objects:
		On entry : 
		On exit  : 
		Unchanged: 
 Data sizes:     COMMON   BANK0   BANK1   BANK3   BANK2
      Params:         0       0       0       0       0
      Locals:         0       0       0       0       0
      Temps:          0       3       0       0       0
      Totals:         0       3       0       0       0
Total ram usage:        3 bytes
 Hardware stack levels used:    1
 Hardware stack levels required when called:    5
 This function calls:
		Nothing
 This function is called by:
		_main
 This function uses a non-reentrant model


 *************** function _LCDTimeUpdate *****************
 Defined at:
		line 898 in file "Automated Solar Panel Orientation Setter.c"
 Parameters:    Size  Location     Type
		None
 Auto vars:     Size  Location     Type
		None
 Return value:  Size  Location     Type
		None               void
 Registers used:
		wreg, status,2, status,0, pclath, cstack
 Tracked objects:
		On entry : 
		On exit  : 
		Unchanged: 
 Data sizes:     COMMON   BANK0   BANK1   BANK3   BANK2
      Params:         0       0       0       0       0
      Locals:         0       0       0       0       0
      Temps:          0       2       0       0       0
      Totals:         0       2       0       0       0
Total ram usage:        2 bytes
 Hardware stack levels used:    1
 Hardware stack levels required when called:    8
 This function calls:
		_LCD_print_char
		___lwdiv
		___lwmod
 This function is called by:
		_main
 This function uses a non-reentrant model


 *************** function ___lwmod *****************
 Defined at:
		line 6 in file "C:\Program Files (x86)\Microchip\xc8\v1.34\sources\common\lwmod.c"
 Parameters:    Size  Location     Type
  divisor         2    5[BANK0 ] unsigned int 
  dividend        2    7[BANK0 ] unsigned int 
 Auto vars:     Size  Location     Type
  counter         1    9[BANK0 ] unsigned char 
 Return value:  Size  Location     Type
                  2    5[BANK0 ] unsigned int 
 Registers used:
		wreg, status,2, status,0
 Tracked objects:
		On entry : 
		On exit  : 
		Unchanged: 
 Data sizes:     COMMON   BANK0   BANK1   BANK3   BANK2
      Params:         0       4       0       0       0
      Locals:         0       1       0       0       0
      Temps:          0       0       0       0       0
      Totals:         0       5       0       0       0
Total ram usage:        5 bytes
 Hardware stack levels used:    1
 Hardware stack levels required when called:    5
 This function calls:
		Nothing
 This function is called by:
		_LCDTimeUpdate
 This function uses a non-reentrant model


 *************** function ___lwdiv *****************
 Defined at:
		line 6 in file "C:\Program Files (x86)\Microchip\xc8\v1.34\sources\common\lwdiv.c"
 Parameters:    Size  Location     Type
  divisor         2    5[BANK0 ] unsigned int 
  dividend        2    7[BANK0 ] unsigned int 
 Auto vars:     Size  Location     Type
  quotient        2   10[BANK0 ] unsigned int 
  counter         1    9[BANK0 ] unsigned char 
 Return value:  Size  Location     Type
                  2    5[BANK0 ] unsigned int 
 Registers used:
		wreg, status,2, status,0
 Tracked objects:
		On entry : 
		On exit  : 
		Unchanged: 
 Data sizes:     COMMON   BANK0   BANK1   BANK3   BANK2
      Params:         0       4       0       0       0
      Locals:         0       3       0       0       0
      Temps:          0       0       0       0       0
      Totals:         0       7       0       0       0
Total ram usage:        7 bytes
 Hardware stack levels used:    1
 Hardware stack levels required when called:    5
 This function calls:
		Nothing
 This function is called by:
		_LCDTimeUpdate
 This function uses a non-reentrant model


 *************** function _LCD_print_char *****************
 Defined at:
		line 174 in file "lcdv2.h"
 Parameters:    Size  Location     Type
  row             2   19[BANK0 ] int 
  column          2   21[BANK0 ] int 
  print_value     1   23[BANK0 ] unsigned char 
 Auto vars:     Size  Location     Type
		None
 Return value:  Size  Location     Type
		None               void
 Registers used:
		wreg, status,2, status,0, pclath, cstack
 Tracked objects:
		On entry : 
		On exit  : 
		Unchanged: 
 Data sizes:     COMMON   BANK0   BANK1   BANK3   BANK2
      Params:         0       5       0       0       0
      Locals:         0       0       0       0       0
      Temps:          0       1       0       0       0
      Totals:         0       6       0       0       0
Total ram usage:        6 bytes
 Hardware stack levels used:    1
 Hardware stack levels required when called:    7
 This function calls:
		_lcd_add
		_position
 This function is called by:
		_main
		_LCDTimeUpdate
 This function uses a non-reentrant model


 *************** function _position *****************
 Defined at:
		line 210 in file "lcdv2.h"
 Parameters:    Size  Location     Type
  row             1    wreg     unsigned char 
  collum          1    6[BANK0 ] unsigned char 
 Auto vars:     Size  Location     Type
  row             1   10[BANK0 ] unsigned char 
  post            1    9[BANK0 ] unsigned char 
 Return value:  Size  Location     Type
		None               void
 Registers used:
		wreg, status,2, status,0, pclath, cstack
 Tracked objects:
		On entry : 
		On exit  : 
		Unchanged: 
 Data sizes:     COMMON   BANK0   BANK1   BANK3   BANK2
      Params:         0       1       0       0       0
      Locals:         0       2       0       0       0
      Temps:          0       2       0       0       0
      Totals:         0       5       0       0       0
Total ram usage:        5 bytes
 Hardware stack levels used:    1
 Hardware stack levels required when called:    6
 This function calls:
		_lcd_add
 This function is called by:
		_LCD_print_char
		_main
 This function uses a non-reentrant model


[...]
		On entry : 
		On exit  : 
		Unchanged: 
 Data sizes:     COMMON   BANK0   BANK1   BANK3   BANK2
      Params:         0       0       0       0       0
      Locals:         0       1       0       0       0
      Temps:          0       1       0       0       0
      Totals:         0       2       0       0       0
Total ram usage:        2 bytes
 Hardware stack levels used:    1
 Hardware stack levels required when called:    5
 This function calls:
		Nothing
 This function is called by:
		_main
		_CheckMode
 This function uses a non-reentrant model


 *************** function _CheckKeyPad *****************
 Defined at:
		line 570 in file "Automated Solar Panel Orientation Setter.c"
 Parameters:    Size  Location     Type
		None
 Auto vars:     Size  Location     Type
  rowNo           2   12[BANK0 ] int 
  colomnNo        2   10[BANK0 ] int 
  charactor       1    9[BANK0 ] unsigned char 
 Return value:  Size  Location     Type
                  1    wreg      unsigned char 
 Registers used:
		wreg, status,2, status,0, pclath, cstack
 Tracked objects:
		On entry : 
		On exit  : 
		Unchanged: 
 Data sizes:     COMMON   BANK0   BANK1   BANK3   BANK2
      Params:         0       0       0       0       0
      Locals:         0       5       0       0       0
      Temps:          0       0       0       0       0
      Totals:         0       5       0       0       0
Total ram usage:        5 bytes
 Hardware stack levels used:    1
 Hardware stack levels required when called:    6
 This function calls:
		_ColomnNo
		_RowNo
 This function is called by:
		_main
		_CheckMode
 This function uses a non-reentrant model


 *************** function _RowNo *****************
 Defined at:
		line 706 in file "Automated Solar Panel Orientation Setter.c"
 Parameters:    Size  Location     Type
		None
 Auto vars:     Size  Location     Type
  row             2    7[BANK0 ] int 
 Return value:  Size  Location     Type
                  2    5[BANK0 ] int 
 Registers used:
		wreg, status,2, status,0
 Tracked objects:
		On entry : 
		On exit  : 
		Unchanged: 
 Data sizes:     COMMON   BANK0   BANK1   BANK3   BANK2
      Params:         0       2       0       0       0
      Locals:         0       2       0       0       0
      Temps:          0       0       0       0       0
      Totals:         0       4       0       0       0
Total ram usage:        4 bytes
 Hardware stack levels used:    1
 Hardware stack levels required when called:    5
 This function calls:
		Nothing
 This function is called by:
		_CheckKeyPad
 This function uses a non-reentrant model


 *************** function _ColomnNo *****************
 Defined at:
		line 613 in file "Automated Solar Panel Orientation Setter.c"
 Parameters:    Size  Location     Type
  rowNo           2    5[BANK0 ] int 
 Auto vars:     Size  Location     Type
		None
 Return value:  Size  Location     Type
                  2    5[BANK0 ] int 
 Registers used:
		wreg, status,2, status,0
 Tracked objects:
		On entry : 
		On exit  : 
		Unchanged: 
 Data sizes:     COMMON   BANK0   BANK1   BANK3   BANK2
      Params:         0       2       0       0       0
      Locals:         0       0       0       0       0
      Temps:          0       0       0       0       0
      Totals:         0       2       0       0       0
Total ram usage:        2 bytes
 Hardware stack levels used:    1
 Hardware stack levels required when called:    5
 This function calls:
		Nothing
 This function is called by:
		_CheckKeyPad
 This function uses a non-reentrant model


 *************** function _Calculate *****************
 Defined at:
		line 788 in file "Automated Solar Panel Orientation Setter.c"
 Parameters:    Size  Location     Type
		None
 Auto vars:     Size  Location     Type
		None
 Return value:  Size  Location     Type
		None               void
 Registers used:
		wreg, status,2, status,0, pclath, cstack
 Tracked objects:
		On entry : 
		On exit  : 
		Unchanged: 
 Data sizes:     COMMON   BANK0   BANK1   BANK3   BANK2
      Params:         0       0       0       0       0
      Locals:         0       0       0       0       0
      Temps:          0       2       0       0       0
      Totals:         0       2       0       0       0
Total ram usage:        2 bytes
 Hardware stack levels used:    1
 Hardware stack levels required when called:    6
 This function calls:
		_RotateMotorLeft
		_RotateMotorRight
 This function is called by:
		_main
 This function uses a non-reentrant model


 *************** function _RotateMotorRight *****************
 Defined at:
		line 755 in file "Automated Solar Panel Orientation Setter.c"
 Parameters:    Size  Location     Type
  value           2    5[BANK0 ] int 
 Auto vars:     Size  Location     Type
  i               2    9[BANK0 ] int 
 Return value:  Size  Location     Type
		None               void
 Registers used:
		wreg, status,2, status,0
 Tracked objects:
		On entry : 
		On exit  : 
		Unchanged: 
 Data sizes:     COMMON   BANK0   BANK1   BANK3   BANK2
      Params:         0       2       0       0       0
      Locals:         0       2       0       0       0
      Temps:          0       2       0       0       0
      Totals:         0       6       0       0       0
Total ram usage:        6 bytes
 Hardware stack levels used:    1
 Hardware stack levels required when called:    5
 This function calls:
		Nothing
 This function is called by:
		_main
		_Calculate
 This function uses a non-reentrant model


 *************** function _RotateMotorLeft *****************
 Defined at:
		line 737 in file "Automated Solar Panel Orientation Setter.c"
 Parameters:    Size  Location     Type
  value           2    5[BANK0 ] int 
 Auto vars:     Size  Location     Type
		None
 Return value:  Size  Location     Type
		None               void
 Registers used:
		wreg, status,2, status,0
 Tracked objects:
		On entry : 
		On exit  : 
		Unchanged: 
 Data sizes:     COMMON   BANK0   BANK1   BANK3   BANK2
      Params:         0       2       0       0       0
      Locals:         0       0       0       0       0
      Temps:          0       2       0       0       0
      Totals:         0       4       0       0       0
Total ram usage:        4 bytes
 Hardware stack levels used:    1
 Hardware stack levels required when called:    5
 This function calls:
		Nothing
 This function is called by:
		_main
		_Calculate
 This function uses a non-reentrant model


 *************** function _isr *****************
 Defined at:
		line 807 in file "Automated Solar Panel Orientation Setter.c"
 Parameters:    Size  Location     Type
		None
 Auto vars:     Size  Location     Type
		None
 Return value:  Size  Location     Type
		None               void
 Registers used:
		wreg, fsr0l, fsr0h, status,2, status,0, pclath, cstack
 Tracked objects:
		On entry : 
		On exit  : 
		Unchanged: 
 Data sizes:     COMMON   BANK0   BANK1   BANK3   BANK2
      Params:         0       0       0       0       0
      Locals:         0       0       0       0       0
      Temps:          0       3       0       0       0
      Totals:         0       3       0       0       0
Total ram usage:        3 bytes
 Hardware stack levels used:    1
 Hardware stack levels required when called:    4
 This function calls:
		i1_LCDTimeUpdate
		i1_LCD_print_char
		i1___lwmod
 This function is called by:
		Interrupt level 1
 This function uses a non-reentrant model


 *************** function i1_LCDTimeUpdate *****************
 Defined at:
		line 898 in file "Automated Solar Panel Orientation Setter.c"
 Parameters:    Size  Location     Type
		None
 Auto vars:     Size  Location     Type
		None
 Return value:  Size  Location     Type
		None               void
 Registers used:
		wreg, status,2, status,0, pclath, cstack
 Tracked objects:
		On entry : 
		On exit  : 
		Unchanged: 
 Data sizes:     COMMON   BANK0   BANK1   BANK3   BANK2
      Params:         0       0       0       0       0
      Locals:         0       0       0       0       0
      Temps:          0       2       0       0       0
      Totals:         0       2       0       0       0
Total ram usage:        2 bytes
 Hardware stack levels used:    1
 Hardware stack levels required when called:    3
 This function calls:
		i1_LCD_print_char
		i1___lwdiv
		i1___lwmod
 This function is called by:
		_isr
 This function uses a non-reentrant model


 *************** function i1___lwmod *****************
 Defined at:
		line 6 in file "C:\Program Files (x86)\Microchip\xc8\v1.34\sources\common\lwmod.c"
 Parameters:    Size  Location     Type
  divisor         2    0[COMMON] unsigned int 
  dividend        2    2[COMMON] unsigned int 
 Auto vars:     Size  Location     Type
  __lwmod         1    4[COMMON] unsigned char 
 Return value:  Size  Location     Type
                  2    0[COMMON] unsigned int 
 Registers used:
		wreg, status,2, status,0
 Tracked objects:
		On entry : 
		On exit  : 
		Unchanged: 
 Data sizes:     COMMON   BANK0   BANK1   BANK3   BANK2
      Params:         4       0       0       0       0
      Locals:         1       0       0       0       0
      Temps:          0       0       0       0       0
      Totals:         5       0       0       0       0
Total ram usage:        5 bytes
 Hardware stack levels used:    1
 This function calls:
		Nothing
 This function is called by:
		_isr
		i1_LCDTimeUpdate
 This function uses a non-reentrant model


 *************** function i1___lwdiv *****************
 Defined at:
		line 6 in file "C:\Program Files (x86)\Microchip\xc8\v1.34\sources\common\lwdiv.c"
 Parameters:    Size  Location     Type
  divisor         2    0[COMMON] unsigned int 
  dividend        2    2[COMMON] unsigned int 
 Auto vars:     Size  Location     Type
  __lwdiv         2    4[COMMON] unsigned int 
  __lwdiv         1    6[COMMON] unsigned char 
 Return value:  Size  Location     Type
                  2    0[COMMON] unsigned int 
 Registers used:
		wreg, status,2, status,0
 Tracked objects:
		On entry : 
		On exit  : 
		Unchanged: 
 Data sizes:     COMMON   BANK0   BANK1   BANK3   BANK2
      Params:         4       0       0       0       0
      Locals:         3       0       0       0       0
      Temps:          0       0       0       0       0
      Totals:         7       0       0       0       0
Total ram usage:        7 bytes
 Hardware stack levels used:    1
 This function calls:
		Nothing
 This function is called by:
		i1_LCDTimeUpdate
 This function uses a non-reentrant model


 *************** function i1_LCD_print_char *****************
 Defined at:
		line 174 in file "lcdv2.h"
 Parameters:    Size  Location     Type
  row             2    7[COMMON] int 
  column          2    9[COMMON] int 
  print_value     1   11[COMMON] unsigned char 
 Auto vars:     Size  Location     Type
		None
 Return value:  Size  Location     Type
		None               void
 Registers used:
		wreg, status,2, status,0, pclath, cstack
 Tracked objects:
		On entry : 
		On exit  : 
		Unchanged: 
 Data sizes:     COMMON   BANK0   BANK1   BANK3   BANK2
      Params:         5       0       0       0       0
      Locals:         0       0       0       0       0
      Temps:          1       0       0       0       0
      Totals:         6       0       0       0       0
Total ram usage:        6 bytes
 Hardware stack levels used:    1
 Hardware stack levels required when called:    2
 This function calls:
		i1_lcd_add
		i1_position
 This function is called by:
		_isr
		i1_LCDTimeUpdate
 This function uses a non-reentrant model


 *************** function i1_position *****************
 Defined at:
		line 210 in file "lcdv2.h"
 Parameters:    Size  Location     Type
  row             1    wreg     unsigned char 
  collum          1    1[COMMON] unsigned char 
 Auto vars:     Size  Location     Type
  row             1    5[COMMON] unsigned char 
  position        1    4[COMMON] unsigned char 
 Return value:  Size  Location     Type
		None               void
 Registers used:
		wreg, status,2, status,0, pclath, cstack
 Tracked objects:
		On entry : 
		On exit  : 
		Unchanged: 
 Data sizes:     COMMON   BANK0   BANK1   BANK3   BANK2
      Params:         1       0       0       0       0
      Locals:         2       0       0       0       0
      Temps:          2       0       0       0       0
      Totals:         5       0       0       0       0
Total ram usage:        5 bytes
 Hardware stack levels used:    1
 Hardware stack levels required when called:    1
 This function calls:
		i1_lcd_add
 This function is called by:
		i1_LCD_print_char
 This function uses a non-reentrant model


 *************** function i1_lcd_add *****************
 Defined at:
		line 226 in file "lcdv2.h"
 Parameters:    Size  Location     Type
		None
 Auto vars:     Size  Location     Type
		None
 Return value:  Size  Location     Type
		None               void
 Registers used:
		wreg, status,2, status,0
 Tracked objects:
		On entry : 
		On exit  : 
		Unchanged: 
 Data sizes:     COMMON   BANK0   BANK1   BANK3   BANK2
      Params:         0       0       0       0       0
      Locals:         0       0       0       0       0
      Temps:          1       0       0       0       0
      Totals:         1       0       0       0       0
Total ram usage:        1 bytes
 Hardware stack levels used:    1
 This function calls:
		Nothing
 This function is called by:
		i1_LCD_print_char
		i1_position
 This function uses a non-reentrant model



MODULE INFORMATION

Module		Function		Class		Link	Load	Size
lcdv2.h
		_position      		CODE           	12DF	0000	41
		_putch         		CODE           	10F2	0000	22
		_LCD_print_char		CODE           	11B6	0000	29
		_lcd_add       		CODE           	1220	0000	192
		_lcd_init      		CODE           	1B9B	0000	75
		_clr_display   		CODE           	1107	0000	29

lcdv2.h estimated size: 388

interrupts.h
		_enableInterrup		CODE           	1AD2	0000	18

interrupts.h estimated size: 18

C:\Program Files (x86)\Microchip\xc8\v1.34\sources\common\float.c
		___ftpack      		CODE           	0C8D	0000	67

C:\Program Files (x86)\Microchip\xc8\v1.34\sources\common\float.c estimated size: 67

C:\Program Files (x86)\Microchip\xc8\v1.34\sources\common\lwmod.c
		___lwmod       		CODE           	11FC	0000	37

C:\Program Files (x86)\Microchip\xc8\v1.34\sources\common\lwmod.c estimated size: 37

C:\Program Files (x86)\Microchip\xc8\v1.34\sources\common\awmod.c
		___awmod       		CODE           	0F5C	0000	62

C:\Program Files (x86)\Microchip\xc8\v1.34\sources\common\awmod.c estimated size: 62

C:\Program Files (x86)\Microchip\xc8\v1.34\sources\common\lbtoft.c
		___lbtoft      		CODE           	0A63	0000	17

C:\Program Files (x86)\Microchip\xc8\v1.34\sources\common\lbtoft.c estimated size: 17

C:\Program Files (x86)\Microchip\xc8\v1.34\sources\common\ltmod.c
		___ltmod       		CODE           	1B31	0000	50

C:\Program Files (x86)\Microchip\xc8\v1.34\sources\common\ltmod.c estimated size: 50

C:\Program Files (x86)\Microchip\xc8\v1.34\sources\common\ftmul.c
		___ftmul       		CODE           	0BA7	0000	124

C:\Program Files (x86)\Microchip\xc8\v1.34\sources\common\ftmul.c estimated size: 124

a2d.h
		_atod_init     		CODE           	0014	0000	7
		_read_a2d_value		CODE           	0B68	0000	39

a2d.h estimated size: 46

C:\Program Files (x86)\Microchip\xc8\v1.34\sources\common\lwtoft.c
		___lwtoft      		CODE           	0C7D	0000	17

C:\Program Files (x86)\Microchip\xc8\v1.34\sources\common\lwtoft.c estimated size: 17

C:\Program Files (x86)\Microchip\xc8\v1.34\sources\common\ftdiv.c
		___ftdiv       		CODE           	0A73	0000	105

C:\Program Files (x86)\Microchip\xc8\v1.34\sources\common\ftdiv.c estimated size: 105

shared
		PL12           		CODE           	0FB6	0000	9
		PL8            		CODE           	1BF9	0000	7
		PL22           		CODE           	0FE2	0000	9
		PL32           		CODE           	1CE6	0000	8
		PL14           		CODE           	0FBE	0000	9
		i1_LCDTimeUpdat		CODE           	1391	0000	142
		PL24           		CODE           	0FEA	0000	9
		__stringtab    		STRING         	1000	0000	7
		PL34           		CODE           	1CED	0000	8
		PL16           		CODE           	0FC6	0000	11
		PL26           		CODE           	1CDF	0000	8
		PL36           		CODE           	1CF4	0000	8
		i1___lwdiv     		CODE           	1438	0000	43
		PL18           		CODE           	0FD0	0000	10
		PL28           		CODE           	0FF2	0000	8
		i1_LCD_print_ch		CODE           	141E	0000	27
		PL38           		CODE           	1CFB	0000	8
		i1___lwmod     		CODE           	1462	0000	37
		i1_lcd_add     		CODE           	1486	0000	192
		__initializatio		CODE           	07EA	0000	19
		i1_position    		CODE           	1545	0000	40
		PL2            		CODE           	1BE5	0000	21
		PL10           		CODE           	0FAB	0000	12
		PL4            		CODE           	0F99	0000	10
		PL20           		CODE           	0FD9	0000	10
		PL30           		CODE           	0FF9	0000	8
		PL6            		CODE           	0FA2	0000	10

shared estimated size: 690

C:\Program Files (x86)\Microchip\xc8\v1.34\sources\pic\eewrite.c
		_eeprom_write  		CODE           	001A	0000	33

C:\Program Files (x86)\Microchip\xc8\v1.34\sources\pic\eewrite.c estimated size: 33

C:\Program Files (x86)\Microchip\xc8\v1.34\sources\common\lwdiv.c
		___lwdiv       		CODE           	11D2	0000	43

C:\Program Files (x86)\Microchip\xc8\v1.34\sources\common\lwdiv.c estimated size: 43

C:\Program Files (x86)\Microchip\xc8\v1.34\sources\common\awdiv.c
		___awdiv       		CODE           	0F17	0000	70

C:\Program Files (x86)\Microchip\xc8\v1.34\sources\common\awdiv.c estimated size: 70

C:\Program Files (x86)\Microchip\xc8\v1.34\sources\pic\eeread.c
		_eeprom_read   		CODE           	1B16	0000	28

C:\Program Files (x86)\Microchip\xc8\v1.34\sources\pic\eeread.c estimated size: 28

setup.h
		_nop           		CODE           	089F	0000	6
		_Setup_IOports 		CODE           	1AFC	0000	27

setup.h estimated size: 33

Automated Solar Panel Orientation Setter.c
		_Calculate     		CODE           	1BFF	0000	69
		_CheckMode     		CODE           	080F	0000	145
		_RowNo         		CODE           	0A2B	0000	26
		_main          		CODE           	003A	0000	3112
		_RotateMotorRig		CODE           	1C8F	0000	81
		_isr           		CODE           	1307	0000	139
		_CheckKeyPad   		CODE           	08A4	0000	252
		_ColomnNo      		CODE           	099F	0000	141
		_LCDTimeUpdate 		CODE           	1123	0000	148
		_a2d_read      		CODE           	0ADB	0000	142
		_RotateMotorLef		CODE           	1C43	0000	77

Automated Solar Panel Orientation Setter.c estimated size: 4332

C:\Program Files (x86)\Microchip\xc8\v1.34\sources\common\Umul8.c
		___bmul        		CODE           	0800	0000	16

C:\Program Files (x86)\Microchip\xc8\v1.34\sources\common\Umul8.c estimated size: 16

C:\Program Files (x86)\Microchip\xc8\v1.34\sources\common\doprnt.c
		_printf        		CODE           	10DC	0000	23

C:\Program Files (x86)\Microchip\xc8\v1.34\sources\common\doprnt.c estimated size: 23

C:\Program Files (x86)\Microchip\xc8\v1.34\sources\common\fttol.c
		___fttol       		CODE           	0C22	0000	92

C:\Program Files (x86)\Microchip\xc8\v1.34\sources\common\fttol.c estimated size: 92

C:\Program Files (x86)\Microchip\xc8\v1.34\sources\common\ltdiv.c
		___ltdiv       		CODE           	1B62	0000	58

C:\Program Files (x86)\Microchip\xc8\v1.34\sources\common\ltdiv.c estimated size: 58

timer1.h
		_Timer1_Init   		CODE           	1AC4	0000	15

timer1.h estimated size: 15

C:\Program Files (x86)\Microchip\xc8\v1.34\sources\common\Umul16.c
		___wmul        		CODE           	0B8E	0000	26

C:\Program Files (x86)\Microchip\xc8\v1.34\sources\common\Umul16.c estimated size: 26

serialv2.h
		_Serial_Init   		CODE           	10C0	0000	29
		_Serial_Print  		CODE           	0A44	0000	32
		_Serial_Print_I		CODE           	0CCF	0000	282
		_Serial_NewLine		CODE           	1AE3	0000	26
		_Serial_Println		CODE           	0DE8	0000	304

serialv2.h estimated size: 673

