HI-TECH Software C Compiler 

Linker command line:

--edf=C:\Program Files (x86)\HI-TECH Software\PICC\9.83\dat\en_msgs.txt -cs \
  -h+ver1.sym -z -Q16F877A -ol.obj -Mver1.map -E1 -ACONST=00h-0FFhx31 \
  -ACODE=00h-07FFhx3,01800h-01EFFh -ASTRCODE=00h-01EFFh -AENTRY=00h-0FFhx31 \
  -ASTRING=00h-0FFhx31 -ABANK0=020h-06Fh -ABANK1=0A0h-0EFh \
  -ABANK2=0110h-016Fh -ABANK3=0190h-01E4h \
  -ARAM=020h-06Fh,0A0h-0EFh,0110h-016Fh,0190h-01E4h \
  -AABS1=020h-07Fh,0A0h-0EFh,0110h-016Fh,0190h-01EFh -ACOMMON=071h-07Fh \
  -ASFR0=00h-01Fh -ASFR1=080h-09Fh -ASFR2=0100h-010Fh -ASFR3=0180h-018Fh \
  -preset_vec=00h,intentry=04h,init,end_init -ppowerup=CODE -pfunctab=CODE \
  -ACONFIG=02007h-02007h -pconfig=CONFIG -DCONFIG=2 -AIDLOC=02000h-02003h \
  -pidloc=IDLOC -DIDLOC=2 -AEEDATA=00h-0FFh/02100h -peeprom_data=EEDATA \
  -DEEDATA=2 -DCODE=2 -DSTRCODE=2 -DSTRING=2 -DCONST=2 -DENTRY=2 -k \
  startup.obj ver1.obj 

Object code version is 3.10

Machine type is 16F877A



                Name                               Link     Load   Length Selector   Space Scale
startup.obj     end_init                             12       12        3        8       0
                reset_vec                             0        0        4        0       0
ver1.obj        intentry                              4        4        E        8       0
                text925                             AF0      AF0       DA     15E0       0
                text924                             8D3      8D3       44     11A6       0
                text923                             BCA      BCA       F8     1794       0
                text922                            16BA     16BA       1F     2D74       0
                text921                             95D      95D       C1     12BA       0
                text920                            173D     173D       24     2E7A       0
                text919                             A1E      A1E       D2     143C       0
                text918                            1656     1656        9     2CAC       0
                text917                              18       18       13       30       0
                text916                            165F     165F        F     2CBE       0
                text915                            178D     178D       34     2F1A       0
                text914                            166E     166E       17     2CDC       0
                text913                            1685     1685       1A     2D0A       0
                text912                            1761     1761       2C     2EC2       0
                text911                              2B       2B       50       56       0
                text910                             917      917       46     122E       0
                text909                             CC2      CC2       F8     1984       0
                text908                            16D9     16D9       20     2DB2       0
                text907                             DBA      DBA      10A     1B74       0
                text906                            169F     169F       1B     2D3E       0
                text905                            16F9     16F9       21     2DF2       0
                text904                            17C1     17C1       3F     2F82       0
                text903                              7B       7B      1BC       F6       0
                text902                             237      237      5C9      46E       0
                maintext                            EC4      EC4      13C     1D88       0
                cstackBANK0                          20       20       27       20       1
                cstackCOMMON                         71       71        B       71       1
                clrtext                            164E     164E        8     2C9C       0
                bssBANK1                             A0       A0       1D       A0       1
                dataBANK0                            6A       6A        2       20       1
                bssBANK0                             47       47       23       20       1
                bitbssBANK0                         360       6C        1       20       1     8
                bitbssCOMMON                        3E0       7C        8       71       1     8
                cinit                              171A     171A       23     2E34       0
                strings                             800      800       D2     1000       0
                idataBANK0                           16       16        2       2C       0

TOTAL           Name                               Link     Load   Length     Space
        CLASS   CONST          

        CLASS   CODE           
                end_init                             12       12        3         0
                intentry                              4        4        E         0
                reset_vec                             0        0        4         0
                text925                             AF0      AF0       DA         0
                text924                             8D3      8D3       44         0
                text923                             BCA      BCA       F8         0
                text922                            16BA     16BA       1F         0
                text921                             95D      95D       C1         0
                text920                            173D     173D       24         0
                text919                             A1E      A1E       D2         0
                text918                            1656     1656        9         0
                text917                              18       18       13         0
                text916                            165F     165F        F         0
                text915                            178D     178D       34         0
                text914                            166E     166E       17         0
                text913                            1685     1685       1A         0
                text912                            1761     1761       2C         0
                text911                              2B       2B       50         0
                text910                             917      917       46         0
                text909                             CC2      CC2       F8         0
                text908                            16D9     16D9       20         0
                text907                             DBA      DBA      10A         0
                text906                            169F     169F       1B         0
                text905                            16F9     16F9       21         0
                text904                            17C1     17C1       3F         0
                text903                              7B       7B      1BC         0
                text902                             237      237      5C9         0
                maintext                            EC4      EC4      13C         0
                clrtext                            164E     164E        8         0
                cinit                              171A     171A       23         0
                idataBANK0                           16       16        2         0

        CLASS   STRCODE        

        CLASS   ENTRY          

        CLASS   STRING         
                strings                             800      800       D2         0

        CLASS   BANK0          
                cstackBANK0                          20       20       27         1
                dataBANK0                            6A       6A        2         1
                bssBANK0                             47       47       23         1
                bitbssBANK0                         360       6C        1         1

        CLASS   BANK1          
                bssBANK1                             A0       A0       1D         1

        CLASS   BANK2          

        CLASS   BANK3          

        CLASS   RAM            

        CLASS   ABS1           
                abs_s1                               7E       7E        2         1

        CLASS   COMMON         
                cstackCOMMON                         71       71        B         1
                bitbssCOMMON                        3E0       7C        8         1

        CLASS   SFR0           

        CLASS   SFR1           

        CLASS   SFR2           

        CLASS   SFR3           

        CLASS   CONFIG         

        CLASS   IDLOC          

        CLASS   EEDATA         



SEGMENTS        Name                           Load    Length   Top    Selector   Space  Class     Delta

                reset_vec                      000000  000004  000004         0       0  CODE        2
                intentry                       000004  000011  000015         8       0  CODE        2
                cstackBANK0                    000020  00004D  00006D        20       1  BANK0       1
                idataBANK0                     000016  000002  000018        2C       0  CODE        2
                text917                        000018  000013  00002B        30       0  CODE        2
                text911                        00002B  000050  00007B        56       0  CODE        2
                cstackCOMMON                   000071  00000C  00007D        71       1  COMMON      1
                bssBANK1                       0000A0  00001D  0000BD        A0       1  BANK1       1
                text903                        00007B  0001BC  000237        F6       0  CODE        2
                text902                        000237  0005C9  000800       46E       0  CODE        2
                strings                        000800  0000D2  0008D2      1000       0  STRING      2
                text924                        0008D3  000044  000917      11A6       0  CODE        2
                text910                        000917  000046  00095D      122E       0  CODE        2
                text921                        00095D  0000C1  000A1E      12BA       0  CODE        2
                text919                        000A1E  0000D2  000AF0      143C       0  CODE        2
                text925                        000AF0  0000DA  000BCA      15E0       0  CODE        2
                text923                        000BCA  0000F8  000CC2      1794       0  CODE        2
                text909                        000CC2  0000F8  000DBA      1984       0  CODE        2
                text907                        000DBA  00010A  000EC4      1B74       0  CODE        2
                maintext                       000EC4  00013C  001000      1D88       0  CODE        2
                clrtext                        00164E  000008  001656      2C9C       0  CODE        2
                text918                        001656  000009  00165F      2CAC       0  CODE        2
                text916                        00165F  00000F  00166E      2CBE       0  CODE        2
                text914                        00166E  000017  001685      2CDC       0  CODE        2
                text913                        001685  00001A  00169F      2D0A       0  CODE        2
                text906                        00169F  00001B  0016BA      2D3E       0  CODE        2
                text922                        0016BA  00001F  0016D9      2D74       0  CODE        2
                text908                        0016D9  000020  0016F9      2DB2       0  CODE        2
                text905                        0016F9  000021  00171A      2DF2       0  CODE        2
                cinit                          00171A  000023  00173D      2E34       0  CODE        2
                text920                        00173D  000024  001761      2E7A       0  CODE        2
                text912                        001761  00002C  00178D      2EC2       0  CODE        2
                text915                        00178D  000034  0017C1      2F1A       0  CODE        2
                text904                        0017C1  00003F  001800      2F82       0  CODE        2


UNUSED ADDRESS RANGES

        Name                Unused          Largest block    Delta
        BANK0            006D-006F              3           1
        BANK1            00BD-00EF             33           1
        BANK2            0110-016F             60           1
        BANK3            0190-01E4             55           1
        CODE             0015-0015              1           2
                         08D2-08D2              1
                         1000-164D            64E
                         1800-1EFF            700
        COMMON           007D-007D              1           1
        CONFIG           2007-2007              1           2
        CONST            0015-0015              1           2
                         08D2-08D2              1
                         1000-164D            100
                         1800-1EFF            100
        EEDATA           2100-21FF            100           2
        ENTRY            0015-0015              1           2
                         08D2-08D2              1
                         1000-164D            100
                         1800-1EFF            100
        IDLOC            2000-2003              4           2
        RAM              006D-006F              3           1
                         00BD-00EF             33
                         0110-016F             60
                         0190-01E4             55
        SFR0             0000-001F             20           1
        SFR1             0080-009F             20           1
        SFR2             0100-010F             10           1
        SFR3             0180-018F             10           1
        STRCODE          0015-0015              1           2
                         08D2-08D2              1
                         1000-164D            64E
                         1800-1EFF            700
        STRING           0015-0015              1           2
                         08D2-08D2              1
                         1000-164D            100
                         1800-1EFF            100

                                  Symbol Table

??_CheckKeyPad            cstackBANK0  0024
??_ColomnNo               cstackBANK0  0022
??_RowNo                  cstackBANK0  0022
??_Serial_Init            cstackBANK0  0020
??_Setup_IOports          cstackBANK0  0020
??_Timer1_Init            cstackBANK0  0020
??___bmul                 cstackBANK0  0021
??___lwdiv                cstackBANK0  0024
??___lwmod                cstackBANK0  002C
??___wmul                 cstackBANK0  0024
??_atod_init              cstackBANK0  0020
??_clr_display            cstackBANK0  0022
??_enableInterrupt        cstackBANK0  0020
??_isdigit                cstackBANK0  0020
??_isr                    cstackCOMMON 0077
??_lcd_add                cstackBANK0  0020
??_lcd_init               cstackBANK0  0020
??_main                   cstackBANK0  0043
??_position               cstackBANK0  0023
??_printf                 cstackBANK0  0030
??_putch                  cstackBANK0  0022
??i1___lwmod              cstackCOMMON 0075
??i1_clr_display          cstackCOMMON 0073
??i1_lcd_add              cstackCOMMON 0071
??i1_lcd_init             cstackCOMMON 0071
?_CheckKeyPad             cstackCOMMON 0071
?_ColomnNo                cstackBANK0  0020
?_RowNo                   cstackBANK0  0020
?_Serial_Init             cstackCOMMON 0071
?_Setup_IOports           cstackCOMMON 0071
?_Timer1_Init             cstackCOMMON 0071
?___bmul                  cstackBANK0  0020
?___lwdiv                 cstackBANK0  0020
?___lwmod                 cstackBANK0  0028
?___wmul                  cstackBANK0  0020
?_atod_init               cstackCOMMON 0071
?_clr_display             cstackCOMMON 0071
?_enableInterrupt         cstackCOMMON 0071
?_isdigit                 cstackCOMMON 0071
?_isr                     cstackCOMMON 0071
?_lcd_add                 cstackCOMMON 0071
?_lcd_init                cstackCOMMON 0071
?_main                    cstackCOMMON 0071
?_position                cstackBANK0  0022
?_printf                  cstackBANK0  002E
?_putch                   cstackCOMMON 0071
?i1___lwmod               cstackCOMMON 0071
?i1_clr_display           cstackCOMMON 0071
?i1_lcd_add               cstackCOMMON 0071
?i1_lcd_init              cstackCOMMON 0071
CheckKeyPad@charactor     cstackBANK0  0025
CheckKeyPad@colomnNo      cstackBANK0  0026
CheckKeyPad@rowNo         cstackBANK0  0028
ColomnNo@rowNo            cstackBANK0  0020
RowNo@row                 cstackBANK0  0022
_ADCON0                   (abs)        001F
_ADCON1                   (abs)        009F
_ADDEN                    (abs)        00C3
_ADIE                     (abs)        0466
_ADON                     (abs)        00F8
_ADRESH                   (abs)        001E
_ADRESL                   (abs)        009E
_BCLIE                    (abs)        046B
_BRGH                     (abs)        04C2
_CARRY                    (abs)        0018
_CCP1IE                   (abs)        0462
_CCP2IE                   (abs)        0468
_CREN                     (abs)        00C4
_CheckKeyPad              text903      007B
_ColomnNo                 text907      0DBA
_EEADR                    (abs)        010D
_EECON1                   (abs)        018C
_EECON2                   (abs)        018D
_EEDATA                   (abs)        010C
_EEIE                     (abs)        046C
_FERR                     (abs)        00C2
_GIE                      (abs)        005F
_GO                       (abs)        00FA
_HeartRate                bssBANK0     004A
_HeartRateCount           bssBANK0     004C
_INTE                     (abs)        005C
_OERR                     (abs)        00C1
_PEIE                     (abs)        005E
_PORTA                    (abs)        0005
_PORTB                    (abs)        0006
_PORTC                    (abs)        0007
_PORTD                    (abs)        0008
_PORTE                    (abs)        0009
_PSPIE                    (abs)        0467
_RBIE                     (abs)        005B
_RC0                      (abs)        0038
_RC1                      (abs)        0039
_RC2                      (abs)        003A
_RC3                      (abs)        003B
_RC4                      (abs)        003C
_RC5                      (abs)        003D
_RCIE                     (abs)        0465
_RCIF                     (abs)        0065
_RCREG                    (abs)        001A
_RD                       (abs)        0C60
_RD0                      (abs)        0040
_RD1                      (abs)        0041
_RD2                      (abs)        0042
_RD3                      (abs)        0043
_RD4                      (abs)        0044
_RD5                      (abs)        0045
_RD6                      (abs)        0046
_RD7                      (abs)        0047
_RX9                      (abs)        00C6
_RowNo                    text915      178D
_SPBRG                    (abs)        0099
_SPEN                     (abs)        00C7
_SSPIE                    (abs)        0463
_SYNC                     (abs)        04C4
_Serial_Init              text908      16D9
_Setup_IOports            text920      173D
_T0IE                     (abs)        005D
_T1CKPS0                  (abs)        0084
_T1CKPS1                  (abs)        0085
_T1OSCEN                  (abs)        0083
_TMR1CS                   (abs)        0081
_TMR1H                    (abs)        000F
_TMR1IE                   (abs)        0460
_TMR1IF                   (abs)        0060
_TMR1L                    (abs)        000E
_TMR1ON                   (abs)        0080
_TMR2IE                   (abs)        0461
_TRISA                    (abs)        0085
_TRISB                    (abs)        0086
_TRISC                    (abs)        0087
_TRISD                    (abs)        0088
_TRISE                    (abs)        0089
_TX9                      (abs)        04C6
_TXEN                     (abs)        04C5
_TXIE                     (abs)        0464
_TXIF                     (abs)        0064
_TXREG                    (abs)        0019
_Timer1_Init              text916      165F
_WR                       (abs)        0C61
_WREN                     (abs)        0C62
__Habs1                   abs1         0000
__Hbank0                  bank0        0000
__Hbank1                  bank1        0000
__Hbank2                  bank2        0000
__Hbank3                  bank3        0000
__HbitbssBANK0            bitbssBANK0  0000
__HbitbssCOMMON           bitbssCOMMON 0000
__HbssBANK0               bssBANK0     0000
__HbssBANK1               bssBANK1     0000
__Hcinit                  cinit        0000
__Hclrtext                clrtext      0000
__Hcode                   code         0000
__Hcommon                 common       0000
__Hconfig                 config       0000
__HcstackBANK0            cstackBANK0  0000
__HcstackCOMMON           cstackCOMMON 0000
__HdataBANK0              dataBANK0    0000
__Heeprom_data            eeprom_data  0000
__Hend_init               end_init     0015
__Hfunctab                functab      0000
__HidataBANK0             idataBANK0   0000
__Hidloc                  idloc        0000
__Hinit                   init         0012
__Hintentry               intentry     0012
__Hmaintext               maintext     0000
__Hpowerup                powerup      0000
__Hram                    ram          0000
__Hreset_vec              reset_vec    0004
__Hsfr0                   sfr0         0000
__Hsfr1                   sfr1         0000
__Hsfr2                   sfr2         0000
__Hsfr3                   sfr3         0000
__Hstrings                strings      0000
__Htext                   text         0000
__Labs1                   abs1         0000
__Lbank0                  bank0        0000
__Lbank1                  bank1        0000
__Lbank2                  bank2        0000
__Lbank3                  bank3        0000
__LbitbssBANK0            bitbssBANK0  0000
__LbitbssCOMMON           bitbssCOMMON 0000
__LbssBANK0               bssBANK0     0000
__LbssBANK1               bssBANK1     0000
__Lcinit                  cinit        0000
__Lclrtext                clrtext      0000
__Lcode                   code         0000
__Lcommon                 common       0000
__Lconfig                 config       0000
__LcstackBANK0            cstackBANK0  0000
__LcstackCOMMON           cstackCOMMON 0000
__LdataBANK0              dataBANK0    0000
__Leeprom_data            eeprom_data  0000
__Lend_init               end_init     0012
__Lfunctab                functab      0000
__LidataBANK0             idataBANK0   0000
__Lidloc                  idloc        0000
__Linit                   init         0012
__Lintentry               intentry     0004
__Lmaintext               maintext     0000
__Lpowerup                powerup      0000
__Lram                    ram          0000
__Lreset_vec              reset_vec    0000
__Lsfr0                   sfr0         0000
__Lsfr1                   sfr1         0000
__Lsfr2                   sfr2         0000
__Lsfr3                   sfr3         0000
__Lstrings                strings      0000
__Ltext                   text         0000
__S0                      (abs)        1800
__S1                      (abs)        00BD
__S2                      (abs)        0000
___bmul                   text913      1685
___bmul@multiplicand      cstackBANK0  0020
___bmul@multiplier        cstackBANK0  0023
___bmul@product           cstackBANK0  0022
___lwdiv                  text911      002B
___lwdiv@counter          cstackBANK0  0027
___lwdiv@dividend         cstackBANK0  0022
___lwdiv@divisor          cstackBANK0  0020
___lwdiv@quotient         cstackBANK0  0025
___lwmod                  text910      0917
___lwmod@counter          cstackBANK0  002D
___lwmod@dividend         cstackBANK0  002A
___lwmod@divisor          cstackBANK0  0028
___wmul                   text912      1761
___wmul@multiplicand      cstackBANK0  0022
___wmul@multiplier        cstackBANK0  0020
___wmul@product           cstackBANK0  0024
__end_of_CheckKeyPad      text903      0237
__end_of_ColomnNo         text907      0EC4
__end_of_RowNo            text915      17C1
__end_of_Serial_Init      text908      16F9
__end_of_Setup_IOports    text920      1761
__end_of_Timer1_Init      text916      166E
__end_of___bmul           text913      169F
__end_of___lwdiv          text911      007B
__end_of___lwmod          text910      095D
__end_of___wmul           text912      178D
__end_of_atod_init        text918      165F
__end_of_clr_display      text905      171A
__end_of_enableInterrupt  text917      002B
__end_of_isdigit          text914      1685
__end_of_isr              text921      0A1E
__end_of_lcd_add          text909      0DBA
__end_of_lcd_init         text919      0AF0
__end_of_main             maintext     1000
__end_of_position         text904      1800
__end_of_printf           text902      0800
__end_of_putch            text906      16BA
__end_ofi1___lwmod        text924      0917
__end_ofi1_clr_display    text922      16D9
__end_ofi1_lcd_add        text923      0CC2
__end_ofi1_lcd_init       text925      0BCA
__pbitbssBANK0            bitbssBANK0  0360
__pbitbssCOMMON           bitbssCOMMON 03E0
__pbssBANK0               bssBANK0     0047
__pbssBANK1               bssBANK1     00A0
__pcstackBANK0            cstackBANK0  0020
__pcstackCOMMON           cstackCOMMON 0071
__pdataBANK0              dataBANK0    006A
__pidataBANK0             idataBANK0   0016
__pintentry               intentry     0004
__pmaintext               maintext     0EC4
__pstrings                strings      0800
__ptext902                text902      0237
__ptext903                text903      007B
__ptext904                text904      17C1
__ptext905                text905      16F9
__ptext906                text906      169F
__ptext907                text907      0DBA
__ptext908                text908      16D9
__ptext909                text909      0CC2
__ptext910                text910      0917
__ptext911                text911      002B
__ptext912                text912      1761
__ptext913                text913      1685
__ptext914                text914      166E
__ptext915                text915      178D
__ptext916                text916      165F
__ptext917                text917      0018
__ptext918                text918      1656
__ptext919                text919      0A1E
__ptext920                text920      173D
__ptext921                text921      095D
__ptext922                text922      16BA
__ptext923                text923      0BCA
__ptext924                text924      08D3
__ptext925                text925      0AF0
__ptext926                text926      0000
__size_of_CheckKeyPad     (abs)        0000
__size_of_ColomnNo        (abs)        0000
__size_of_RowNo           (abs)        0000
__size_of_Serial_Init     (abs)        0000
__size_of_Setup_IOports   (abs)        0000
__size_of_Timer1_Init     (abs)        0000
__size_of___bmul          (abs)        0000
__size_of___lwdiv         (abs)        0000
__size_of___lwmod         (abs)        0000
__size_of___wmul          (abs)        0000
__size_of_atod_init       (abs)        0000
__size_of_clr_display     (abs)        0000
__size_of_enableInterrupt (abs)        0000
__size_of_isdigit         (abs)        0000
__size_of_isr             (abs)        0000
__size_of_lcd_add         (abs)        0000
__size_of_lcd_init        (abs)        0000
__size_of_main            (abs)        0000
__size_of_position        (abs)        0000
__size_of_printf          (abs)        0000
__size_of_putch           (abs)        0000
__size_ofi1___lwmod       (abs)        0000
__size_ofi1_clr_display   (abs)        0000
__size_ofi1_lcd_add       (abs)        0000
__size_ofi1_lcd_init      (abs)        0000
_analogReadVal            bssBANK0     004E
_atod_init                text918      1656
_bed_nu                   dataBANK0    006A
_bit0                     bitbssCOMMON 03E0
_bit1                     bitbssCOMMON 03E1
_bit2                     bitbssCOMMON 03E2
_bit3                     bitbssCOMMON 03E3
_bit4                     bitbssCOMMON 03E4
_bit5                     bitbssCOMMON 03E5
_bit6                     bitbssCOMMON 03E6
_bit7                     bitbssCOMMON 03E7
_buffer                   bssBANK1     00A0
_clr_display              text905      16F9
_dpowers                  strings      0812
_enableInterrupt          text917      0018
_exit                     init         0012
_heartRate                bssBANK0     0050
_hexpowers                strings      081C
_hour                     bssBANK0     0052
_i                        dataBANK0    006B
_isdigit                  text914      166E
_isdigit$1773             cstackBANK0  0020
_isr                      text921      095D
_j                        bssBANK0     005E
_lcd_add                  text909      0CC2
_lcd_bus                  bssBANK0     005F
_lcd_data                 bssBANK0     0060
_lcd_data_high            bssBANK0     0061
_lcd_data_low             bssBANK0     0062
_lcd_init                 text919      0A1E
_ldr1                     bssBANK0     0054
_ldr2                     bssBANK0     0056
_main                     maintext     0EC4
_minute                   bssBANK0     0058
_msecond                  bssBANK0     005A
_nop                      bitbssBANK0  0360
_octpowers                strings      0806
_position                 text904      17C1
_printf                   text902      0237
_printf$1414              cstackBANK0  0033
_printf$1415              cstackBANK0  0035
_printf$1418              cstackBANK0  0037
_putch                    text906      169F
_rc                       bssBANK1     00B4
_second                   bssBANK0     005C
_state                    bssBANK0     0063
_temperature              bssBANK0     0047
_v                        bssBANK0     0064
_w                        bssBANK0     0065
_wtmp                     bssBANK0     0066
_x                        bssBANK0     0067
_y                        bssBANK0     0068
_z                        bssBANK0     0069
btemp                     (abs)        007E
clear_ram                 clrtext      164E
end_of_initialization     cinit        1739
i1___lwmod                text924      08D3
i1___lwmod@counter        cstackCOMMON 0076
i1___lwmod@dividend       cstackCOMMON 0073
i1___lwmod@divisor        cstackCOMMON 0071
i1_clr_display            text922      16BA
i1_lcd_add                text923      0BCA
i1_lcd_init               text925      0AF0
i1lcd_init@DelayLCD       cstackCOMMON 0071
interrupt_function        intentry     0004
intlevel0                 functab      0000
intlevel1                 functab      0000
intlevel2                 functab      0000
intlevel3                 functab      0000
intlevel4                 functab      0000
intlevel5                 functab      0000
isdigit@c                 cstackBANK0  0021
lcd_init@DelayLCD         cstackBANK0  0020
main@pressedKey           cstackBANK0  0046
position@collum           cstackBANK0  0022
position@post             cstackBANK0  0025
position@row              cstackBANK0  0026
printf@_val               cstackBANK0  003D
printf@ap                 cstackBANK0  0038
printf@c                  cstackBANK0  0040
printf@f                  cstackBANK0  0039
printf@flag               cstackBANK0  0041
printf@prec               cstackBANK0  003A
printf@width              cstackBANK0  003B
putch@print_value         cstackBANK0  0023
reset_vec                 reset_vec    0000
saved_w                   (abs)        007E
start                     init         0012
start_initialization      cinit        171A
wtemp0                    (abs)        007E
