Microchip MPLAB XC8 Compiler V1.34 ()

Linker command line:

-W-3 --edf=C:\Program Files (x86)\Microchip\xc8\v1.34\dat\en_msgs.txt -cs \
  -h+dist/default/production\ASPRS.production.sym \
  --cmf=dist/default/production\ASPRS.production.cmf -z -Q16F877A \
  -oC:\Users\CHATHU~1\AppData\Local\Temp\sfns.6 \
  -Mdist/default/production/ASPRS.production.map -E1 -ver=XC8 \
  -ASTACK=0110h-016fh -pstack=STACK -ACODE=00h-07FFhx4 -ASTRCODE=00h-01FFFh \
  -ASTRING=00h-0FFhx32 -ACONST=00h-0FFhx32 -AENTRY=00h-0FFhx32 \
  -ACOMMON=070h-07Fh -ABANK0=020h-06Fh -ABANK1=0A0h-0EFh \
  -ABANK2=0110h-016Fh -ABANK3=0190h-01EFh \
  -ARAM=020h-06Fh,0A0h-0EFh,0110h-016Fh,0190h-01EFh \
  -AABS1=020h-07Fh,0A0h-0EFh,0110h-016Fh,0190h-01EFh -ASFR0=00h-01Fh \
  -ASFR1=080h-09Fh -ASFR2=0100h-010Fh -ASFR3=0180h-018Fh \
  -preset_vec=00h,intentry=04h,init,end_init -ppowerup=CODE -pcinit=CODE \
  -pfunctab=CODE -ACONFIG=02007h-02007h -pconfig=CONFIG -DCONFIG=2 \
  -AIDLOC=02000h-02003h -pidloc=IDLOC -DIDLOC=2 -AEEDATA=00h-0FFh/02100h \
  -peeprom_data=EEDATA -DEEDATA=2 -DCODE=2 -DSTRCODE=2 -DSTRING=2 -DCONST=2 \
  -DENTRY=2 -k C:\Users\CHATHU~1\AppData\Local\Temp\sfns.obj \
  dist/default/production\ASPRS.production.obj 

Object code version is 3.11

Machine type is 16F877A



                Name                               Link     Load   Length Selector   Space Scale
C:\Users\CHATHU~1\AppData\Local\Temp\sfns.obj
                end_init                             10       10        3        8       0
                reset_vec                             0        0        3        0       0
                config                             2007     2007        1     400E       0
dist/default/production\ASPRS.production.obj
                cinit                                13       13       17        8       0
                intentry                              4        4        C        8       0
                maintext_split_3                     2A       2A      610        8       0
                maintext_split_2                   1E02     1E02      1FE     3C04       0
                maintext_split_1                    A42      A42      294     1484       0
                text44                             1331     1331      25C     2662       0
                text41                             1CFF     1CFF      103     39FE       0
                text32                             10DD     10DD      254     21BA       0
                text25                             10C1     10C1       1C     2182       0
                text24                             1BFE     1BFE       19     37FC       0
                text23                              CD6      CD6      32A     19AC       0
                text22                             1C17     1C17       1A     382E       0
                text21                             1BD0     1BD0        E     37A0       0
                text20                             1BDE     1BDE        F     37BC       0
                text17                             158D     158D      273     2B1A       0
                text16                             1C62     1C62       39     38C4       0
                text15                             1C31     1C31       31     3862       0
                text8                               7FA      7FA        6        8       0
                text6                               800      800       1B     1000       0
                text5                               7DA      7DA       20        8       0
                text4                              1BED     1BED       11     37DA       0
                text3                              1C9B     1C9B       64     3936       0
                text1                               81B      81B      227     1036       0
                maintext                            63A      63A      1A0        8       0
                cstackBANK0                          20       20       31       20       1
                cstackCOMMON                         70       70        D       70       1
                cstackBANK1                          CA       CA       17       A0       1
                clrtext                            10B9     10B9        8     2172       0
                dataBANK1                            E1       E1        1       A0       1
                bssBANK1                             A0       A0       2A       A0       1
                bssBANK0                             51       51        7       20       1
                bitbssBANK0                         2C0       58        6       20       1     8
                bitbssCOMMON                        3E8       7D        7       70       1     8
                strings                            1000     1000       B6     2000       0

TOTAL           Name                               Link     Load   Length     Space
        CLASS   STACK          

        CLASS   CODE           
                end_init                             10       10        3         0
                cinit                                13       13       17         0
                intentry                              4        4        C         0
                reset_vec                             0        0        3         0
                maintext_split_3                     2A       2A      610         0
                maintext_split_2                   1E02     1E02      1FE         0
                maintext_split_1                    A42      A42      294         0
                text44                             1331     1331      25C         0
                text41                             1CFF     1CFF      103         0
                text32                             10DD     10DD      254         0
                text25                             10C1     10C1       1C         0
                text24                             1BFE     1BFE       19         0
                text23                              CD6      CD6      32A         0
                text22                             1C17     1C17       1A         0
                text21                             1BD0     1BD0        E         0
                text20                             1BDE     1BDE        F         0
                text17                             158D     158D      273         0
                text16                             1C62     1C62       39         0
                text15                             1C31     1C31       31         0
                text8                               7FA      7FA        6         0
                text6                               800      800       1B         0
                text5                               7DA      7DA       20         0
                text4                              1BED     1BED       11         0
                text3                              1C9B     1C9B       64         0
                text1                               81B      81B      227         0
                maintext                            63A      63A      1A0         0
                clrtext                            10B9     10B9        8         0

        CLASS   STRCODE        

        CLASS   STRING         
                strings                            1000     1000       B6         0

        CLASS   CONST          

        CLASS   ENTRY          

        CLASS   COMMON         
                cstackCOMMON                         70       70        D         1
                bitbssCOMMON                        3E8       7D        7         1

        CLASS   BANK0          
                cstackBANK0                          20       20       31         1
                bssBANK0                             51       51        7         1
                bitbssBANK0                         2C0       58        6         1

        CLASS   BANK1          
                cstackBANK1                          CA       CA       17         1
                dataBANK1                            E1       E1        1         1
                bssBANK1                             A0       A0       2A         1

        CLASS   BANK2          

        CLASS   BANK3          

        CLASS   RAM            

        CLASS   ABS1           
                abs_s1                               7E       7E        2         1

        CLASS   SFR0           

        CLASS   SFR1           

        CLASS   SFR2           

        CLASS   SFR3           

        CLASS   CONFIG         
                config                             2007     2007        1         0

        CLASS   IDLOC          

        CLASS   EEDATA         



SEGMENTS        Name                           Load    Length   Top    Selector   Space  Class     Delta

                reset_vec                      000000  000003  000003         0       0  CODE        2
                intentry                       000004  0007FC  000800         8       0  CODE        2
                cstackBANK0                    000020  000039  000059        20       1  BANK0       1
                cstackCOMMON                   000070  00000E  00007E        70       1  COMMON      1
                bssBANK1                       0000A0  000042  0000E2        A0       1  BANK1       1
                text6                          000800  00001B  00081B      1000       0  CODE        2
                text1                          00081B  000227  000A42      1036       0  CODE        2
                maintext_split_1               000A42  000294  000CD6      1484       0  CODE        2
                text23                         000CD6  00032A  001000      19AC       0  CODE        2
                strings                        001000  0000B6  0010B6      2000       0  STRING      2
                clrtext                        0010B9  000008  0010C1      2172       0  CODE        2
                text25                         0010C1  00001C  0010DD      2182       0  CODE        2
                text32                         0010DD  000254  001331      21BA       0  CODE        2
                text44                         001331  00025C  00158D      2662       0  CODE        2
                text17                         00158D  000273  001800      2B1A       0  CODE        2
                text21                         001BD0  00000E  001BDE      37A0       0  CODE        2
                text20                         001BDE  00000F  001BED      37BC       0  CODE        2
                text4                          001BED  000011  001BFE      37DA       0  CODE        2
                text24                         001BFE  000019  001C17      37FC       0  CODE        2
                text22                         001C17  00001A  001C31      382E       0  CODE        2
                text15                         001C31  000031  001C62      3862       0  CODE        2
                text16                         001C62  000039  001C9B      38C4       0  CODE        2
                text3                          001C9B  000064  001CFF      3936       0  CODE        2
                text41                         001CFF  000103  001E02      39FE       0  CODE        2
                maintext_split_2               001E02  0001FE  002000      3C04       0  CODE        2
                config                         002007  000001  002008      400E       0  CONFIG      2


UNUSED ADDRESS RANGES

        Name                Unused          Largest block    Delta
        BANK0            000059-00006F               17           1
        BANK1            0000E2-0000EF                E           1
        BANK2            000110-00016F               60           1
        BANK3            000190-0001EF               60           1
        CODE             000003-000003                1           2
                         0010B6-0010B8                3
                         001800-001BCF              3D0
        CONST            000003-000003                1           2
                         0010B6-0010B8                3
                         001800-001BCF              100
        EEDATA           002100-0021FF              100           2
        ENTRY            000003-000003                1           2
                         0010B6-0010B8                3
                         001800-001BCF              100
        IDLOC            002000-002003                4           2
        RAM              000059-00006F               17           1
                         0000E2-0000EF                E
                         000110-00016F               60
                         000190-0001EF               60
        SFR0             000000-00001F               20           1
        SFR1             000080-00009F               20           1
        SFR2             000100-00010F               10           1
        SFR3             000180-00018F               10           1
        STACK            000110-00016F               60           1
        STRCODE          000003-000003                1           2
                         0010B6-0010B8                3
                         001800-001BCF              3D0
        STRING           000003-000003                1           2
                         0010B6-0010B8                3
                         001800-001BCF              100

                                  Symbol Table

?_ColomnNo                   cstackBANK0      000025
?_RowNo                      cstackBANK0      000025
?___awdiv                    cstackBANK0      00002B
?___awmod                    cstackBANK0      000025
?___ftdiv                    cstackBANK0      000030
?___ftmul                    cstackBANK0      000032
?___ftpack                   cstackBANK0      000025
?___fttol                    cstackBANK0      000041
?___lbtoft                   cstackBANK0      00002D
?___ltdiv                    cstackBANK0      000025
?___ltmod                    cstackBANK0      000025
?___lwdiv                    cstackBANK0      000025
?___lwmod                    cstackBANK0      000025
?___lwtoft                   cstackBANK0      00002D
?___wmul                     cstackBANK0      000025
?_printf                     cstackCOMMON     000070
?_read_a2d_value             cstackBANK0      000025
?i1___lwdiv                  cstackCOMMON     000070
?i1___lwmod                  cstackCOMMON     000070
CheckKeyPad@charactor        cstackBANK0      000029
CheckKeyPad@colomnNo         cstackBANK0      00002A
CheckKeyPad@rowNo            cstackBANK0      00002C
CheckMode@pressedKey         cstackBANK0      000036
ColomnNo@rowNo               cstackBANK0      000025
LCD_print_char@column        cstackBANK0      000035
LCD_print_char@print_value   cstackBANK0      000037
LCD_print_char@row           cstackBANK0      000033
PL10                         text23           000FB2
PL12                         text23           000FBD
PL14                         text23           000FC5
PL16                         text23           000FCD
PL18                         text23           000FD7
PL2                          text3            001CE5
PL20                         text23           000FE0
PL22                         text41           001DDF
PL24                         text23           000FE9
PL26                         text23           000FF1
PL28                         text41           001DE6
PL30                         text41           001DED
PL32                         text17           0017F9
PL34                         text23           000FF9
PL36                         text41           001DF4
PL38                         text41           001DFB
PL4                          text23           000FA0
PL6                          text23           000FA9
PL8                          text3            001CF9
RotateMotorLeft@value        cstackBANK0      000025
RotateMotorRight@i           cstackBANK0      000029
RotateMotorRight@value       cstackBANK0      000025
RowNo@row                    cstackBANK0      000027
Serial_Print@a               cstackBANK0      000026
Serial_Print_Int@val         cstackBANK0      000033
Serial_Println_Int@val       cstackBANK0      000033
_ADCON0                      (abs)            00001F
_ADCON1                      (abs)            00009F
_ADDEN                       (abs)            0000C3
_ADIE                        (abs)            000466
_ADON                        (abs)            0000F8
_ADRESH                      (abs)            00001E
_ADRESL                      (abs)            00009E
_BCLIE                       (abs)            00046B
_BRGH                        (abs)            0004C2
_BlinkDet                    bitbssBANK0      0002C0
_CARRY                       (abs)            000018
_CCP1IE                      (abs)            000462
_CCP2IE                      (abs)            000468
_CREN                        (abs)            0000C4
_C_Bat                       bssBANK1         0000C6
_Calculate                   text41           001CFF
_CheckKeyPad                 text32           001172
_CheckMode                   text32           0010DD
_ColomnNo                    text32           00126D
_EEADR                       (abs)            00010D
_EECON1                      (abs)            00018C
_EECON2                      (abs)            00018D
_EEDATA                      (abs)            00010C
_EEIE                        (abs)            00046C
_FERR                        (abs)            0000C2
_GIE                         (abs)            00005F
_GO                          (abs)            0000FA
_INTE                        (abs)            00005C
_LCDTimeUpdate               text1            000862
_LCD_print_char              text1            0008F5
_Nop                         bitbssBANK0      0002C1
_OERR                        (abs)            0000C1
_PEIE                        (abs)            00005E
_PORTA                       (abs)            000005
_PORTB                       (abs)            000006
_PORTC                       (abs)            000007
_PORTD                       (abs)            000008
_PORTE                       (abs)            000009
_PSPIE                       (abs)            000467
_RA4                         (abs)            00002C
_RB2                         (abs)            000032
_RB3                         (abs)            000033
_RB4                         (abs)            000034
_RB5                         (abs)            000035
_RBIE                        (abs)            00005B
_RC0                         (abs)            000038
_RC1                         (abs)            000039
_RC2                         (abs)            00003A
_RC3                         (abs)            00003B
_RC4                         (abs)            00003C
_RC5                         (abs)            00003D
_RCIE                        (abs)            000465
_RCIF                        (abs)            000065
_RCREG                       (abs)            00001A
_RD                          (abs)            000C60
_RD0                         (abs)            000040
_RD1                         (abs)            000041
_RD2                         (abs)            000042
_RD3                         (abs)            000043
_RD4                         (abs)            000044
_RD5                         (abs)            000045
_RD6                         (abs)            000046
_RD7                         (abs)            000047
_RX9                         (abs)            0000C6
_RotateMotorLeft             text41           001D43
_RotateMotorRight            text41           001D8F
_RowNo                       text32           0012F9
_SPBRG                       (abs)            000099
_SPEN                        (abs)            0000C7
_SSPIE                       (abs)            000463
_SYNC                        (abs)            0004C4
_Serial_Init                 text25           0010C1
_Serial_NewLine              text24           001BFE
_Serial_Print                text32           001312
_Serial_Print_Int            text23           000CD6
_Serial_Println_Int          text23           000DEF
_Setup_IOports               text22           001C17
_T0IE                        (abs)            00005D
_T1CKPS0                     (abs)            000084
_T1CKPS1                     (abs)            000085
_T1OSCEN                     (abs)            000083
_TMR1CS                      (abs)            000081
_TMR1H                       (abs)            00000F
_TMR1IE                      (abs)            000460
_TMR1IF                      (abs)            000060
_TMR1L                       (abs)            00000E
_TMR1ON                      (abs)            000080
_TMR2IE                      (abs)            000461
_TRISA                       (abs)            000085
_TRISB                       (abs)            000086
_TRISC                       (abs)            000087
_TRISD                       (abs)            000088
_TRISE                       (abs)            000089
_TX9                         (abs)            0004C6
_TXEN                        (abs)            0004C5
_TXIE                        (abs)            000464
_TXIF                        (abs)            000064
_TXREG                       (abs)            000019
_TimeBlink_on                bitbssBANK0      0002C2
_Timer1_Init                 text21           001BD0
_V_Bat                       bssBANK1         0000C8
_V_Bat2                      bssBANK1         0000B4
_WR                          (abs)            000C61
_WREN                        (abs)            000C62
__CFG_BOREN$OFF              (abs)            000000
__CFG_CP$OFF                 (abs)            000000
__CFG_CPD$OFF                (abs)            000000
__CFG_FOSC$HS                (abs)            000000
__CFG_LVP$OFF                (abs)            000000
__CFG_PWRTE$OFF              (abs)            000000
__CFG_WDTE$OFF               (abs)            000000
__CFG_WRT$OFF                (abs)            000000
__Habs1                      abs1             000000
__Hbank0                     bank0            000000
__Hbank1                     bank1            000000
__Hbank2                     bank2            000000
__Hbank3                     bank3            000000
__HbitbssBANK0               bitbssBANK0      000000
__HbitbssCOMMON              bitbssCOMMON     000000
__HbssBANK0                  bssBANK0         000000
__HbssBANK1                  bssBANK1         000000
__Hcinit                     cinit            00002A
__Hclrtext                   clrtext          000000
__Hcode                      code             000000
__Hcommon                    common           000000
__Hconfig                    config           002008
__HcstackBANK0               cstackBANK0      000000
__HcstackBANK1               cstackBANK1      000000
__HcstackCOMMON              cstackCOMMON     000000
__HdataBANK1                 dataBANK1        000000
__Heeprom_data               eeprom_data      000000
__Hend_init                  end_init         000013
__Hfunctab                   functab          000000
__HidataBANK1                idataBANK1       000000
__Hidloc                     idloc            000000
__Hinit                      init             000010
__Hintentry                  intentry         000010
__Hmaintext                  maintext         000000
__Hmaintext_split_1          maintext_split_1 000000
__Hmaintext_split_2          maintext_split_2 000000
__Hmaintext_split_3          maintext_split_3 000000
__Hpa_nodes                  pa_nodes         000000
__Hpowerup                   powerup          000000
__Hram                       ram              000000
__Hreset_vec                 reset_vec        000003
__Hsfr0                      sfr0             000000
__Hsfr1                      sfr1             000000
__Hsfr2                      sfr2             000000
__Hsfr3                      sfr3             000000
__Hspace_0                   (abs)            002008
__Hspace_1                   (abs)            0003EF
__Hspace_2                   (abs)            000000
__Hspace_3                   (abs)            000000
__Hstack                     stack            000000
__Hstrings                   strings          000000
__Htext                      text             000000
__Labs1                      abs1             000000
__Lbank0                     bank0            000000
__Lbank1                     bank1            000000
__Lbank2                     bank2            000000
__Lbank3                     bank3            000000
__LbitbssBANK0               bitbssBANK0      000000
__LbitbssCOMMON              bitbssCOMMON     000000
__LbssBANK0                  bssBANK0         000000
__LbssBANK1                  bssBANK1         000000
__Lcinit                     cinit            000013
__Lclrtext                   clrtext          000000
__Lcode                      code             000000
__Lcommon                    common           000000
__Lconfig                    config           002007
__LcstackBANK0               cstackBANK0      000000
__LcstackBANK1               cstackBANK1      000000
__LcstackCOMMON              cstackCOMMON     000000
__LdataBANK1                 dataBANK1        000000
__Leeprom_data               eeprom_data      000000
__Lend_init                  end_init         000010
__Lfunctab                   functab          000000
__LidataBANK1                idataBANK1       000000
__Lidloc                     idloc            000000
__Linit                      init             000010
__Lintentry                  intentry         000004
__Lmaintext                  maintext         000000
__Lmaintext_split_1          maintext_split_1 000000
__Lmaintext_split_2          maintext_split_2 000000
__Lmaintext_split_3          maintext_split_3 000000
__Lpa_nodes                  pa_nodes         000000
__Lpowerup                   powerup          000000
__Lram                       ram              000000
__Lreset_vec                 reset_vec        000000
__Lsfr0                      sfr0             000000
__Lsfr1                      sfr1             000000
__Lsfr2                      sfr2             000000
__Lsfr3                      sfr3             000000
__Lspace_0                   (abs)            000000
__Lspace_1                   (abs)            000000
__Lspace_2                   (abs)            000000
__Lspace_3                   (abs)            000000
__Lstack                     stack            000000
__Lstrings                   strings          000000
__Ltext                      text             000000
__S0                         (abs)            002008
__S1                         (abs)            0000E2
__S2                         (abs)            000000
__S3                         (abs)            000000
___awdiv                     text23           000F1E
___awdiv@counter             cstackBANK0      00002F
___awdiv@dividend            cstackBANK0      00002D
___awdiv@divisor             cstackBANK0      00002B
___awdiv@quotient            cstackBANK0      000031
___awdiv@sign                cstackBANK0      000030
___awmod                     text23           000F63
___awmod@counter             cstackBANK0      000029
___awmod@dividend            cstackBANK0      000027
___awmod@divisor             cstackBANK0      000025
___awmod@sign                cstackBANK0      00002A
___bmul                      text20           001BDE
___bmul@multiplicand         cstackBANK0      000025
___bmul@multiplier           cstackBANK0      000027
___bmul@product              cstackBANK0      000026
___ftdiv                     text17           00159D
___ftdiv@cntr                cstackBANK0      000039
___ftdiv@exp                 cstackBANK0      00003D
___ftdiv@f1                  cstackBANK0      000033
___ftdiv@f2                  cstackBANK0      000030
___ftdiv@f3                  cstackBANK0      00003A
___ftdiv@sign                cstackBANK0      00003E
___ftmul                     text17           0016D1
___ftmul@cntr                cstackBANK0      00003F
___ftmul@exp                 cstackBANK0      00003B
___ftmul@f1                  cstackBANK0      000032
___ftmul@f2                  cstackBANK0      000035
___ftmul@f3_as_product       cstackBANK0      00003C
___ftmul@sign                cstackBANK0      000040
___ftpack                    text17           0017B7
___ftpack@arg                cstackBANK0      000025
___ftpack@exp                cstackBANK0      000028
___ftpack@sign               cstackBANK0      000029
___fttol                     text17           00174C
___fttol@exp1                cstackBANK0      00004D
___fttol@f1                  cstackBANK0      000041
___fttol@lval                cstackBANK0      000049
___fttol@sign1               cstackBANK0      000048
___int_sp                    stack            000000
___latbits                   (abs)            000002
___lbtoft                    text17           00158D
___lbtoft@c                  cstackBANK0      000031
___ltdiv                     text16           001C62
___ltdiv@counter             cstackBANK0      00002E
___ltdiv@dividend            cstackBANK0      000028
___ltdiv@divisor             cstackBANK0      000025
___ltdiv@quotient            cstackBANK0      00002B
___ltmod                     text15           001C31
___ltmod@counter             cstackBANK0      00002B
___ltmod@dividend            cstackBANK0      000028
___ltmod@divisor             cstackBANK0      000025
___lwdiv                     text1            000911
___lwdiv@counter             cstackBANK0      000029
___lwdiv@dividend            cstackBANK0      000027
___lwdiv@divisor             cstackBANK0      000025
___lwdiv@quotient            cstackBANK0      00002A
___lwmod                     text1            00093B
___lwmod@counter             cstackBANK0      000029
___lwmod@dividend            cstackBANK0      000027
___lwmod@divisor             cstackBANK0      000025
___lwtoft                    text17           0017A7
___lwtoft@c                  cstackBANK0      00002D
___sp                        stack            000000
___wmul                      text17           0016B8
___wmul@multiplicand         cstackBANK0      000027
___wmul@multiplier           cstackBANK0      000025
___wmul@product              cstackBANK0      000029
__end_ofPL10                 text23           000FBD
__end_ofPL12                 text23           000FC5
__end_ofPL14                 text23           000FCD
__end_ofPL16                 text23           000FD7
__end_ofPL18                 text23           000FE0
__end_ofPL2                  text3            001CF9
__end_ofPL20                 text23           000FE9
__end_ofPL22                 text41           001DE6
__end_ofPL24                 text23           000FF1
__end_ofPL26                 text23           000FF9
__end_ofPL28                 text41           001DED
__end_ofPL30                 text41           001DF4
__end_ofPL32                 text17           001800
__end_ofPL34                 text23           001000
__end_ofPL36                 text41           001DFB
__end_ofPL38                 text41           001E02
__end_ofPL4                  text23           000FA9
__end_ofPL6                  text23           000FB2
__end_ofPL8                  text3            001CFF
__end_of_Calculate           text41           001D43
__end_of_CheckKeyPad         text32           00126D
__end_of_CheckMode           text32           00116D
__end_of_ColomnNo            text32           0012F9
__end_of_LCDTimeUpdate       text1            0008F5
__end_of_LCD_print_char      text1            000911
__end_of_RotateMotorLeft     text41           001D8F
__end_of_RotateMotorRight    text41           001DDF
__end_of_RowNo               text32           001312
__end_of_Serial_Init         text25           0010DD
__end_of_Serial_NewLine      text24           001C17
__end_of_Serial_Print        text32           001331
__end_of_Serial_Print_Int    text23           000DEF
__end_of_Serial_Println_Int  text23           000F1E
__end_of_Setup_IOports       text22           001C31
__end_of_Timer1_Init         text21           001BDE
__end_of___awdiv             text23           000F63
__end_of___awmod             text23           000FA0
__end_of___bmul              text20           001BED
__end_of___ftdiv             text17           001605
__end_of___ftmul             text17           00174C
__end_of___ftpack            text17           0017F9
__end_of___fttol             text17           0017A7
__end_of___lbtoft            text17           00159D
__end_of___ltdiv             text16           001C9B
__end_of___ltmod             text15           001C62
__end_of___lwdiv             text1            00093B
__end_of___lwmod             text1            00095F
__end_of___lwtoft            text17           0017B7
__end_of___wmul              text17           0016D1
__end_of__initialization     cinit            000026
__end_of__stringtab          strings          001006
__end_of_a2d_read            text17           001692
__end_of_atod_init           text8            000800
__end_of_clr_display         text1            000862
__end_of_eeprom_read         text6            00081B
__end_of_eeprom_write        text5            0007FA
__end_of_enableInterrupt     text4            001BFE
__end_of_isr                 text44           0013B6
__end_of_lcd_add             text1            000A1A
__end_of_lcd_init            text3            001CE5
__end_of_main                maintext_split_3 00061F
__end_of_nop                 text32           001172
__end_of_position            text1            000A42
__end_of_printf              text1            000831
__end_of_putch               text1            000846
__end_of_read_a2d_value      text17           0016B8
__end_ofi1_LCDTimeUpdate     text44           001443
__end_ofi1_LCD_print_char    text44           00145D
__end_ofi1___lwdiv           text44           001487
__end_ofi1___lwmod           text44           0014AB
__end_ofi1_lcd_add           text44           001566
__end_ofi1_position          text44           00158D
__initialization             cinit            000013
__pbitbssBANK0               bitbssBANK0      0002C0
__pbitbssCOMMON              bitbssCOMMON     0003E8
__pbssBANK0                  bssBANK0         000051
__pbssBANK1                  bssBANK1         0000A0
__pcstackBANK0               cstackBANK0      000020
__pcstackBANK1               cstackBANK1      0000CA
__pcstackCOMMON              cstackCOMMON     000070
__pdataBANK1                 dataBANK1        0000E1
__pidataBANK1                idataBANK1       000000
__pintentry                  intentry         000004
__pmaintext                  maintext         00063A
__pstrings                   strings          001000
__ptext1                     text1            00081B
__ptext10                    text17           001692
__ptext11                    text17           0016B8
__ptext12                    text17           0017A7
__ptext13                    text17           00174C
__ptext14                    text17           0016D1
__ptext15                    text15           001C31
__ptext16                    text16           001C62
__ptext17                    text17           00158D
__ptext18                    text17           00159D
__ptext19                    text17           0017B7
__ptext2                     text1            000831
__ptext20                    text20           001BDE
__ptext21                    text21           001BD0
__ptext22                    text22           001C17
__ptext23                    text23           000CD6
__ptext24                    text24           001BFE
__ptext25                    text25           0010C1
__ptext26                    text1            000862
__ptext27                    text1            00093B
__ptext28                    text1            000911
__ptext29                    text1            0008F5
__ptext3                     text3            001C9B
__ptext30                    text1            000A1A
__ptext31                    text1            00095F
__ptext32                    text32           0010DD
__ptext33                    text32           00116D
__ptext34                    text23           000DEF
__ptext35                    text23           000F63
__ptext36                    text23           000F1E
__ptext37                    text32           001312
__ptext38                    text32           001172
__ptext39                    text32           0012F9
__ptext4                     text4            001BED
__ptext40                    text32           00126D
__ptext41                    text41           001CFF
__ptext42                    text41           001D8F
__ptext43                    text41           001D43
__ptext44                    text44           001331
__ptext45                    text44           0013B6
__ptext46                    text44           001487
__ptext47                    text44           00145D
__ptext48                    text44           001443
__ptext49                    text44           001566
__ptext5                     text5            0007DA
__ptext50                    text44           0014AB
__ptext6                     text6            000800
__ptext7                     text1            000846
__ptext8                     text8            0007FA
__ptext9                     text17           001605
__size_of_Calculate          (abs)            000000
__size_of_CheckKeyPad        (abs)            000000
__size_of_CheckMode          (abs)            000000
__size_of_ColomnNo           (abs)            000000
__size_of_LCDTimeUpdate      (abs)            000000
__size_of_LCD_print_char     (abs)            000000
__size_of_RotateMotorLeft    (abs)            000000
__size_of_RotateMotorRight   (abs)            000000
__size_of_RowNo              (abs)            000000
__size_of_Serial_Init        (abs)            000000
__size_of_Serial_NewLine     (abs)            000000
__size_of_Serial_Print       (abs)            000000
__size_of_Serial_Print_Int   (abs)            000000
__size_of_Serial_Println_Int (abs)            000000
__size_of_Setup_IOports      (abs)            000000
__size_of_Timer1_Init        (abs)            000000
__size_of___awdiv            (abs)            000000
__size_of___awmod            (abs)            000000
__size_of___bmul             (abs)            000000
__size_of___ftdiv            (abs)            000000
__size_of___ftmul            (abs)            000000
__size_of___ftpack           (abs)            000000
__size_of___fttol            (abs)            000000
__size_of___lbtoft           (abs)            000000
__size_of___ltdiv            (abs)            000000
__size_of___ltmod            (abs)            000000
__size_of___lwdiv            (abs)            000000
__size_of___lwmod            (abs)            000000
__size_of___lwtoft           (abs)            000000
__size_of___wmul             (abs)            000000
__size_of_a2d_read           (abs)            000000
__size_of_atod_init          (abs)            000000
__size_of_clr_display        (abs)            000000
__size_of_eeprom_read        (abs)            000000
__size_of_eeprom_write       (abs)            000000
__size_of_enableInterrupt    (abs)            000000
__size_of_isr                (abs)            000000
__size_of_lcd_add            (abs)            000000
__size_of_lcd_init           (abs)            000000
__size_of_main               (abs)            000000
__size_of_nop                (abs)            000000
__size_of_position           (abs)            000000
__size_of_printf             (abs)            000000
__size_of_putch              (abs)            000000
__size_of_read_a2d_value     (abs)            000000
__size_ofi1_LCDTimeUpdate    (abs)            000000
__size_ofi1_LCD_print_char   (abs)            000000
__size_ofi1___lwdiv          (abs)            000000
__size_ofi1___lwmod          (abs)            000000
__size_ofi1_lcd_add          (abs)            000000
__size_ofi1_position         (abs)            000000
__stringbase                 strings          001005
__stringtab                  strings          001000
_a2d_read                    text17           001605
_angleChanged                bitbssBANK0      0002C3
_angleCount                  bssBANK1         0000B7
_atod_init                   text8            0007FA
_bit0                        bitbssCOMMON     0003E8
_bit1                        bitbssCOMMON     0003E9
_bit2                        bitbssCOMMON     0003EA
_bit3                        bitbssCOMMON     0003EB
_bit4                        bitbssCOMMON     0003EC
_bit5                        bitbssCOMMON     0003ED
_bit6                        bitbssCOMMON     0003EE
_bit7                        bitbssBANK0      0002C4
_buffer                      bssBANK1         0000A0
_clr_display                 text1            000846
_currentMode                 bssBANK1         0000B9
_eeprom_read                 text6            000800
_eeprom_write                text5            0007DA
_enableInterrupt             text4            001BED
_hour                        bssBANK0         000051
_i                           dataBANK1        0000E1
_isr                         text44           001331
_j                           bssBANK0         000055
_lcd_add                     text1            00095F
_lcd_data                    bssBANK0         000056
_lcd_init                    text3            001C9B
_ldr1                        bssBANK1         0000BB
_ldr2                        bssBANK0         000053
_main                        maintext         00063A
_main$814                    cstackBANK1      0000DA
_minute                      bssBANK1         0000BD
_msecond                     bssBANK1         0000BF
_nop                         text32           00116D
_position                    text1            000A1A
_printf                      text1            00081B
_putch                       text1            000831
_read_a2d_value              text17           001692
_second                      bssBANK1         0000C1
_state                       bssBANK0         000057
_sterpper_counts             bssBANK1         0000C3
_timeChanged                 bitbssBANK0      0002C5
_x                           bssBANK1         0000C5
btemp                        (abs)            00007E
clear_ram0                   clrtext          0010B9
eeprom_read@addr             cstackBANK0      000025
eeprom_write@addr            cstackBANK0      000029
eeprom_write@value           cstackBANK0      000028
end_of_initialization        cinit            000026
i1LCD_print_char@column      cstackCOMMON     000079
i1LCD_print_char@print_value cstackCOMMON     00007B
i1LCD_print_char@row         cstackCOMMON     000077
i1_LCDTimeUpdate             text44           0013B6
i1_LCD_print_char            text44           001443
i1___lwdiv                   text44           00145D
i1___lwdiv@counter           cstackCOMMON     000076
i1___lwdiv@dividend          cstackCOMMON     000072
i1___lwdiv@divisor           cstackCOMMON     000070
i1___lwdiv@quotient          cstackCOMMON     000074
i1___lwmod                   text44           001487
i1___lwmod@counter           cstackCOMMON     000074
i1___lwmod@dividend          cstackCOMMON     000072
i1___lwmod@divisor           cstackCOMMON     000070
i1_lcd_add                   text44           0014AB
i1_position                  text44           001566
i1position@collum            cstackCOMMON     000071
i1position@post              cstackCOMMON     000074
i1position@row               cstackCOMMON     000075
interrupt_function           intentry         000004
intlevel0                    functab          000000
intlevel1                    functab          000000
intlevel2                    functab          000000
intlevel3                    functab          000000
intlevel4                    functab          000000
intlevel5                    functab          000000
lcd_init@DelayLCD            cstackBANK0      000025
ltemp                        (abs)            00007E
ltemp0                       (abs)            00007E
ltemp1                       (abs)            000082
ltemp2                       (abs)            000086
ltemp3                       (abs)            000080
main@angle                   cstackBANK1      0000D6
main@angle_display           cstackBANK1      0000DE
main@angle_old               cstackBANK1      0000DC
main@newTimeHr               cstackBANK1      0000CF
main@newTimeMin              cstackBANK1      0000D1
main@pressedKey              cstackBANK1      0000E0
main@stepsto_turn            cstackBANK1      0000CD
main@tmp                     cstackBANK1      0000D8
main@tmp_angle_display       cstackBANK1      0000D3
main@tmp_stepsto_turn        cstackBANK1      0000CA
pnum$maintext                (abs)            00000E
pnum$maintext_split_1        (abs)            000043
pnum$maintext_split_2        (abs)            000044
pnum$maintext_split_3        (abs)            000045
position@collum              cstackBANK0      000026
position@post                cstackBANK0      000029
position@row                 cstackBANK0      00002A
printf@c                     cstackBANK0      000028
printf@f                     cstackBANK0      000029
psplit$0                     (abs)            0E0043
psplit$1                     (abs)            430044
psplit$2                     (abs)            440045
putch@print_value            cstackBANK0      000027
read_a2d_value@a2d_value     cstackBANK0      000029
read_a2d_value@channel       cstackBANK0      000028
reset_vec                    reset_vec        000000
saved_w                      (abs)            00007E
stackhi                      (abs)            000000
stacklo                      (abs)            000000
start                        init             000010
start_initialization         cinit            000013
ttemp                        (abs)            00007E
ttemp0                       (abs)            00007E
ttemp1                       (abs)            000081
ttemp2                       (abs)            000084
ttemp3                       (abs)            000087
ttemp4                       (abs)            00007F
wtemp                        (abs)            00007E
wtemp0                       (abs)            00007E
wtemp1                       (abs)            000080
wtemp2                       (abs)            000082
wtemp3                       (abs)            000084
wtemp4                       (abs)            000086
wtemp5                       (abs)            000088
wtemp6                       (abs)            00007F


FUNCTION INFORMATION:

 *************** function _main *****************
 Defined at:
		line 79 in file "Automated Solar Panel Orientation Setter.c"
 Parameters:    Size  Location     Type
		None
 Auto vars:     Size  Location     Type
  tmp_stepsto_    3    0[BANK1 ] PTR const unsigned char 
  stepsto_turn    2    3[BANK1 ] int 
  tmp_angle_di    3    9[BANK1 ] int 
  angle_displa    2   20[BANK1 ] int 
  angle_old       2   18[BANK1 ] int 
  angle           2   12[BANK1 ] int 
  newTimeMin      2    7[BANK1 ] int 
  newTimeHr       2    5[BANK1 ] int 
  tmp             2   14[BANK1 ] int 
  pressedKey      1   22[BANK1 ] unsigned char 
 Return value:  Size  Location     Type
		None               void
 Registers used:
		wreg, fsr0l, fsr0h, status,2, status,0, btemp+1, pclath, cstack
 Tracked objects:
		On entry : 
		On exit  : 
		Unchanged: 
 Data sizes:     COMMON   BANK0   BANK1   BANK3   BANK2
      Params:         0       0       0       0       0
      Locals:         0       0      23       0       0
      Temps:          0       3       0       0       0
      Totals:         0       3      23       0       0
Total ram usage:       26 bytes
 Hardware stack levels required when called:    9
 This function calls:
		_Calculate
		_CheckKeyPad
		_CheckMode
		_LCDTimeUpdate
		_LCD_print_char
		_RotateMotorLeft
		_RotateMotorRight
		_Serial_Init
		_Serial_NewLine
		_Serial_Print
		_Serial_Print_Int
		_Serial_Println_Int
		_Setup_IOports
		_Timer1_Init
		___awdiv
		___awmod
		___bmul
		___ftdiv
		___ftmul
		___fttol
		___lbtoft
		___ltdiv
		___ltmod
		___lwtoft
		___wmul
		_a2d_read
		_atod_init
		_clr_display
		_eeprom_read
		_eeprom_write
		_enableInterrupt
		_lcd_init
		_nop
		_position
		_printf
 This function is called by:
		Startup code after reset
 This function uses a non-reentrant model


 *************** function _printf *****************
 Defined at:
		line 464 in file "C:\Program Files (x86)\Microchip\xc8\v1.34\sources\common\doprnt.c"
 Parameters:    Size  Location     Type
  f               1    wreg     PTR const unsigned char 
		 -> STR_24(17), STR_23(17), STR_18(17), STR_17(17), 
		 -> STR_12(17), STR_11(17), STR_6(17), STR_5(17), 
		 -> STR_4(17), STR_3(17), STR_2(17), STR_1(17), 
 Auto vars:     Size  Location     Type
  f               1    9[BANK0 ] PTR const unsigned char 
		 -> STR_24(17), STR_23(17), STR_18(17), STR_17(17), 
		 -> STR_12(17), STR_11(17), STR_6(17), STR_5(17), 
		 -> STR_4(17), STR_3(17), STR_2(17), STR_1(17), 
  tmpval          4    0        struct .
  cp              2    0        PTR const unsigned char 
  len             2    0        unsigned int 
  val             2    0        unsigned int 
  c               1    8[BANK0 ] char 
  flag            1    0        unsigned char 
  prec            1    0        char 
  ap              1    0        PTR void [1]
		 -> ?_printf(2), 
 Return value:  Size  Location     Type
                  2  130[None  ] int 
 Registers used:
		wreg, fsr0l, fsr0h, status,2, status,0, pclath, cstack
 Tracked objects:
		On entry : 
		On exit  : 
		Unchanged: 
 Data sizes:     COMMON   BANK0   BANK1   BANK3   BANK2
      Params:         0       0       0       0       0
      Locals:         0       2       0       0       0
      Temps:          0       0       0       0       0
      Totals:         0       2       0       0       0
Total ram usage:        2 bytes
 Hardware stack levels used:    1
 Hardware stack levels required when called:    7
 This function calls:
		_putch
 This function is called by:
		_main
 This function uses a non-reentrant model


 *************** function _putch *****************
 Defined at:
		line 166 in file "lcdv2.h"
 Parameters:    Size  Location     Type
  print_value     1    wreg     unsigned char 
 Auto vars:     Size  Location     Type
  print_value     1    7[BANK0 ] unsigned char 
 Return value:  Size  Location     Type
		None               void
 Registers used:
		wreg, status,2, status,0, pclath, cstack
 Tracked objects:
		On entry : 
		On exit  : 
		Unchanged: 
 Data sizes:     COMMON   BANK0   BANK1   BANK3   BANK2
      Params:         0       0       0       0       0
      Locals:         0       1       0       0       0
      Temps:          0       1       0       0       0
      Totals:         0       2       0       0       0
Total ram usage:        2 bytes
 Hardware stack levels used:    1
 Hardware stack levels required when called:    6
 This function calls:
		_lcd_add
 This function is called by:
		_printf
 This function uses a non-reentrant model


 *************** function _lcd_init *****************
 Defined at:
		line 60 in file "lcdv2.h"
 Parameters:    Size  Location     Type
		None
 Auto vars:     Size  Location     Type
  DelayLCD        2    5[BANK0 ] unsigned int 
 Return value:  Size  Location     Type
		None               void
 Registers used:
		wreg, status,2, status,0
 Tracked objects:
		On entry : 
		On exit  : 
		Unchanged: 
 Data sizes:     COMMON   BANK0   BANK1   BANK3   BANK2
      Params:         0       0       0       0       0
      Locals:         0       2       0       0       0
      Temps:          0       0       0       0       0
      Totals:         0       2       0       0       0
Total ram usage:        2 bytes
 Hardware stack levels used:    1
 Hardware stack levels required when called:    5
 This function calls:
		Nothing
 This function is called by:
		_main
 This function uses a non-reentrant model


 *************** function _enableInterrupt *****************
 Defined at:
		line 7 in file "interrupts.h"
 Parameters:    Size  Location     Type
		None
 Auto vars:     Size  Location     Type
		None
 Return value:  Size  Location     Type
		None               void
 Registers used:
		None
 Tracked objects:
		On entry : 
		On exit  : 
		Unchanged: 
 Data sizes:     COMMON   BANK0   BANK1   BANK3   BANK2
      Params:         0       0       0       0       0
      Locals:         0       0       0       0       0
      Temps:          0       0       0       0       0
      Totals:         0       0       0       0       0
Total ram usage:        0 bytes
 Hardware stack levels used:    1
 Hardware stack levels required when called:    5
 This function calls:
		Nothing
 This function is called by:
		_main
 This function uses a non-reentrant model


 *************** function _eeprom_write *****************
 Defined at:
		line 6 in file "C:\Program Files (x86)\Microchip\xc8\v1.34\sources\pic\eewrite.c"
 Parameters:    Size  Location     Type
  addr            1    wreg     unsigned char 
  value           1    8[BANK0 ] unsigned char 
 Auto vars:     Size  Location     Type
  addr            1    9[BANK0 ] unsigned char 
 Return value:  Size  Location     Type
		None               void
 Registers used:
		wreg, status,2, status,0
 Tracked objects:
		On entry : 
		On exit  : 
		Unchanged: 
 Data sizes:     COMMON   BANK0   BANK1   BANK3   BANK2
      Params:         0       1       0       0       0
      Locals:         0       1       0       0       0
      Temps:          0       0       0       0       0
      Totals:         0       2       0       0       0
Total ram usage:        2 bytes
 Hardware stack levels used:    1
 Hardware stack levels required when called:    5
 This function calls:
		Nothing
 This function is called by:
		_main
 This function uses a non-reentrant model


 *************** function _eeprom_read *****************
 Defined at:
		line 6 in file "C:\Program Files (x86)\Microchip\xc8\v1.34\sources\pic\eeread.c"
 Parameters:    Size  Location     Type
  addr            1    wreg     unsigned char 
 Auto vars:     Size  Location     Type
  addr            1    5[BANK0 ] unsigned char 
 Return value:  Size  Location     Type
                  1    wreg      unsigned char 
 Registers used:
		wreg, status,2, status,0
 Tracked objects:
		On entry : 
		On exit  : 
		Unchanged: 
 Data sizes:     COMMON   BANK0   BANK1   BANK3   BANK2
      Params:         0       0       0       0       0
      Locals:         0       1       0       0       0
      Temps:          0       0       0       0       0
      Totals:         0       1       0       0       0
Total ram usage:        1 bytes
 Hardware stack levels used:    1
 Hardware stack levels required when called:    5
 This function calls:
		Nothing
 This function is called by:
		_main
 This function uses a non-reentrant model


 *************** function _clr_display *****************
 Defined at:
		line 183 in file "lcdv2.h"
 Parameters:    Size  Location     Type
		None
 Auto vars:     Size  Location     Type
		None
 Return value:  Size  Location     Type
		None               void
 Registers used:
		wreg, status,2, status,0, pclath, cstack
 Tracked objects:
		On entry : 
		On exit  : 
		Unchanged: 
 Data sizes:     COMMON   BANK0   BANK1   BANK3   BANK2
      Params:         0       0       0       0       0
      Locals:         0       0       0       0       0
      Temps:          0       2       0       0       0
      Totals:         0       2       0       0       0
Total ram usage:        2 bytes
 Hardware stack levels used:    1
 Hardware stack levels required when called:    6
 This function calls:
		_lcd_add
 This function is called by:
		_main
 This function uses a non-reentrant model


 *************** function _atod_init *****************
 Defined at:
		line 8 in file "a2d.h"
 Parameters:    Size  Location     Type
		None
 Auto vars:     Size  Location     Type
		None
 Return value:  Size  Location     Type
		None               void
 Registers used:
		wreg
 Tracked objects:
		On entry : 
		On exit  : 
		Unchanged: 
 Data sizes:     COMMON   BANK0   BANK1   BANK3   BANK2
      Params:         0       0       0       0       0
      Locals:         0       0       0       0       0
      Temps:          0       0       0       0       0
      Totals:         0       0       0       0       0
Total ram usage:        0 bytes
 Hardware stack levels used:    1
 Hardware stack levels required when called:    5
 This function calls:
		Nothing
 This function is called by:
		_main
 This function uses a non-reentrant model


 *************** function _a2d_read *****************
 Defined at:
		line 778 in file "Automated Solar Panel Orientation Setter.c"
 Parameters:    Size  Location     Type
		None
 Auto vars:     Size  Location     Type
		None
 Return value:  Size  Location     Type
		None               void
 Registers used:
		wreg, status,2, status,0, pclath, cstack
 Tracked objects:
		On entry : 
		On exit  : 
		Unchanged: 
 Data sizes:     COMMON   BANK0   BANK1   BANK3   BANK2
      Params:         0       0       0       0       0
      Locals:         0       0       0       0       0
      Temps:          0       0       0       0       0
      Totals:         0       0       0       0       0
Total ram usage:        0 bytes
 Hardware stack levels used:    1
 Hardware stack levels required when called:    7
 This function calls:
		___awdiv
		___ftmul
		___fttol
		___lwtoft
		___wmul
		_read_a2d_value
 This function is called by:
		_main
 This function uses a non-reentrant model


 *************** function _read_a2d_value *****************
 Defined at:
		line 13 in file "a2d.h"
 Parameters:    Size  Location     Type
  channel         1    wreg     unsigned char 
 Auto vars:     Size  Location     Type
  channel         1    8[BANK0 ] unsigned char 
  a2d_value       2    9[BANK0 ] unsigned int 
 Return value:  Size  Location     Type
                  2    5[BANK0 ] unsigned int 
 Registers used:
		wreg, status,2, status,0
 Tracked objects:
		On entry : 
		On exit  : 
		Unchanged: 
 Data sizes:     COMMON   BANK0   BANK1   BANK3   BANK2
      Params:         0       2       0       0       0
      Locals:         0       3       0       0       0
      Temps:          0       1       0       0       0
      Totals:         0       6       0       0       0
Total ram usage:        6 bytes
 Hardware stack levels used:    1
 Hardware stack levels required when called:    5
 This function calls:
		Nothing
 This function is called by:
		_a2d_read
 This function uses a non-reentrant model


 *************** function ___wmul *****************
 Defined at:
		line 15 in file "C:\Program Files (x86)\Microchip\xc8\v1.34\sources\common\Umul16.c"
 Parameters:    Size  Location     Type
  multiplier      2    5[BANK0 ] unsigned int 
  multiplicand    2    7[BANK0 ] unsigned int 
 Auto vars:     Size  Location     Type
  product         2    9[BANK0 ] unsigned int 
 Return value:  Size  Location     Type
                  2    5[BANK0 ] unsigned int 
 Registers used:
		wreg, status,2, status,0
 Tracked objects:
		On entry : 
		On exit  : 
		Unchanged: 
 Data sizes:     COMMON   BANK0   BANK1   BANK3   BANK2
      Params:         0       4       0       0       0
      Locals:         0       2       0       0       0
      Temps:          0       0       0       0       0
      Totals:         0       6       0       0       0
Total ram usage:        6 bytes
 Hardware stack levels used:    1
 Hardware stack levels required when called:    5
 This function calls:
		Nothing
 This function is called by:
		_main
		_a2d_read
 This function uses a non-reentrant model


 *************** function ___lwtoft *****************
 Defined at:
		line 28 in file "C:\Program Files (x86)\Microchip\xc8\v1.34\sources\common\lwtoft.c"
 Parameters:    Size  Location     Type
  c               2   13[BANK0 ] unsigned int 
 Auto vars:     Size  Location     Type
		None
 Return value:  Size  Location     Type
                  3   13[BANK0 ] float 
 Registers used:
		wreg, status,2, status,0, pclath, cstack
 Tracked objects:
		On entry : 
		On exit  : 
		Unchanged: 
 Data sizes:     COMMON   BANK0   BANK1   BANK3   BANK2
      Params:         0       3       0       0       0
      Locals:         0       0       0       0       0
      Temps:          0       0       0       0       0
      Totals:         0       3       0       0       0
Total ram usage:        3 bytes
 Hardware stack levels used:    1
 Hardware stack levels required when called:    6
 This function calls:
		___ftpack
 This function is called by:
		_main
		_a2d_read
 This function uses a non-reentrant model


 *************** function ___fttol *****************
 Defined at:
		line 44 in file "C:\Program Files (x86)\Microchip\xc8\v1.34\sources\common\fttol.c"
 Parameters:    Size  Location     Type
  f1              3   33[BANK0 ] float 
 Auto vars:     Size  Location     Type
  lval            4   41[BANK0 ] unsigned long 
  exp1            1   45[BANK0 ] unsigned char 
  sign1           1   40[BANK0 ] unsigned char 
 Return value:  Size  Location     Type
                  4   33[BANK0 ] long 
 Registers used:
		wreg, status,2, status,0
 Tracked objects:
		On entry : 
		On exit  : 
		Unchanged: 
 Data sizes:     COMMON   BANK0   BANK1   BANK3   BANK2
      Params:         0       4       0       0       0
      Locals:         0       6       0       0       0
      Temps:          0       3       0       0       0
      Totals:         0      13       0       0       0
Total ram usage:       13 bytes
 Hardware stack levels used:    1
 Hardware stack levels required when called:    5
 This function calls:
		Nothing
 This function is called by:
		_main
		_a2d_read
 This function uses a non-reentrant model


 *************** function ___ftmul *****************
 Defined at:
		line 62 in file "C:\Program Files (x86)\Microchip\xc8\v1.34\sources\common\ftmul.c"
 Parameters:    Size  Location     Type
  f1              3   18[BANK0 ] float 
  f2              3   21[BANK0 ] float 
 Auto vars:     Size  Location     Type
  f3_as_produc    3   28[BANK0 ] unsigned um
  sign            1   32[BANK0 ] unsigned char 
  cntr            1   31[BANK0 ] unsigned char 
  exp             1   27[BANK0 ] unsigned char 
 Return value:  Size  Location     Type
                  3   18[BANK0 ] float 
 Registers used:
		wreg, status,2, status,0, pclath, cstack
 Tracked objects:
		On entry : 
		On exit  : 
		Unchanged: 
 Data sizes:     COMMON   BANK0   BANK1   BANK3   BANK2
      Params:         0       6       0       0       0
      Locals:         0       6       0       0       0
      Temps:          0       3       0       0       0
      Totals:         0      15       0       0       0
Total ram usage:       15 bytes
 Hardware stack levels used:    1
 Hardware stack levels required when called:    6
 This function calls:
		___ftpack
 This function is called by:
		_main
		_a2d_read
 This function uses a non-reentrant model


 *************** function ___ltmod *****************
 Defined at:
		line 6 in file "C:\Program Files (x86)\Microchip\xc8\v1.34\sources\common\ltmod.c"
 Parameters:    Size  Location     Type
  divisor         3    5[BANK0 ] unsigned um
  dividend        3    8[BANK0 ] unsigned um
 Auto vars:     Size  Location     Type
  counter         1   11[BANK0 ] unsigned char 
 Return value:  Size  Location     Type
                  3    5[BANK0 ] unsigned um
 Registers used:
		wreg, status,2, status,0
 Tracked objects:
		On entry : 
		On exit  : 
		Unchanged: 
 Data sizes:     COMMON   BANK0   BANK1   BANK3   BANK2
      Params:         0       6       0       0       0
      Locals:         0       1       0       0       0
      Temps:          0       0       0       0       0
      Totals:         0       7       0       0       0
Total ram usage:        7 bytes
 Hardware stack levels used:    1
 Hardware stack levels required when called:    5
 This function calls:
		Nothing
 This function is called by:
		_main
 This function uses a non-reentrant model


 *************** function ___ltdiv *****************
 Defined at:
		line 6 in file "C:\Program Files (x86)\Microchip\xc8\v1.34\sources\common\ltdiv.c"
 Parameters:    Size  Location     Type
  divisor         3    5[BANK0 ] unsigned um
  dividend        3    8[BANK0 ] unsigned um
 Auto vars:     Size  Location     Type
  quotient        3   11[BANK0 ] unsigned um
  counter         1   14[BANK0 ] unsigned char 
 Return value:  Size  Location     Type
                  3    5[BANK0 ] unsigned um
 Registers used:
		wreg, status,2, status,0
 Tracked objects:
		On entry : 
		On exit  : 
		Unchanged: 
 Data sizes:     COMMON   BANK0   BANK1   BANK3   BANK2
      Params:         0       6       0       0       0
      Locals:         0       4       0       0       0
      Temps:          0       0       0       0       0
      Totals:         0      10       0       0       0
Total ram usage:       10 bytes
 Hardware stack levels used:    1
 Hardware stack levels required when called:    5
 This function calls:
		Nothing
 This function is called by:
		_main
 This function uses a non-reentrant model


 *************** function ___lbtoft *****************
 Defined at:
		line 27 in file "C:\Program Files (x86)\Microchip\xc8\v1.34\sources\common\lbtoft.c"
 Parameters:    Size  Location     Type
  c               1    wreg     unsigned char 
 Auto vars:     Size  Location     Type
  c               1   17[BANK0 ] unsigned char 
 Return value:  Size  Location     Type
                  3   13[BANK0 ] float 
 Registers used:
		wreg, status,2, status,0, pclath, cstack
 Tracked objects:
		On entry : 
		On exit  : 
		Unchanged: 
 Data sizes:     COMMON   BANK0   BANK1   BANK3   BANK2
      Params:         0       4       0       0       0
      Locals:         0       1       0       0       0
      Temps:          0       0       0       0       0
      Totals:         0       5       0       0       0
Total ram usage:        5 bytes
 Hardware stack levels used:    1
 Hardware stack levels required when called:    6
 This function calls:
		___ftpack
 This function is called by:
		_main
 This function uses a non-reentrant model


 *************** function ___ftdiv *****************
 Defined at:
		line 56 in file "C:\Program Files (x86)\Microchip\xc8\v1.34\sources\common\ftdiv.c"
 Parameters:    Size  Location     Type
  f2              3   16[BANK0 ] float 
  f1              3   19[BANK0 ] float 
 Auto vars:     Size  Location     Type
  f3              3   26[BANK0 ] float 
  sign            1   30[BANK0 ] unsigned char 
  exp             1   29[BANK0 ] unsigned char 
  cntr            1   25[BANK0 ] unsigned char 
 Return value:  Size  Location     Type
                  3   16[BANK0 ] float 
 Registers used:
		wreg, status,2, status,0, pclath, cstack
 Tracked objects:
		On entry : 
		On exit  : 
		Unchanged: 
 Data sizes:     COMMON   BANK0   BANK1   BANK3   BANK2
      Params:         0       6       0       0       0
      Locals:         0       6       0       0       0
      Temps:          0       3       0       0       0
      Totals:         0      15       0       0       0
Total ram usage:       15 bytes
 Hardware stack levels used:    1
 Hardware stack levels required when called:    6
 This function calls:
		___ftpack
 This function is called by:
		_main
 This function uses a non-reentrant model


 *************** function ___ftpack *****************
 Defined at:
		line 62 in file "C:\Program Files (x86)\Microchip\xc8\v1.34\sources\common\float.c"
 Parameters:    Size  Location     Type
  arg             3    5[BANK0 ] unsigned um
  exp             1    8[BANK0 ] unsigned char 
  sign            1    9[BANK0 ] unsigned char 
 Auto vars:     Size  Location     Type
		None
 Return value:  Size  Location     Type
                  3    5[BANK0 ] float 
 Registers used:
		wreg, status,2, status,0
 Tracked objects:
		On entry : 
		On exit  : 
		Unchanged: 
 Data sizes:     COMMON   BANK0   BANK1   BANK3   BANK2
      Params:         0       5       0       0       0
      Locals:         0       0       0       0       0
      Temps:          0       3       0       0       0
      Totals:         0       8       0       0       0
Total ram usage:        8 bytes
 Hardware stack levels used:    1
 Hardware stack levels required when called:    5
 This function calls:
		Nothing
 This function is called by:
		___ftdiv
		___ftmul
		___lbtoft
		___lwtoft
 This function uses a non-reentrant model


 *************** function ___bmul *****************
 Defined at:
		line 4 in file "C:\Program Files (x86)\Microchip\xc8\v1.34\sources\common\Umul8.c"
 Parameters:    Size  Location     Type
  multiplier      1    wreg     unsigned char 
  multiplicand    1    5[BANK0 ] unsigned char 
 Auto vars:     Size  Location     Type
  multiplier      1    7[BANK0 ] unsigned char 
  product         1    6[BANK0 ] unsigned char 
 Return value:  Size  Location     Type
                  1    wreg      unsigned char 
 Registers used:
		wreg, status,2, status,0
 Tracked objects:
		On entry : 
		On exit  : 
		Unchanged: 
 Data sizes:     COMMON   BANK0   BANK1   BANK3   BANK2
      Params:         0       1       0       0       0
      Locals:         0       2       0       0       0
      Temps:          0       0       0       0       0
      Totals:         0       3       0       0       0
Total ram usage:        3 bytes
 Hardware stack levels used:    1
 Hardware stack levels required when called:    5
 This function calls:
		Nothing
 This function is called by:
		_main
 This function uses a non-reentrant model


 *************** function _Timer1_Init *****************
 Defined at:
		line 4 in file "timer1.h"
 Parameters:    Size  Location     Type
		None
 Auto vars:     Size  Location     Type
		None
 Return value:  Size  Location     Type
		None               void
 Registers used:
		wreg
 Tracked objects:
		On entry : 
		On exit  : 
		Unchanged: 
 Data sizes:     COMMON   BANK0   BANK1   BANK3   BANK2
      Params:         0       0       0       0       0
      Locals:         0       0       0       0       0
      Temps:          0       0       0       0       0
      Totals:         0       0       0       0       0
Total ram usage:        0 bytes
 Hardware stack levels used:    1
 Hardware stack levels required when called:    5
 This function calls:
		Nothing
 This function is called by:
		_main
 This function uses a non-reentrant model


 *************** function _Setup_IOports *****************
 Defined at:
		line 56 in file "setup.h"
 Parameters:    Size  Location     Type
		None
 Auto vars:     Size  Location     Type
		None
 Return value:  Size  Location     Type
		None               void
 Registers used:
		wreg, status,2
 Tracked objects:
		On entry : 
		On exit  : 
		Unchanged: 
 Data sizes:     COMMON   BANK0   BANK1   BANK3   BANK2
      Params:         0       0       0       0       0
      Locals:         0       0       0       0       0
      Temps:          0       0       0       0       0
      Totals:         0       0       0       0       0
Total ram usage:        0 bytes
 Hardware stack levels used:    1
 Hardware stack levels required when called:    5
 This function calls:
		Nothing
 This function is called by:
		_main
 This function uses a non-reentrant model


 *************** function _Serial_Print_Int *****************
 Defined at:
		line 141 in file "serialv2.h"
 Parameters:    Size  Location     Type
  val             2   19[BANK0 ] int 
 Auto vars:     Size  Location     Type
		None
 Return value:  Size  Location     Type
		None               void
 Registers used:
		wreg, status,2, status,0, btemp+1, pclath, cstack
 Tracked objects:
		On entry : 
		On exit  : 
		Unchanged: 
 Data sizes:     COMMON   BANK0   BANK1   BANK3   BANK2
      Params:         0       2       0       0       0
      Locals:         0       0       0       0       0
      Temps:          0       1       0       0       0
      Totals:         0       3       0       0       0
Total ram usage:        3 bytes
 Hardware stack levels used:    1
 Hardware stack levels required when called:    6
 This function calls:
		___awdiv
		___awmod
 This function is called by:
		_main
 This function uses a non-reentrant model


 *************** function _Serial_NewLine *****************
 Defined at:
		line 37 in file "serialv2.h"
 Parameters:    Size  Location     Type
		None
 Auto vars:     Size  Location     Type
		None
 Return value:  Size  Location     Type
		None               void
 Registers used:
		wreg
 Tracked objects:
		On entry : 
		On exit  : 
		Unchanged: 
 Data sizes:     COMMON   BANK0   BANK1   BANK3   BANK2
      Params:         0       0       0       0       0
      Locals:         0       0       0       0       0
      Temps:          0       1       0       0       0
      Totals:         0       1       0       0       0
Total ram usage:        1 bytes
 Hardware stack levels used:    1
 Hardware stack levels required when called:    5
 This function calls:
		Nothing
 This function is called by:
		_main
 This function uses a non-reentrant model


 *************** function _Serial_Init *****************
 Defined at:
		line 10 in file "serialv2.h"
 Parameters:    Size  Location     Type
		None
 Auto vars:     Size  Location     Type
		None
 Return value:  Size  Location     Type
		None               void
 Registers used:
		wreg
 Tracked objects:
		On entry : 
		On exit  : 
		Unchanged: 
 Data sizes:     COMMON   BANK0   BANK1   BANK3   BANK2
      Params:         0       0       0       0       0
      Locals:         0       0       0       0       0
      Temps:          0       3       0       0       0
      Totals:         0       3       0       0       0
Total ram usage:        3 bytes
 Hardware stack levels used:    1
 Hardware stack levels required when called:    5
 This function calls:
		Nothing
 This function is called by:
		_main
 This function uses a non-reentrant model


 *************** function _LCDTimeUpdate *****************
 Defined at:
		line 898 in file "Automated Solar Panel Orientation Setter.c"
 Parameters:    Size  Location     Type
		None
 Auto vars:     Size  Location     Type
		None
 Return value:  Size  Location     Type
		None               void
 Registers used:
		wreg, status,2, status,0, pclath, cstack
 Tracked objects:
		On entry : 
		On exit  : 
		Unchanged: 
 Data sizes:     COMMON   BANK0   BANK1   BANK3   BANK2
      Params:         0       0       0       0       0
      Locals:         0       0       0       0       0
      Temps:          0       2       0       0       0
      Totals:         0       2       0       0       0
Total ram usage:        2 bytes
 Hardware stack levels used:    1
 Hardware stack levels required when called:    8
 This function calls:
		_LCD_print_char
		___lwdiv
		___lwmod
 This function is called by:
		_main
 This function uses a non-reentrant model


 *************** function ___lwmod *****************
 Defined at:
		line 6 in file "C:\Program Files (x86)\Microchip\xc8\v1.34\sources\common\lwmod.c"
 Parameters:    Size  Location     Type
  divisor         2    5[BANK0 ] unsigned int 
  dividend        2    7[BANK0 ] unsigned int 
 Auto vars:     Size  Location     Type
  counter         1    9[BANK0 ] unsigned char 
 Return value:  Size  Location     Type
                  2    5[BANK0 ] unsigned int 
 Registers used:
		wreg, status,2, status,0
 Tracked objects:
		On entry : 
		On exit  : 
		Unchanged: 
 Data sizes:     COMMON   BANK0   BANK1   BANK3   BANK2
      Params:         0       4       0       0       0
      Locals:         0       1       0       0       0
      Temps:          0       0       0       0       0
      Totals:         0       5       0       0       0
Total ram usage:        5 bytes
 Hardware stack levels used:    1
 Hardware stack levels required when called:    5
 This function calls:
		Nothing
 This function is called by:
		_LCDTimeUpdate
 This function uses a non-reentrant model


 *************** function ___lwdiv *****************
 Defined at:
		line 6 in file "C:\Program Files (x86)\Microchip\xc8\v1.34\sources\common\lwdiv.c"
 Parameters:    Size  Location     Type
  divisor         2    5[BANK0 ] unsigned int 
  dividend        2    7[BANK0 ] unsigned int 
 Auto vars:     Size  Location     Type
  quotient        2   10[BANK0 ] unsigned int 
  counter         1    9[BANK0 ] unsigned char 
 Return value:  Size  Location     Type
                  2    5[BANK0 ] unsigned int 
 Registers used:
		wreg, status,2, status,0
 Tracked objects:
		On entry : 
		On exit  : 
		Unchanged: 
 Data sizes:     COMMON   BANK0   BANK1   BANK3   BANK2
      Params:         0       4       0       0       0
      Locals:         0       3       0       0       0
      Temps:          0       0       0       0       0
      Totals:         0       7       0       0       0
Total ram usage:        7 bytes
 Hardware stack levels used:    1
 Hardware stack levels required when called:    5
 This function calls:
		Nothing
 This function is called by:
		_LCDTimeUpdate
 This function uses a non-reentrant model


 *************** function _LCD_print_char *****************
 Defined at:
		line 174 in file "lcdv2.h"
 Parameters:    Size  Location     Type
  row             2   19[BANK0 ] int 
  column          2   21[BANK0 ] int 
  print_value     1   23[BANK0 ] unsigned char 
 Auto vars:     Size  Location     Type
		None
 Return value:  Size  Location     Type
		None               void
 Registers used:
		wreg, status,2, status,0, pclath, cstack
 Tracked objects:
		On entry : 
		On exit  : 
		Unchanged: 
 Data sizes:     COMMON   BANK0   BANK1   BANK3   BANK2
      Params:         0       5       0       0       0
      Locals:         0       0       0       0       0
      Temps:          0       1       0       0       0
      Totals:         0       6       0       0       0
Total ram usage:        6 bytes
 Hardware stack levels used:    1
 Hardware stack levels required when called:    7
 This function calls:
		_lcd_add
		_position
 This function is called by:
		_main
		_LCDTimeUpdate
 This function uses a non-reentrant model


 *************** function _position *****************
 Defined at:
		line 210 in file "lcdv2.h"
 Parameters:    Size  Location     Type
  row             1    wreg     unsigned char 
  collum          1    6[BANK0 ] unsigned char 
 Auto vars:     Size  Location     Type
  row             1   10[BANK0 ] unsigned char 
  post            1    9[BANK0 ] unsigned char 
 Return value:  Size  Location     Type
		None               void
 Registers used:
		wreg, status,2, status,0, pclath, cstack
 Tracked objects:
		On entry : 
		On exit  : 
		Unchanged: 
 Data sizes:     COMMON   BANK0   BANK1   BANK3   BANK2
      Params:         0       1       0       0       0
      Locals:         0       2       0       0       0
      Temps:          0       2       0       0       0
      Totals:         0       5       0       0       0
Total ram usage:        5 bytes
[...]
		On entry : 
		On exit  : 
		Unchanged: 
 Data sizes:     COMMON   BANK0   BANK1   BANK3   BANK2
      Params:         0       0       0       0       0
      Locals:         0       1       0       0       0
      Temps:          0       1       0       0       0
      Totals:         0       2       0       0       0
Total ram usage:        2 bytes
 Hardware stack levels used:    1
 Hardware stack levels required when called:    5
 This function calls:
		Nothing
 This function is called by:
		_main
		_CheckMode
 This function uses a non-reentrant model


 *************** function _CheckKeyPad *****************
 Defined at:
		line 570 in file "Automated Solar Panel Orientation Setter.c"
 Parameters:    Size  Location     Type
		None
 Auto vars:     Size  Location     Type
  rowNo           2   12[BANK0 ] int 
  colomnNo        2   10[BANK0 ] int 
  charactor       1    9[BANK0 ] unsigned char 
 Return value:  Size  Location     Type
                  1    wreg      unsigned char 
 Registers used:
		wreg, status,2, status,0, pclath, cstack
 Tracked objects:
		On entry : 
		On exit  : 
		Unchanged: 
 Data sizes:     COMMON   BANK0   BANK1   BANK3   BANK2
      Params:         0       0       0       0       0
      Locals:         0       5       0       0       0
      Temps:          0       0       0       0       0
      Totals:         0       5       0       0       0
Total ram usage:        5 bytes
 Hardware stack levels used:    1
 Hardware stack levels required when called:    6
 This function calls:
		_ColomnNo
		_RowNo
 This function is called by:
		_main
		_CheckMode
 This function uses a non-reentrant model


 *************** function _RowNo *****************
 Defined at:
		line 706 in file "Automated Solar Panel Orientation Setter.c"
 Parameters:    Size  Location     Type
		None
 Auto vars:     Size  Location     Type
  row             2    7[BANK0 ] int 
 Return value:  Size  Location     Type
                  2    5[BANK0 ] int 
 Registers used:
		wreg, status,2, status,0
 Tracked objects:
		On entry : 
		On exit  : 
		Unchanged: 
 Data sizes:     COMMON   BANK0   BANK1   BANK3   BANK2
      Params:         0       2       0       0       0
      Locals:         0       2       0       0       0
      Temps:          0       0       0       0       0
      Totals:         0       4       0       0       0
Total ram usage:        4 bytes
 Hardware stack levels used:    1
 Hardware stack levels required when called:    5
 This function calls:
		Nothing
 This function is called by:
		_CheckKeyPad
 This function uses a non-reentrant model


 *************** function _ColomnNo *****************
 Defined at:
		line 613 in file "Automated Solar Panel Orientation Setter.c"
 Parameters:    Size  Location     Type
  rowNo           2    5[BANK0 ] int 
 Auto vars:     Size  Location     Type
		None
 Return value:  Size  Location     Type
                  2    5[BANK0 ] int 
 Registers used:
		wreg, status,2, status,0
 Tracked objects:
		On entry : 
		On exit  : 
		Unchanged: 
 Data sizes:     COMMON   BANK0   BANK1   BANK3   BANK2
      Params:         0       2       0       0       0
      Locals:         0       0       0       0       0
      Temps:          0       0       0       0       0
      Totals:         0       2       0       0       0
Total ram usage:        2 bytes
 Hardware stack levels used:    1
 Hardware stack levels required when called:    5
 This function calls:
		Nothing
 This function is called by:
		_CheckKeyPad
 This function uses a non-reentrant model


 *************** function _Calculate *****************
 Defined at:
		line 788 in file "Automated Solar Panel Orientation Setter.c"
 Parameters:    Size  Location     Type
		None
 Auto vars:     Size  Location     Type
		None
 Return value:  Size  Location     Type
		None               void
 Registers used:
		wreg, status,2, status,0, pclath, cstack
 Tracked objects:
		On entry : 
		On exit  : 
		Unchanged: 
 Data sizes:     COMMON   BANK0   BANK1   BANK3   BANK2
      Params:         0       0       0       0       0
      Locals:         0       0       0       0       0
      Temps:          0       2       0       0       0
      Totals:         0       2       0       0       0
Total ram usage:        2 bytes
 Hardware stack levels used:    1
 Hardware stack levels required when called:    6
 This function calls:
		_RotateMotorLeft
		_RotateMotorRight
 This function is called by:
		_main
 This function uses a non-reentrant model


 *************** function _RotateMotorRight *****************
 Defined at:
		line 755 in file "Automated Solar Panel Orientation Setter.c"
 Parameters:    Size  Location     Type
  value           2    5[BANK0 ] int 
 Auto vars:     Size  Location     Type
  i               2    9[BANK0 ] int 
 Return value:  Size  Location     Type
		None               void
 Registers used:
		wreg, status,2, status,0
 Tracked objects:
		On entry : 
		On exit  : 
		Unchanged: 
 Data sizes:     COMMON   BANK0   BANK1   BANK3   BANK2
      Params:         0       2       0       0       0
      Locals:         0       2       0       0       0
      Temps:          0       2       0       0       0
      Totals:         0       6       0       0       0
Total ram usage:        6 bytes
 Hardware stack levels used:    1
 Hardware stack levels required when called:    5
 This function calls:
		Nothing
 This function is called by:
		_main
		_Calculate
 This function uses a non-reentrant model


 *************** function _RotateMotorLeft *****************
 Defined at:
		line 737 in file "Automated Solar Panel Orientation Setter.c"
 Parameters:    Size  Location     Type
  value           2    5[BANK0 ] int 
 Auto vars:     Size  Location     Type
		None
 Return value:  Size  Location     Type
		None               void
 Registers used:
		wreg, status,2, status,0
 Tracked objects:
		On entry : 
		On exit  : 
		Unchanged: 
 Data sizes:     COMMON   BANK0   BANK1   BANK3   BANK2
      Params:         0       2       0       0       0
      Locals:         0       0       0       0       0
      Temps:          0       2       0       0       0
      Totals:         0       4       0       0       0
Total ram usage:        4 bytes
 Hardware stack levels used:    1
 Hardware stack levels required when called:    5
 This function calls:
		Nothing
 This function is called by:
		_main
		_Calculate
 This function uses a non-reentrant model


 *************** function _isr *****************
 Defined at:
		line 807 in file "Automated Solar Panel Orientation Setter.c"
 Parameters:    Size  Location     Type
		None
 Auto vars:     Size  Location     Type
		None
 Return value:  Size  Location     Type
		None               void
 Registers used:
		wreg, fsr0l, fsr0h, status,2, status,0, pclath, cstack
 Tracked objects:
		On entry : 
		On exit  : 
		Unchanged: 
 Data sizes:     COMMON   BANK0   BANK1   BANK3   BANK2
      Params:         0       0       0       0       0
      Locals:         0       0       0       0       0
      Temps:          0       3       0       0       0
      Totals:         0       3       0       0       0
Total ram usage:        3 bytes
 Hardware stack levels used:    1
 Hardware stack levels required when called:    4
 This function calls:
		i1_LCDTimeUpdate
		i1_LCD_print_char
		i1___lwmod
 This function is called by:
		Interrupt level 1
 This function uses a non-reentrant model


 *************** function i1_LCDTimeUpdate *****************
 Defined at:
		line 898 in file "Automated Solar Panel Orientation Setter.c"
 Parameters:    Size  Location     Type
		None
 Auto vars:     Size  Location     Type
		None
 Return value:  Size  Location     Type
		None               void
 Registers used:
		wreg, status,2, status,0, pclath, cstack
 Tracked objects:
		On entry : 
		On exit  : 
		Unchanged: 
 Data sizes:     COMMON   BANK0   BANK1   BANK3   BANK2
      Params:         0       0       0       0       0
      Locals:         0       0       0       0       0
      Temps:          0       2       0       0       0
      Totals:         0       2       0       0       0
Total ram usage:        2 bytes
 Hardware stack levels used:    1
 Hardware stack levels required when called:    3
 This function calls:
		i1_LCD_print_char
		i1___lwdiv
		i1___lwmod
 This function is called by:
		_isr
 This function uses a non-reentrant model


 *************** function i1___lwmod *****************
 Defined at:
		line 6 in file "C:\Program Files (x86)\Microchip\xc8\v1.34\sources\common\lwmod.c"
 Parameters:    Size  Location     Type
  divisor         2    0[COMMON] unsigned int 
  dividend        2    2[COMMON] unsigned int 
 Auto vars:     Size  Location     Type
  __lwmod         1    4[COMMON] unsigned char 
 Return value:  Size  Location     Type
                  2    0[COMMON] unsigned int 
 Registers used:
		wreg, status,2, status,0
 Tracked objects:
		On entry : 
		On exit  : 
		Unchanged: 
 Data sizes:     COMMON   BANK0   BANK1   BANK3   BANK2
      Params:         4       0       0       0       0
      Locals:         1       0       0       0       0
      Temps:          0       0       0       0       0
      Totals:         5       0       0       0       0
Total ram usage:        5 bytes
 Hardware stack levels used:    1
 This function calls:
		Nothing
 This function is called by:
		_isr
		i1_LCDTimeUpdate
 This function uses a non-reentrant model


 *************** function i1___lwdiv *****************
 Defined at:
		line 6 in file "C:\Program Files (x86)\Microchip\xc8\v1.34\sources\common\lwdiv.c"
 Parameters:    Size  Location     Type
  divisor         2    0[COMMON] unsigned int 
  dividend        2    2[COMMON] unsigned int 
 Auto vars:     Size  Location     Type
  __lwdiv         2    4[COMMON] unsigned int 
  __lwdiv         1    6[COMMON] unsigned char 
 Return value:  Size  Location     Type
                  2    0[COMMON] unsigned int 
 Registers used:
		wreg, status,2, status,0
 Tracked objects:
		On entry : 
		On exit  : 
		Unchanged: 
 Data sizes:     COMMON   BANK0   BANK1   BANK3   BANK2
      Params:         4       0       0       0       0
      Locals:         3       0       0       0       0
      Temps:          0       0       0       0       0
      Totals:         7       0       0       0       0
Total ram usage:        7 bytes
 Hardware stack levels used:    1
 This function calls:
		Nothing
 This function is called by:
		i1_LCDTimeUpdate
 This function uses a non-reentrant model


 *************** function i1_LCD_print_char *****************
 Defined at:
		line 174 in file "lcdv2.h"
 Parameters:    Size  Location     Type
  row             2    7[COMMON] int 
  column          2    9[COMMON] int 
  print_value     1   11[COMMON] unsigned char 
 Auto vars:     Size  Location     Type
		None
 Return value:  Size  Location     Type
		None               void
 Registers used:
		wreg, status,2, status,0, pclath, cstack
 Tracked objects:
		On entry : 
		On exit  : 
		Unchanged: 
 Data sizes:     COMMON   BANK0   BANK1   BANK3   BANK2
      Params:         5       0       0       0       0
      Locals:         0       0       0       0       0
      Temps:          1       0       0       0       0
      Totals:         6       0       0       0       0
Total ram usage:        6 bytes
 Hardware stack levels used:    1
 Hardware stack levels required when called:    2
 This function calls:
		i1_lcd_add
		i1_position
 This function is called by:
		_isr
		i1_LCDTimeUpdate
 This function uses a non-reentrant model


 *************** function i1_position *****************
 Defined at:
		line 210 in file "lcdv2.h"
 Parameters:    Size  Location     Type
  row             1    wreg     unsigned char 
  collum          1    1[COMMON] unsigned char 
 Auto vars:     Size  Location     Type
  row             1    5[COMMON] unsigned char 
  position        1    4[COMMON] unsigned char 
 Return value:  Size  Location     Type
		None               void
 Registers used:
		wreg, status,2, status,0, pclath, cstack
 Tracked objects:
		On entry : 
		On exit  : 
		Unchanged: 
 Data sizes:     COMMON   BANK0   BANK1   BANK3   BANK2
      Params:         1       0       0       0       0
      Locals:         2       0       0       0       0
      Temps:          2       0       0       0       0
      Totals:         5       0       0       0       0
Total ram usage:        5 bytes
 Hardware stack levels used:    1
 Hardware stack levels required when called:    1
 This function calls:
		i1_lcd_add
 This function is called by:
		i1_LCD_print_char
 This function uses a non-reentrant model


 *************** function i1_lcd_add *****************
 Defined at:
		line 226 in file "lcdv2.h"
 Parameters:    Size  Location     Type
		None
 Auto vars:     Size  Location     Type
		None
 Return value:  Size  Location     Type
		None               void
 Registers used:
		wreg, status,2, status,0
 Tracked objects:
		On entry : 
		On exit  : 
		Unchanged: 
 Data sizes:     COMMON   BANK0   BANK1   BANK3   BANK2
      Params:         0       0       0       0       0
      Locals:         0       0       0       0       0
      Temps:          1       0       0       0       0
      Totals:         1       0       0       0       0
Total ram usage:        1 bytes
 Hardware stack levels used:    1
 This function calls:
		Nothing
 This function is called by:
		i1_LCD_print_char
		i1_position
 This function uses a non-reentrant model



MODULE INFORMATION

Module		Function		Class		Link	Load	Size
lcdv2.h
		_position      		CODE           	0A1A	0000	41
		_putch         		CODE           	0831	0000	22
		_LCD_print_char		CODE           	08F5	0000	29
		_lcd_add       		CODE           	095F	0000	188
		_lcd_init      		CODE           	1C9B	0000	75
		_clr_display   		CODE           	0846	0000	29

lcdv2.h estimated size: 384

interrupts.h
		_enableInterrup		CODE           	1BED	0000	18

interrupts.h estimated size: 18

C:\Program Files (x86)\Microchip\xc8\v1.34\sources\common\float.c
		___ftpack      		CODE           	17B7	0000	67

C:\Program Files (x86)\Microchip\xc8\v1.34\sources\common\float.c estimated size: 67

C:\Program Files (x86)\Microchip\xc8\v1.34\sources\common\lwmod.c
		___lwmod       		CODE           	093B	0000	37

C:\Program Files (x86)\Microchip\xc8\v1.34\sources\common\lwmod.c estimated size: 37

C:\Program Files (x86)\Microchip\xc8\v1.34\sources\common\awmod.c
		___awmod       		CODE           	0F63	0000	62

C:\Program Files (x86)\Microchip\xc8\v1.34\sources\common\awmod.c estimated size: 62

C:\Program Files (x86)\Microchip\xc8\v1.34\sources\common\lbtoft.c
		___lbtoft      		CODE           	158D	0000	17

C:\Program Files (x86)\Microchip\xc8\v1.34\sources\common\lbtoft.c estimated size: 17

C:\Program Files (x86)\Microchip\xc8\v1.34\sources\common\ltmod.c
		___ltmod       		CODE           	1C31	0000	50

C:\Program Files (x86)\Microchip\xc8\v1.34\sources\common\ltmod.c estimated size: 50

C:\Program Files (x86)\Microchip\xc8\v1.34\sources\common\ftmul.c
		___ftmul       		CODE           	16D1	0000	124

C:\Program Files (x86)\Microchip\xc8\v1.34\sources\common\ftmul.c estimated size: 124

a2d.h
		_atod_init     		CODE           	07FA	0000	7
		_read_a2d_value		CODE           	1692	0000	39

a2d.h estimated size: 46

C:\Program Files (x86)\Microchip\xc8\v1.34\sources\common\lwtoft.c
		___lwtoft      		CODE           	17A7	0000	17

C:\Program Files (x86)\Microchip\xc8\v1.34\sources\common\lwtoft.c estimated size: 17

C:\Program Files (x86)\Microchip\xc8\v1.34\sources\common\ftdiv.c
		___ftdiv       		CODE           	159D	0000	105

C:\Program Files (x86)\Microchip\xc8\v1.34\sources\common\ftdiv.c estimated size: 105

shared
		PL12           		CODE           	0FBD	0000	9
		PL8            		CODE           	1CF9	0000	7
		PL22           		CODE           	1DDF	0000	8
		PL32           		CODE           	17F9	0000	8
		PL14           		CODE           	0FC5	0000	9
		i1_LCDTimeUpdat		CODE           	13B6	0000	142
		PL24           		CODE           	0FE9	0000	9
		__stringtab    		STRING         	1000	0000	7
		PL34           		CODE           	0FF9	0000	8
		PL16           		CODE           	0FCD	0000	11
		PL26           		CODE           	0FF1	0000	9
		PL36           		CODE           	1DF4	0000	8
		i1___lwdiv     		CODE           	145D	0000	43
		PL18           		CODE           	0FD7	0000	10
		PL28           		CODE           	1DE6	0000	8
		i1_LCD_print_ch		CODE           	1443	0000	27
		PL38           		CODE           	1DFB	0000	8
		i1___lwmod     		CODE           	1487	0000	37
		i1_lcd_add     		CODE           	14AB	0000	188
		__initializatio		CODE           	0013	0000	20
		i1_position    		CODE           	1566	0000	40
		PL2            		CODE           	1CE5	0000	21
		PL10           		CODE           	0FB2	0000	12
		PL4            		CODE           	0FA0	0000	10
		PL20           		CODE           	0FE0	0000	10
		PL30           		CODE           	1DED	0000	8
		PL6            		CODE           	0FA9	0000	10

shared estimated size: 687

C:\Program Files (x86)\Microchip\xc8\v1.34\sources\pic\eewrite.c
		_eeprom_write  		CODE           	07DA	0000	33

C:\Program Files (x86)\Microchip\xc8\v1.34\sources\pic\eewrite.c estimated size: 33

C:\Program Files (x86)\Microchip\xc8\v1.34\sources\common\lwdiv.c
		___lwdiv       		CODE           	0911	0000	43

C:\Program Files (x86)\Microchip\xc8\v1.34\sources\common\lwdiv.c estimated size: 43

C:\Program Files (x86)\Microchip\xc8\v1.34\sources\common\awdiv.c
		___awdiv       		CODE           	0F1E	0000	70

C:\Program Files (x86)\Microchip\xc8\v1.34\sources\common\awdiv.c estimated size: 70

C:\Program Files (x86)\Microchip\xc8\v1.34\sources\pic\eeread.c
		_eeprom_read   		CODE           	0800	0000	28

C:\Program Files (x86)\Microchip\xc8\v1.34\sources\pic\eeread.c estimated size: 28

setup.h
		_nop           		CODE           	116D	0000	6
		_Setup_IOports 		CODE           	1C17	0000	27

setup.h estimated size: 33

Automated Solar Panel Orientation Setter.c
		_Calculate     		CODE           	1CFF	0000	69
		_CheckMode     		CODE           	10DD	0000	145
		_RowNo         		CODE           	12F9	0000	26
		_main          		CODE           	063A	0000	3112
		_RotateMotorRig		CODE           	1D8F	0000	81
		_isr           		CODE           	1331	0000	134
		_CheckKeyPad   		CODE           	1172	0000	252
		_ColomnNo      		CODE           	126D	0000	141
		_LCDTimeUpdate 		CODE           	0862	0000	148
		_a2d_read      		CODE           	1605	0000	142
		_RotateMotorLef		CODE           	1D43	0000	77

Automated Solar Panel Orientation Setter.c estimated size: 4327

C:\Program Files (x86)\Microchip\xc8\v1.34\sources\common\Umul8.c
		___bmul        		CODE           	1BDE	0000	16

C:\Program Files (x86)\Microchip\xc8\v1.34\sources\common\Umul8.c estimated size: 16

C:\Program Files (x86)\Microchip\xc8\v1.34\sources\common\doprnt.c
		_printf        		CODE           	081B	0000	23

C:\Program Files (x86)\Microchip\xc8\v1.34\sources\common\doprnt.c estimated size: 23

C:\Program Files (x86)\Microchip\xc8\v1.34\sources\common\fttol.c
		___fttol       		CODE           	174C	0000	92

C:\Program Files (x86)\Microchip\xc8\v1.34\sources\common\fttol.c estimated size: 92

C:\Program Files (x86)\Microchip\xc8\v1.34\sources\common\ltdiv.c
		___ltdiv       		CODE           	1C62	0000	58

C:\Program Files (x86)\Microchip\xc8\v1.34\sources\common\ltdiv.c estimated size: 58

timer1.h
		_Timer1_Init   		CODE           	1BD0	0000	15

timer1.h estimated size: 15

C:\Program Files (x86)\Microchip\xc8\v1.34\sources\common\Umul16.c
		___wmul        		CODE           	16B8	0000	26

C:\Program Files (x86)\Microchip\xc8\v1.34\sources\common\Umul16.c estimated size: 26

serialv2.h
		_Serial_Init   		CODE           	10C1	0000	29
		_Serial_Print  		CODE           	1312	0000	32
		_Serial_Print_I		CODE           	0CD6	0000	282
		_Serial_NewLine		CODE           	1BFE	0000	26
		_Serial_Println		CODE           	0DEF	0000	304

serialv2.h estimated size: 673

